Archive member included to satisfy reference by file (symbol)

/Applications/STM32CubeIDE.app/Contents/Eclipse/plugins/com.st.stm32cube.ide.mcu.externaltools.gnu-tools-for-stm32.14.3.rel1.macosaarch64_1.0.0.202602081740/tools/bin/../lib/gcc/arm-none-eabi/14.3.1/../../../../arm-none-eabi/lib/thumb/v7e-m+fp/hard/libc_nano.a(libc_a-exit.o)
                              /Applications/STM32CubeIDE.app/Contents/Eclipse/plugins/com.st.stm32cube.ide.mcu.externaltools.gnu-tools-for-stm32.14.3.rel1.macosaarch64_1.0.0.202602081740/tools/bin/../lib/gcc/arm-none-eabi/14.3.1/../../../../arm-none-eabi/lib/thumb/v7e-m+fp/hard/crt0.o (exit)
/Applications/STM32CubeIDE.app/Contents/Eclipse/plugins/com.st.stm32cube.ide.mcu.externaltools.gnu-tools-for-stm32.14.3.rel1.macosaarch64_1.0.0.202602081740/tools/bin/../lib/gcc/arm-none-eabi/14.3.1/../../../../arm-none-eabi/lib/thumb/v7e-m+fp/hard/libc_nano.a(libc_a-findfp.o)
                              /Applications/STM32CubeIDE.app/Contents/Eclipse/plugins/com.st.stm32cube.ide.mcu.externaltools.gnu-tools-for-stm32.14.3.rel1.macosaarch64_1.0.0.202602081740/tools/bin/../lib/gcc/arm-none-eabi/14.3.1/../../../../arm-none-eabi/lib/thumb/v7e-m+fp/hard/libc_nano.a(libc_a-exit.o) (__stdio_exit_handler)
/Applications/STM32CubeIDE.app/Contents/Eclipse/plugins/com.st.stm32cube.ide.mcu.externaltools.gnu-tools-for-stm32.14.3.rel1.macosaarch64_1.0.0.202602081740/tools/bin/../lib/gcc/arm-none-eabi/14.3.1/../../../../arm-none-eabi/lib/thumb/v7e-m+fp/hard/libc_nano.a(libc_a-fwalk.o)
                              /Applications/STM32CubeIDE.app/Contents/Eclipse/plugins/com.st.stm32cube.ide.mcu.externaltools.gnu-tools-for-stm32.14.3.rel1.macosaarch64_1.0.0.202602081740/tools/bin/../lib/gcc/arm-none-eabi/14.3.1/../../../../arm-none-eabi/lib/thumb/v7e-m+fp/hard/libc_nano.a(libc_a-findfp.o) (_fwalk_sglue)
/Applications/STM32CubeIDE.app/Contents/Eclipse/plugins/com.st.stm32cube.ide.mcu.externaltools.gnu-tools-for-stm32.14.3.rel1.macosaarch64_1.0.0.202602081740/tools/bin/../lib/gcc/arm-none-eabi/14.3.1/../../../../arm-none-eabi/lib/thumb/v7e-m+fp/hard/libc_nano.a(libc_a-memset.o)
                              /Applications/STM32CubeIDE.app/Contents/Eclipse/plugins/com.st.stm32cube.ide.mcu.externaltools.gnu-tools-for-stm32.14.3.rel1.macosaarch64_1.0.0.202602081740/tools/bin/../lib/gcc/arm-none-eabi/14.3.1/../../../../arm-none-eabi/lib/thumb/v7e-m+fp/hard/crt0.o (memset)
/Applications/STM32CubeIDE.app/Contents/Eclipse/plugins/com.st.stm32cube.ide.mcu.externaltools.gnu-tools-for-stm32.14.3.rel1.macosaarch64_1.0.0.202602081740/tools/bin/../lib/gcc/arm-none-eabi/14.3.1/../../../../arm-none-eabi/lib/thumb/v7e-m+fp/hard/libc_nano.a(libc_a-errno.o)
                              ./Application/User/syscalls.o (__errno)
/Applications/STM32CubeIDE.app/Contents/Eclipse/plugins/com.st.stm32cube.ide.mcu.externaltools.gnu-tools-for-stm32.14.3.rel1.macosaarch64_1.0.0.202602081740/tools/bin/../lib/gcc/arm-none-eabi/14.3.1/../../../../arm-none-eabi/lib/thumb/v7e-m+fp/hard/libc_nano.a(libc_a-init.o)
                              /Applications/STM32CubeIDE.app/Contents/Eclipse/plugins/com.st.stm32cube.ide.mcu.externaltools.gnu-tools-for-stm32.14.3.rel1.macosaarch64_1.0.0.202602081740/tools/bin/../lib/gcc/arm-none-eabi/14.3.1/../../../../arm-none-eabi/lib/thumb/v7e-m+fp/hard/crt0.o (__libc_init_array)
/Applications/STM32CubeIDE.app/Contents/Eclipse/plugins/com.st.stm32cube.ide.mcu.externaltools.gnu-tools-for-stm32.14.3.rel1.macosaarch64_1.0.0.202602081740/tools/bin/../lib/gcc/arm-none-eabi/14.3.1/../../../../arm-none-eabi/lib/thumb/v7e-m+fp/hard/libc_nano.a(libc_a-lock.o)
                              /Applications/STM32CubeIDE.app/Contents/Eclipse/plugins/com.st.stm32cube.ide.mcu.externaltools.gnu-tools-for-stm32.14.3.rel1.macosaarch64_1.0.0.202602081740/tools/bin/../lib/gcc/arm-none-eabi/14.3.1/../../../../arm-none-eabi/lib/thumb/v7e-m+fp/hard/libc_nano.a(libc_a-findfp.o) (__retarget_lock_init_recursive)
/Applications/STM32CubeIDE.app/Contents/Eclipse/plugins/com.st.stm32cube.ide.mcu.externaltools.gnu-tools-for-stm32.14.3.rel1.macosaarch64_1.0.0.202602081740/tools/bin/../lib/gcc/arm-none-eabi/14.3.1/../../../../arm-none-eabi/lib/thumb/v7e-m+fp/hard/libc_nano.a(libc_a-impure.o)
                              /Applications/STM32CubeIDE.app/Contents/Eclipse/plugins/com.st.stm32cube.ide.mcu.externaltools.gnu-tools-for-stm32.14.3.rel1.macosaarch64_1.0.0.202602081740/tools/bin/../lib/gcc/arm-none-eabi/14.3.1/../../../../arm-none-eabi/lib/thumb/v7e-m+fp/hard/libc_nano.a(libc_a-errno.o) (_impure_ptr)
/Applications/STM32CubeIDE.app/Contents/Eclipse/plugins/com.st.stm32cube.ide.mcu.externaltools.gnu-tools-for-stm32.14.3.rel1.macosaarch64_1.0.0.202602081740/tools/bin/../lib/gcc/arm-none-eabi/14.3.1/../../../../arm-none-eabi/lib/thumb/v7e-m+fp/hard/libc_nano.a(libc_a-memcpy-stub.o)
                              ./Middlewares/MotorControl/mcpa.o (memcpy)
[...]
Memory Configuration

Name             Origin             Length             Attributes
RAM              0x20000000         0x00008000         xrw
FLASH            0x08000000         0x00020000         xr
*default*        0x00000000         0xffffffff

Linker script and memory map

LOAD /Applications/STM32CubeIDE.app/Contents/Eclipse/plugins/com.st.stm32cube.ide.mcu.externaltools.gnu-tools-for-stm32.14.3.rel1.macosaarch64_1.0.0.202602081740/tools/bin/../lib/gcc/arm-none-eabi/14.3.1/thumb/v7e-m+fp/hard/crti.o
LOAD /Applications/STM32CubeIDE.app/Contents/Eclipse/plugins/com.st.stm32cube.ide.mcu.externaltools.gnu-tools-for-stm32.14.3.rel1.macosaarch64_1.0.0.202602081740/tools/bin/../lib/gcc/arm-none-eabi/14.3.1/thumb/v7e-m+fp/hard/crtbegin.o
LOAD /Applications/STM32CubeIDE.app/Contents/Eclipse/plugins/com.st.stm32cube.ide.mcu.externaltools.gnu-tools-for-stm32.14.3.rel1.macosaarch64_1.0.0.202602081740/tools/bin/../lib/gcc/arm-none-eabi/14.3.1/../../../../arm-none-eabi/lib/thumb/v7e-m+fp/hard/crt0.o
LOAD ./Application/Startup/startup_stm32g431cbux.o
LOAD ./Application/User/aspep.o
LOAD ./Application/User/hf_registers.o
LOAD ./Application/User/main.o
LOAD ./Application/User/mc_api.o
LOAD ./Application/User/mc_app_hooks.o
LOAD ./Application/User/mc_config.o
LOAD ./Application/User/mc_config_common.o
LOAD ./Application/User/mc_configuration_registers.o
LOAD ./Application/User/mc_interface.o
LOAD ./Application/User/mc_math.o
LOAD ./Application/User/mc_parameters.o
LOAD ./Application/User/mc_tasks.o
LOAD ./Application/User/mc_tasks_foc.o
LOAD ./Application/User/mcp.o
LOAD ./Application/User/mcp_config.o
LOAD ./Application/User/motorcontrol.o
LOAD ./Application/User/pwm_common.o
LOAD ./Application/User/pwm_curr_fdbk.o
LOAD ./Application/User/regular_conversion_manager.o
LOAD ./Application/User/speed_torq_ctrl.o
LOAD ./Application/User/stm32_mc_common_it.o
LOAD ./Application/User/stm32g4xx_hal_msp.o
LOAD ./Application/User/stm32g4xx_it.o
LOAD ./Application/User/stm32g4xx_mc_it.o
LOAD ./Application/User/sync_registers.o
LOAD ./Application/User/syscalls.o
LOAD ./Application/User/sysmem.o
LOAD ./Application/User/usart_aspep_driver.o
LOAD ./Drivers/CMSIS/system_stm32g4xx.o
LOAD ./Drivers/STM32G4xx_HAL_Driver/stm32g4xx_hal.o
LOAD ./Drivers/STM32G4xx_HAL_Driver/stm32g4xx_hal_adc.o
LOAD ./Drivers/STM32G4xx_HAL_Driver/stm32g4xx_hal_adc_ex.o
LOAD ./Drivers/STM32G4xx_HAL_Driver/stm32g4xx_hal_comp.o
LOAD ./Drivers/STM32G4xx_HAL_Driver/stm32g4xx_hal_cordic.o
LOAD ./Drivers/STM32G4xx_HAL_Driver/stm32g4xx_hal_cortex.o
LOAD ./Drivers/STM32G4xx_HAL_Driver/stm32g4xx_hal_dac.o
LOAD ./Drivers/STM32G4xx_HAL_Driver/stm32g4xx_hal_dac_ex.o
LOAD ./Drivers/STM32G4xx_HAL_Driver/stm32g4xx_hal_dma.o
LOAD ./Drivers/STM32G4xx_HAL_Driver/stm32g4xx_hal_dma_ex.o
LOAD ./Drivers/STM32G4xx_HAL_Driver/stm32g4xx_hal_exti.o
LOAD ./Drivers/STM32G4xx_HAL_Driver/stm32g4xx_hal_flash.o
LOAD ./Drivers/STM32G4xx_HAL_Driver/stm32g4xx_hal_flash_ex.o
LOAD ./Drivers/STM32G4xx_HAL_Driver/stm32g4xx_hal_flash_ramfunc.o
LOAD ./Drivers/STM32G4xx_HAL_Driver/stm32g4xx_hal_gpio.o
LOAD ./Drivers/STM32G4xx_HAL_Driver/stm32g4xx_hal_opamp.o
LOAD ./Drivers/STM32G4xx_HAL_Driver/stm32g4xx_hal_opamp_ex.o
LOAD ./Drivers/STM32G4xx_HAL_Driver/stm32g4xx_hal_pwr.o
LOAD ./Drivers/STM32G4xx_HAL_Driver/stm32g4xx_hal_pwr_ex.o
LOAD ./Drivers/STM32G4xx_HAL_Driver/stm32g4xx_hal_rcc.o
LOAD ./Drivers/STM32G4xx_HAL_Driver/stm32g4xx_hal_rcc_ex.o
LOAD ./Drivers/STM32G4xx_HAL_Driver/stm32g4xx_hal_tim.o
LOAD ./Drivers/STM32G4xx_HAL_Driver/stm32g4xx_hal_tim_ex.o
LOAD ./Drivers/STM32G4xx_HAL_Driver/stm32g4xx_hal_uart.o
LOAD ./Drivers/STM32G4xx_HAL_Driver/stm32g4xx_hal_uart_ex.o
LOAD ./Drivers/STM32G4xx_HAL_Driver/stm32g4xx_ll_adc.o
LOAD ./Middlewares/MotorControl/bus_voltage_sensor.o
LOAD ./Middlewares/MotorControl/circle_limitation.o
LOAD ./Middlewares/MotorControl/digital_output.o
LOAD ./Middlewares/MotorControl/mcpa.o
LOAD ./Middlewares/MotorControl/ntc_temperature_sensor.o
LOAD ./Middlewares/MotorControl/open_loop.o
LOAD ./Middlewares/MotorControl/pid_regulator.o
LOAD ./Middlewares/MotorControl/pqd_motor_power_measurement.o
LOAD ./Middlewares/MotorControl/r3_2_g4xx_pwm_curr_fdbk.o
LOAD ./Middlewares/MotorControl/r_divider_bus_voltage_sensor.o
LOAD ./Middlewares/MotorControl/ramp_ext_mngr.o
LOAD ./Middlewares/MotorControl/revup_ctrl.o
LOAD ./Middlewares/MotorControl/speed_pos_fdbk.o
LOAD ./Middlewares/MotorControl/sto_pll_speed_pos_fdbk.o
LOAD ./Middlewares/MotorControl/virtual_speed_sensor.o
START GROUP
LOAD /Applications/STM32CubeIDE.app/Contents/Eclipse/plugins/com.st.stm32cube.ide.mcu.externaltools.gnu-tools-for-stm32.14.3.rel1.macosaarch64_1.0.0.202602081740/tools/bin/../lib/gcc/arm-none-eabi/14.3.1/../../../../arm-none-eabi/lib/thumb/v7e-m+fp/hard/libc_nano.a
LOAD /Applications/STM32CubeIDE.app/Contents/Eclipse/plugins/com.st.stm32cube.ide.mcu.externaltools.gnu-tools-for-stm32.14.3.rel1.macosaarch64_1.0.0.202602081740/tools/bin/../lib/gcc/arm-none-eabi/14.3.1/../../../../arm-none-eabi/lib/thumb/v7e-m+fp/hard/libm.a
END GROUP
START GROUP
LOAD /Applications/STM32CubeIDE.app/Contents/Eclipse/plugins/com.st.stm32cube.ide.mcu.externaltools.gnu-tools-for-stm32.14.3.rel1.macosaarch64_1.0.0.202602081740/tools/bin/../lib/gcc/arm-none-eabi/14.3.1/thumb/v7e-m+fp/hard/libgcc.a
LOAD /Applications/STM32CubeIDE.app/Contents/Eclipse/plugins/com.st.stm32cube.ide.mcu.externaltools.gnu-tools-for-stm32.14.3.rel1.macosaarch64_1.0.0.202602081740/tools/bin/../lib/gcc/arm-none-eabi/14.3.1/../../../../arm-none-eabi/lib/thumb/v7e-m+fp/hard/libc_nano.a
END GROUP
START GROUP
LOAD /Applications/STM32CubeIDE.app/Contents/Eclipse/plugins/com.st.stm32cube.ide.mcu.externaltools.gnu-tools-for-stm32.14.3.rel1.macosaarch64_1.0.0.202602081740/tools/bin/../lib/gcc/arm-none-eabi/14.3.1/thumb/v7e-m+fp/hard/libgcc.a
LOAD /Applications/STM32CubeIDE.app/Contents/Eclipse/plugins/com.st.stm32cube.ide.mcu.externaltools.gnu-tools-for-stm32.14.3.rel1.macosaarch64_1.0.0.202602081740/tools/bin/../lib/gcc/arm-none-eabi/14.3.1/../../../../arm-none-eabi/lib/thumb/v7e-m+fp/hard/libc_nano.a
LOAD /Applications/STM32CubeIDE.app/Contents/Eclipse/plugins/com.st.stm32cube.ide.mcu.externaltools.gnu-tools-for-stm32.14.3.rel1.macosaarch64_1.0.0.202602081740/tools/bin/../lib/gcc/arm-none-eabi/14.3.1/../../../../arm-none-eabi/lib/thumb/v7e-m+fp/hard/libnosys.a
END GROUP
START GROUP
LOAD /Applications/STM32CubeIDE.app/Contents/Eclipse/plugins/com.st.stm32cube.ide.mcu.externaltools.gnu-tools-for-stm32.14.3.rel1.macosaarch64_1.0.0.202602081740/tools/bin/../lib/gcc/arm-none-eabi/14.3.1/thumb/v7e-m+fp/hard/libgcc.a
LOAD /Applications/STM32CubeIDE.app/Contents/Eclipse/plugins/com.st.stm32cube.ide.mcu.externaltools.gnu-tools-for-stm32.14.3.rel1.macosaarch64_1.0.0.202602081740/tools/bin/../lib/gcc/arm-none-eabi/14.3.1/../../../../arm-none-eabi/lib/thumb/v7e-m+fp/hard/libc_nano.a
LOAD /Applications/STM32CubeIDE.app/Contents/Eclipse/plugins/com.st.stm32cube.ide.mcu.externaltools.gnu-tools-for-stm32.14.3.rel1.macosaarch64_1.0.0.202602081740/tools/bin/../lib/gcc/arm-none-eabi/14.3.1/../../../../arm-none-eabi/lib/thumb/v7e-m+fp/hard/libnosys.a
END GROUP
LOAD /Applications/STM32CubeIDE.app/Contents/Eclipse/plugins/com.st.stm32cube.ide.mcu.externaltools.gnu-tools-for-stm32.14.3.rel1.macosaarch64_1.0.0.202602081740/tools/bin/../lib/gcc/arm-none-eabi/14.3.1/thumb/v7e-m+fp/hard/crtend.o
LOAD /Applications/STM32CubeIDE.app/Contents/Eclipse/plugins/com.st.stm32cube.ide.mcu.externaltools.gnu-tools-for-stm32.14.3.rel1.macosaarch64_1.0.0.202602081740/tools/bin/../lib/gcc/arm-none-eabi/14.3.1/thumb/v7e-m+fp/hard/crtn.o
                0x20008000                        _estack = (ORIGIN (RAM) + LENGTH (RAM))
                0x00000200                        _Min_Heap_Size = 0x200
                0x00000400                        _Min_Stack_Size = 0x400

.isr_vector     0x08000000      0x1d8
                0x08000000                        . = ALIGN (0x4)
 *(.isr_vector)
 .isr_vector    0x08000000      0x1d8 ./Application/Startup/startup_stm32g431cbux.o
                0x08000000                g_pfnVectors
                0x080001d8                        . = ALIGN (0x4)

.text           0x080001d8     0x67a0
                0x080001d8                        . = ALIGN (0x4)
 *(.text)
 .text          0x080001d8       0x40 /Applications/STM32CubeIDE.app/Contents/Eclipse/plugins/com.st.stm32cube.ide.mcu.externaltools.gnu-tools-for-stm32.14.3.rel1.macosaarch64_1.0.0.202602081740/tools/bin/../lib/gcc/arm-none-eabi/14.3.1/thumb/v7e-m+fp/hard/crtbegin.o
 .text          0x08000218       0x30 /Applications/STM32CubeIDE.app/Contents/Eclipse/plugins/com.st.stm32cube.ide.mcu.externaltools.gnu-tools-for-stm32.14.3.rel1.macosaarch64_1.0.0.202602081740/tools/bin/../lib/gcc/arm-none-eabi/14.3.1/thumb/v7e-m+fp/hard/libgcc.a(_aeabi_uldivmod.o)
                0x08000218                __aeabi_uldivmod
 .text          0x08000248      0x2f8 /Applications/STM32CubeIDE.app/Contents/Eclipse/plugins/com.st.stm32cube.ide.mcu.externaltools.gnu-tools-for-stm32.14.3.rel1.macosaarch64_1.0.0.202602081740/tools/bin/../lib/gcc/arm-none-eabi/14.3.1/thumb/v7e-m+fp/hard/libgcc.a(_udivmoddi4.o)
                0x08000248                __udivmoddi4
 .text          0x08000540        0x4 /Applications/STM32CubeIDE.app/Contents/Eclipse/plugins/com.st.stm32cube.ide.mcu.externaltools.gnu-tools-for-stm32.14.3.rel1.macosaarch64_1.0.0.202602081740/tools/bin/../lib/gcc/arm-none-eabi/14.3.1/thumb/v7e-m+fp/hard/libgcc.a(_dvmd_tls.o)
                0x08000540                __aeabi_ldiv0
                0x08000540                __aeabi_idiv0
 *(.text*)
 .text.Reset_Handler
                0x08000544       0x50 ./Application/Startup/startup_stm32g431cbux.o
                0x08000544                Reset_Handler
 .text.Default_Handler
                0x08000594        0x2 ./Application/Startup/startup_stm32g431cbux.o
                0x08000594                COMP4_IRQHandler
                0x08000594                EXTI2_IRQHandler
                0x08000594                TIM8_TRG_COM_IRQHandler
                0x08000594                TIM8_CC_IRQHandler
                0x08000594                DebugMon_Handler
                0x08000594                TIM1_CC_IRQHandler
                0x08000594                USB_HP_IRQHandler
                0x08000594                CORDIC_IRQHandler
                0x08000594                PendSV_Handler
                0x08000594                NMI_Handler
                0x08000594                EXTI3_IRQHandler
                0x08000594                I2C3_ER_IRQHandler
                0x08000594                EXTI0_IRQHandler
                0x08000594                I2C2_EV_IRQHandler
                0x08000594                FPU_IRQHandler
                0x08000594                FDCAN1_IT1_IRQHandler
                0x08000594                UsageFault_Handler
                0x08000594                SPI1_IRQHandler
                0x08000594                TIM6_DAC_IRQHandler
                0x08000594                TIM8_UP_IRQHandler
                0x08000594                DMA2_Channel2_IRQHandler
                0x08000594                DMA1_Channel4_IRQHandler
                0x08000594                USART3_IRQHandler
                0x08000594                TIM4_IRQHandler
                0x08000594                DMA2_Channel1_IRQHandler
                0x08000594                I2C1_EV_IRQHandler
                0x08000594                DMA1_Channel6_IRQHandler
                0x08000594                UART4_IRQHandler
                0x08000594                DMA2_Channel4_IRQHandler
                0x08000594                TIM3_IRQHandler
                0x08000594                RCC_IRQHandler
                0x08000594                DMA1_Channel1_IRQHandler
                0x08000594                Default_Handler
                0x08000594                RTC_TAMP_LSECSS_IRQHandler
                0x08000594                FMAC_IRQHandler
                0x08000594                TIM7_IRQHandler
                0x08000594                UCPD1_IRQHandler
                0x08000594                I2C3_EV_IRQHandler
                0x08000594                EXTI9_5_IRQHandler
                0x08000594                RTC_WKUP_IRQHandler
                0x08000594                PVD_PVM_IRQHandler
                0x08000594                SPI2_IRQHandler
                0x08000594                MemManage_Handler
                0x08000594                SVC_Handler
                0x08000594                DMA2_Channel5_IRQHandler
                0x08000594                CRS_IRQHandler
                0x08000594                DMA1_Channel5_IRQHandler
                0x08000594                USB_LP_IRQHandler
                0x08000594                EXTI4_IRQHandler
                0x08000594                RNG_IRQHandler
                0x08000594                TIM1_TRG_COM_TIM17_IRQHandler
                0x08000594                DMA1_Channel3_IRQHandler
                0x08000594                WWDG_IRQHandler
                0x08000594                LPUART1_IRQHandler
                0x08000594                DMA2_Channel6_IRQHandler
                0x08000594                FDCAN1_IT0_IRQHandler
                0x08000594                TIM2_IRQHandler
                0x08000594                COMP1_2_3_IRQHandler
                0x08000594                EXTI1_IRQHandler
                0x08000594                I2C2_ER_IRQHandler
                0x08000594                DMA1_Channel2_IRQHandler
                0x08000594                TIM8_BRK_IRQHandler
                0x08000594                FLASH_IRQHandler
                0x08000594                BusFault_Handler
                0x08000594                USART1_IRQHandler
                0x08000594                SPI3_IRQHandler
                0x08000594                I2C1_ER_IRQHandler
                0x08000594                LPTIM1_IRQHandler
                0x08000594                DMAMUX_OVR_IRQHandler
                0x08000594                USBWakeUp_IRQHandler
                0x08000594                SAI1_IRQHandler
                0x08000594                DMA2_Channel3_IRQHandler
                0x08000594                RTC_Alarm_IRQHandler
 *fill*         0x08000596        0x2 
 .text.ASPEP_sendBeacon
                0x08000598       0x8c ./Application/User/aspep.o
                0x08000598                ASPEP_sendBeacon
 .text.ASPEP_sendPing
                0x08000624       0x8c ./Application/User/aspep.o
                0x08000624                ASPEP_sendPing
 .text.ASPEP_getBuffer
                0x080006b0       0x60 ./Application/User/aspep.o
                0x080006b0                ASPEP_getBuffer
 .text.ASPEP_sendPacket
                0x08000710      0x114 ./Application/User/aspep.o
                0x08000710                ASPEP_sendPacket
 .text.ASPEP_RXframeProcess
                0x08000824      0x2b8 ./Application/User/aspep.o
                0x08000824                ASPEP_RXframeProcess
 .text.HF_GetIDSize
                0x08000adc       0x18 ./Application/User/hf_registers.o
                0x08000adc                HF_GetIDSize
 .text.HF_GetPtrReg
                0x08000af4      0x138 ./Application/User/hf_registers.o
                0x08000af4                HF_GetPtrReg
 *fill*         0x08000c2c        0x4 
 .text.SystemClock_Config
                0x08000c30       0x78 ./Application/User/main.o
                0x08000c30                SystemClock_Config
 .text.startup.main
                0x08000ca8      0x120 ./Application/User/main.o
                0x08000ca8                main
 .text.Error_Handler
                0x08000dc8        0x4 ./Application/User/main.o
                0x08000dc8                Error_Handler
 .text.MC_StartMotor1
                0x08000dcc        0xc ./Application/User/mc_api.o
                0x08000dcc                MC_StartMotor1
 .text.MC_StopMotor1
                0x08000dd8        0xc ./Application/User/mc_api.o
                0x08000dd8                MC_StopMotor1
 .text.MC_GetSTMStateMotor1
                0x08000de4        0xc ./Application/User/mc_api.o
                0x08000de4                MC_GetSTMStateMotor1
 .text.MC_ProfilerCommand
                0x08000df0        0x4 ./Application/User/mc_api.o
                0x08000df0                MC_ProfilerCommand
 .text.MC_APP_PostMediumFrequencyHook_M1
                0x08000df4        0x4 ./Application/User/mc_app_hooks.o
                0x08000df4                MC_APP_PostMediumFrequencyHook_M1
 .text.MCI_ExecSpeedRamp
                0x08000df8       0x14 ./Application/User/mc_interface.o
                0x08000df8                MCI_ExecSpeedRamp
 .text.MCI_ExecTorqueRamp
                0x08000e0c       0x14 ./Application/User/mc_interface.o
                0x08000e0c                MCI_ExecTorqueRamp
 .text.MCI_SetCurrentReferences
                0x08000e20       0x14 ./Application/User/mc_interface.o
                0x08000e20                MCI_SetCurrentReferences
 .text.MCI_FaultProcessing
                0x08000e34       0x18 ./Application/User/mc_interface.o
                0x08000e34                MCI_FaultProcessing
 .text.MCI_ExecBufferedCommands
                0x08000e4c       0x70 ./Application/User/mc_interface.o
                0x08000e4c                MCI_ExecBufferedCommands
 .text.MCI_GetSTMState
                0x08000ebc        0x4 ./Application/User/mc_interface.o
                0x08000ebc                MCI_GetSTMState
 .text.MCI_GetOccurredFaults
                0x08000ec0        0x4 ./Application/User/mc_interface.o
                0x08000ec0                MCI_GetOccurredFaults
 .text.MCI_GetCurrentFaults
                0x08000ec4        0x4 ./Application/User/mc_interface.o
                0x08000ec4                MCI_GetCurrentFaults
 .text.MCI_StartMotor
                0x08000ec8       0x2c ./Application/User/mc_interface.o
                0x08000ec8                MCI_StartMotor
 .text.MCI_StopMotor
                0x08000ef4       0x34 ./Application/User/mc_interface.o
                0x08000ef4                MCI_StopMotor
 .text.MCI_FaultAcknowledged
                0x08000f28       0x24 ./Application/User/mc_interface.o
                0x08000f28                MCI_FaultAcknowledged
 .text.MCI_GetFaultState
                0x08000f4c        0xc ./Application/User/mc_interface.o
                0x08000f4c                MCI_GetFaultState
 .text.MCI_GetControlMode
                0x08000f58        0x4 ./Application/User/mc_interface.o
                0x08000f58                MCI_GetControlMode
 .text.MCI_GetImposedMotorDirection
                0x08000f5c       0x44 ./Application/User/mc_interface.o
                0x08000f5c                MCI_GetImposedMotorDirection
 .text.MCI_GetLastRampFinalSpeed
                0x08000fa0        0x8 ./Application/User/mc_interface.o
                0x08000fa0                MCI_GetLastRampFinalSpeed
 .text.MCI_GetLastRampFinalTorque
                0x08000fa8        0x8 ./Application/User/mc_interface.o
                0x08000fa8                MCI_GetLastRampFinalTorque
 .text.MCI_GetLastRampFinalDuration
                0x08000fb0        0x4 ./Application/User/mc_interface.o
                0x08000fb0                MCI_GetLastRampFinalDuration
 .text.MCI_StopRamp
                0x08000fb4        0xc ./Application/User/mc_interface.o
                0x08000fb4                MCI_StopRamp
 .text.MCI_GetAvrgMecSpeedUnit
                0x08000fc0        0x8 ./Application/User/mc_interface.o
                0x08000fc0                MCI_GetAvrgMecSpeedUnit
 .text.MCI_GetMecSpeedRefUnit
                0x08000fc8        0x8 ./Application/User/mc_interface.o
                0x08000fc8                MCI_GetMecSpeedRefUnit
 .text.MCI_GetIab
                0x08000fd0       0x14 ./Application/User/mc_interface.o
                0x08000fd0                MCI_GetIab
 .text.MCI_GetIalphabeta
                0x08000fe4       0x14 ./Application/User/mc_interface.o
                0x08000fe4                MCI_GetIalphabeta
 .text.MCI_GetIqd
                0x08000ff8       0x14 ./Application/User/mc_interface.o
                0x08000ff8                MCI_GetIqd
 .text.MCI_GetIqdref
                0x0800100c       0x14 ./Application/User/mc_interface.o
                0x0800100c                MCI_GetIqdref
 .text.MCI_GetVqd
                0x08001020       0x14 ./Application/User/mc_interface.o
                0x08001020                MCI_GetVqd
 .text.MCI_GetValphabeta
                0x08001034       0x14 ./Application/User/mc_interface.o
                0x08001034                MCI_GetValphabeta
 .text.MCI_GetTeref
                0x08001048        0x8 ./Application/User/mc_interface.o
                0x08001048                MCI_GetTeref
 .text.MCI_Clear_Iqdref
                0x08001050       0x14 ./Application/User/mc_interface.o
                0x08001050                MCI_Clear_Iqdref
 .text.MCM_Clarke
                0x08001064       0x54 ./Application/User/mc_math.o
                0x08001064                MCM_Clarke
 .text.MCM_Trig_Functions
                0x080010b8       0x20 ./Application/User/mc_math.o
                0x080010b8                MCM_Trig_Functions
 .text.MCM_Park
                0x080010d8       0x84 ./Application/User/mc_math.o
                0x080010d8                MCM_Park
 .text.MCM_Rev_Park
                0x0800115c       0x3c ./Application/User/mc_math.o
                0x0800115c                MCM_Rev_Park
 .text.MCM_Sqrt
                0x08001198       0x20 ./Application/User/mc_math.o
                0x08001198                MCM_Sqrt
 .text.TSK_SetChargeBootCapDelayM1
                0x080011b8        0xc ./Application/User/mc_tasks.o
                0x080011b8                TSK_SetChargeBootCapDelayM1
 .text.TSK_ChargeBootCapDelayHasElapsedM1
                0x080011c4       0x14 ./Application/User/mc_tasks.o
                0x080011c4                TSK_ChargeBootCapDelayHasElapsedM1
 .text.TSK_SetStopPermanencyTimeM1
                0x080011d8        0xc ./Application/User/mc_tasks.o
                0x080011d8                TSK_SetStopPermanencyTimeM1
 .text.TSK_StopPermanencyTimeHasElapsedM1
                0x080011e4       0x14 ./Application/User/mc_tasks.o
                0x080011e4                TSK_StopPermanencyTimeHasElapsedM1
 .text.TSK_HighFrequencyTask
                0x080011f8       0x2c ./Application/User/mc_tasks.o
                0x080011f8                TSK_HighFrequencyTask
 .text.TSK_SafetyTask_PWMOFF
                0x08001224       0x88 ./Application/User/mc_tasks.o
                0x08001224                TSK_SafetyTask_PWMOFF
 .text.TSK_SafetyTask
                0x080012ac       0x18 ./Application/User/mc_tasks.o
                0x080012ac                TSK_SafetyTask
 .text.MC_RunMotorControlTasks
                0x080012c4       0x90 ./Application/User/mc_tasks.o
                0x080012c4                MC_RunMotorControlTasks
 .text.TSK_HardwareFaultTask
                0x08001354       0x1c ./Application/User/mc_tasks.o
                0x08001354                TSK_HardwareFaultTask
 .text.UI_HandleStartStopButton_cb
                0x08001370       0x18 ./Application/User/mc_tasks.o
                0x08001370                UI_HandleStartStopButton_cb
 .text.FOC_Clear
                0x08001388       0x5c ./Application/User/mc_tasks_foc.o
                0x08001388                FOC_Clear
 .text.FOC_InitAdditionalMethods
                0x080013e4        0x4 ./Application/User/mc_tasks_foc.o
                0x080013e4                FOC_InitAdditionalMethods
 .text.FOC_CalcCurrRef
                0x080013e8       0x54 ./Application/User/mc_tasks_foc.o
                0x080013e8                FOC_CalcCurrRef
 .text.TSK_MediumFrequencyTaskM1
                0x0800143c      0x328 ./Application/User/mc_tasks_foc.o
                0x0800143c                TSK_MediumFrequencyTaskM1
 .text.FOC_HighFrequencyTask
                0x08001764      0x1a8 ./Application/User/mc_tasks_foc.o
                0x08001764                FOC_HighFrequencyTask
 .text.RI_SetRegCommandParser
                0x0800190c       0xe0 ./Application/User/mcp.o
                0x0800190c                RI_SetRegCommandParser
 .text.RI_GetRegCommandParser
                0x080019ec       0x8c ./Application/User/mcp.o
                0x080019ec                RI_GetRegCommandParser
 .text.MCP_ReceivedPacket
                0x08001a78      0x188 ./Application/User/mcp.o
                0x08001a78                MCP_ReceivedPacket
 .text.waitForPolarizationEnd
                0x08001c00       0x3c ./Application/User/pwm_common.o
                0x08001c00                waitForPolarizationEnd
 .text.PWMC_SetPhaseVoltage
                0x08001c3c      0x248 ./Application/User/pwm_curr_fdbk.o
                0x08001c3c                PWMC_SetPhaseVoltage
 .text.PWMC_SwitchOffPWM
                0x08001e84        0x4 ./Application/User/pwm_curr_fdbk.o
                0x08001e84                PWMC_SwitchOffPWM
 .text.PWMC_SwitchOnPWM
                0x08001e88        0x4 ./Application/User/pwm_curr_fdbk.o
                0x08001e88                PWMC_SwitchOnPWM
 .text.PWMC_CurrentReadingCalibr
                0x08001e8c       0x38 ./Application/User/pwm_curr_fdbk.o
                0x08001e8c                PWMC_CurrentReadingCalibr
 .text.PWMC_OCP_Handler
                0x08001ec4       0x14 ./Application/User/pwm_curr_fdbk.o
                0x08001ec4                PWMC_OCP_Handler
 .text.PWMC_OVP_Handler
                0x08001ed8       0x1c ./Application/User/pwm_curr_fdbk.o
                0x08001ed8                PWMC_OVP_Handler
 .text.PWMC_IsFaultOccurred
                0x08001ef4       0x38 ./Application/User/pwm_curr_fdbk.o
                0x08001ef4                PWMC_IsFaultOccurred
 .text.RCM_ExecNextConv
                0x08001f2c       0x6c ./Application/User/regular_conversion_manager.o
                0x08001f2c                RCM_ExecNextConv
 .text.RCM_ReadOngoingConv
                0x08001f98       0x44 ./Application/User/regular_conversion_manager.o
                0x08001f98                RCM_ReadOngoingConv
 .text.STC_SetSpeedSensor
                0x08001fdc        0x4 ./Application/User/speed_torq_ctrl.o
                0x08001fdc                STC_SetSpeedSensor
 .text.STC_Clear
                0x08001fe0       0x18 ./Application/User/speed_torq_ctrl.o
                0x08001fe0                STC_Clear
 .text.STC_GetMecSpeedRefUnit
                0x08001ff8        0x8 ./Application/User/speed_torq_ctrl.o
                0x08001ff8                STC_GetMecSpeedRefUnit
 .text.STC_SetControlMode
                0x08002000        0x8 ./Application/User/speed_torq_ctrl.o
                0x08002000                STC_SetControlMode
 .text.STC_ExecRamp
                0x08002008       0x90 ./Application/User/speed_torq_ctrl.o
                0x08002008                STC_ExecRamp
 .text.STC_CalcTorqueReference
                0x08002098       0x6c ./Application/User/speed_torq_ctrl.o
                0x08002098                STC_CalcTorqueReference
 .text.STC_GetDefaultIqdref
                0x08002104        0xc ./Application/User/speed_torq_ctrl.o
                0x08002104                STC_GetDefaultIqdref
 .text.STC_ForceSpeedReferenceToCurrentSpeed
                0x08002110       0x10 ./Application/User/speed_torq_ctrl.o
                0x08002110                STC_ForceSpeedReferenceToCurrentSpeed
 .text.USART2_IRQHandler
                0x08002120        0x4 ./Application/User/stm32_mc_common_it.o
                0x08002120                USART2_IRQHandler
 .text.HardFault_Handler
                0x08002124        0x8 ./Application/User/stm32_mc_common_it.o
                0x08002124                HardFault_Handler
 .text.SysTick_Handler
                0x0800212c        0x4 ./Application/User/stm32_mc_common_it.o
                0x0800212c                SysTick_Handler
 .text.EXTI15_10_IRQHandler
                0x08002130       0x18 ./Application/User/stm32_mc_common_it.o
                0x08002130                EXTI15_10_IRQHandler
 .text.HAL_MspInit
                0x08002148       0x40 ./Application/User/stm32g4xx_hal_msp.o
                0x08002148                HAL_MspInit
 .text.HAL_UART_MspInit
                0x08002188      0x10c ./Application/User/stm32g4xx_hal_msp.o
                0x08002188                HAL_UART_MspInit
 .text.ADC1_2_IRQHandler
                0x08002294       0x10 ./Application/User/stm32g4xx_mc_it.o
                0x08002294                ADC1_2_IRQHandler
 .text.TIM1_UP_TIM16_IRQHandler
                0x080022a4       0x18 ./Application/User/stm32g4xx_mc_it.o
                0x080022a4                TIM1_UP_TIM16_IRQHandler
 .text.TIM1_BRK_TIM15_IRQHandler
                0x080022bc       0x3c ./Application/User/stm32g4xx_mc_it.o
                0x080022bc                TIM1_BRK_TIM15_IRQHandler
 .text.RI_SetRegisterGlobal
                0x080022f8      0x104 ./Application/User/sync_registers.o
                0x080022f8                RI_SetRegisterGlobal
 .text.RI_SetRegisterMotor1
                0x080023fc      0x5c4 ./Application/User/sync_registers.o
                0x080023fc                RI_SetRegisterMotor1
 .text.RI_GetRegisterGlobal
                0x080029c0      0x134 ./Application/User/sync_registers.o
                0x080029c0                RI_GetRegisterGlobal
 .text.RI_GetRegisterMotor1
                0x08002af4      0x7d0 ./Application/User/sync_registers.o
                0x08002af4                RI_GetRegisterMotor1
 .text.UASPEP_INIT
                0x080032c4       0x84 ./Application/User/usart_aspep_driver.o
                0x080032c4                UASPEP_INIT
 .text.UASPEP_CFG_TRANSMISSION
                0x08003348       0x38 ./Application/User/usart_aspep_driver.o
                0x08003348                UASPEP_CFG_TRANSMISSION
 .text.UASPEP_CFG_RECEPTION
                0x08003380       0x3c ./Application/User/usart_aspep_driver.o
                0x08003380                UASPEP_CFG_RECEPTION
 .text.UASPEP_IDLE_ENABLE
                0x080033bc       0x18 ./Application/User/usart_aspep_driver.o
                0x080033bc                UASPEP_IDLE_ENABLE
 .text.SystemInit
                0x080033d4       0x14 ./Drivers/CMSIS/system_stm32g4xx.o
                0x080033d4                SystemInit
 .text.HAL_InitTick
                0x080033e8       0x4c ./Drivers/STM32G4xx_HAL_Driver/stm32g4xx_hal.o
                0x080033e8                HAL_InitTick
 .text.HAL_Init
                0x08003434       0x30 ./Drivers/STM32G4xx_HAL_Driver/stm32g4xx_hal.o
                0x08003434                HAL_Init
 .text.HAL_IncTick
                0x08003464       0x18 ./Drivers/STM32G4xx_HAL_Driver/stm32g4xx_hal.o
                0x08003464                HAL_IncTick
 .text.HAL_GetTick
                0x0800347c        0xc ./Drivers/STM32G4xx_HAL_Driver/stm32g4xx_hal.o
                0x0800347c                HAL_GetTick
 .text.HAL_NVIC_SetPriorityGrouping
                0x08003488       0x24 ./Drivers/STM32G4xx_HAL_Driver/stm32g4xx_hal_cortex.o
                0x08003488                HAL_NVIC_SetPriorityGrouping
 .text.HAL_NVIC_SetPriority
                0x080034ac       0x74 ./Drivers/STM32G4xx_HAL_Driver/stm32g4xx_hal_cortex.o
                0x080034ac                HAL_NVIC_SetPriority
 .text.HAL_NVIC_SystemReset
                0x08003520       0x24 ./Drivers/STM32G4xx_HAL_Driver/stm32g4xx_hal_cortex.o
                0x08003520                HAL_NVIC_SystemReset
 .text.HAL_SYSTICK_Config
                0x08003544       0x34 ./Drivers/STM32G4xx_HAL_Driver/stm32g4xx_hal_cortex.o
                0x08003544                HAL_SYSTICK_Config
 .text.HAL_DMA_Init
                0x08003578      0x12c ./Drivers/STM32G4xx_HAL_Driver/stm32g4xx_hal_dma.o
                0x08003578                HAL_DMA_Init
 .text.HAL_GPIO_Init
                0x080036a4      0x37c ./Drivers/STM32G4xx_HAL_Driver/stm32g4xx_hal_gpio.o
                0x080036a4                HAL_GPIO_Init
 .text.HAL_PWREx_ControlVoltageScaling
                0x08003a20       0xe4 ./Drivers/STM32G4xx_HAL_Driver/stm32g4xx_hal_pwr_ex.o
                0x08003a20                HAL_PWREx_ControlVoltageScaling
 .text.HAL_PWREx_DisableUCPDDeadBattery
                0x08003b04       0x10 ./Drivers/STM32G4xx_HAL_Driver/stm32g4xx_hal_pwr_ex.o
                0x08003b04                HAL_PWREx_DisableUCPDDeadBattery
 .text.HAL_RCC_OscConfig
                0x08003b14      0x484 ./Drivers/STM32G4xx_HAL_Driver/stm32g4xx_hal_rcc.o
                0x08003b14                HAL_RCC_OscConfig
 .text.HAL_RCC_GetSysClockFreq
                0x08003f98       0x70 ./Drivers/STM32G4xx_HAL_Driver/stm32g4xx_hal_rcc.o
                0x08003f98                HAL_RCC_GetSysClockFreq
 .text.HAL_RCC_ClockConfig
                0x08004008      0x208 ./Drivers/STM32G4xx_HAL_Driver/stm32g4xx_hal_rcc.o
                0x08004008                HAL_RCC_ClockConfig
 .text.HAL_RCC_GetPCLK1Freq
                0x08004210       0x24 ./Drivers/STM32G4xx_HAL_Driver/stm32g4xx_hal_rcc.o
                0x08004210                HAL_RCC_GetPCLK1Freq
 .text.HAL_RCC_GetPCLK2Freq
                0x08004234       0x24 ./Drivers/STM32G4xx_HAL_Driver/stm32g4xx_hal_rcc.o
                0x08004234                HAL_RCC_GetPCLK2Freq
 .text.HAL_RCC_EnableCSS
                0x08004258       0x10 ./Drivers/STM32G4xx_HAL_Driver/stm32g4xx_hal_rcc.o
                0x08004258                HAL_RCC_EnableCSS
 .text.HAL_RCCEx_PeriphCLKConfig
                0x08004268      0x2a0 ./Drivers/STM32G4xx_HAL_Driver/stm32g4xx_hal_rcc_ex.o
                0x08004268                HAL_RCCEx_PeriphCLKConfig
 .text.HAL_UART_Transmit
                0x08004508      0x14c ./Drivers/STM32G4xx_HAL_Driver/stm32g4xx_hal_uart.o
                0x08004508                HAL_UART_Transmit
 .text.HAL_UART_Receive
                0x08004654      0x22c ./Drivers/STM32G4xx_HAL_Driver/stm32g4xx_hal_uart.o
                0x08004654                HAL_UART_Receive
 .text.UART_SetConfig
                0x08004880      0x278 ./Drivers/STM32G4xx_HAL_Driver/stm32g4xx_hal_uart.o
                0x08004880                UART_SetConfig
 .text.UART_AdvFeatureConfig
                0x08004af8       0xb0 ./Drivers/STM32G4xx_HAL_Driver/stm32g4xx_hal_uart.o
                0x08004af8                UART_AdvFeatureConfig
 .text.UART_CheckIdleState
                0x08004ba8      0x258 ./Drivers/STM32G4xx_HAL_Driver/stm32g4xx_hal_uart.o
                0x08004ba8                UART_CheckIdleState
 .text.HAL_UART_Init
                0x08004e00       0x68 ./Drivers/STM32G4xx_HAL_Driver/stm32g4xx_hal_uart.o
                0x08004e00                HAL_UART_Init
 .text.HAL_UARTEx_DisableFifoMode
                0x08004e68       0x3c ./Drivers/STM32G4xx_HAL_Driver/stm32g4xx_hal_uart_ex.o
                0x08004e68                HAL_UARTEx_DisableFifoMode
 .text.HAL_UARTEx_SetTxFifoThreshold
                0x08004ea4       0x84 ./Drivers/STM32G4xx_HAL_Driver/stm32g4xx_hal_uart_ex.o
                0x08004ea4                HAL_UARTEx_SetTxFifoThreshold
 .text.HAL_UARTEx_SetRxFifoThreshold
                0x08004f28       0x84 ./Drivers/STM32G4xx_HAL_Driver/stm32g4xx_hal_uart_ex.o
                0x08004f28                HAL_UARTEx_SetRxFifoThreshold
 .text.VBS_GetAvBusVoltage_V
                0x08004fac        0xc ./Middlewares/MotorControl/bus_voltage_sensor.o
                0x08004fac                VBS_GetAvBusVoltage_V
 .text.Circle_Limitation
                0x08004fb8       0x5c ./Middlewares/MotorControl/circle_limitation.o
                0x08004fb8                Circle_Limitation
 .text.MCPA_dataLog
                0x08005014      0x17c ./Middlewares/MotorControl/mcpa.o
                0x08005014                MCPA_dataLog
 .text.MCPA_cfgLog
                0x08005190       0xf4 ./Middlewares/MotorControl/mcpa.o
                0x08005190                MCPA_cfgLog
 .text.NTC_CalcAvTemp
                0x08005284       0x4c ./Middlewares/MotorControl/ntc_temperature_sensor.o
                0x08005284                NTC_CalcAvTemp
 .text.NTC_GetAvTemp_C
                0x080052d0       0x24 ./Middlewares/MotorControl/ntc_temperature_sensor.o
                0x080052d0                NTC_GetAvTemp_C
 .text.PID_SetKP
                0x080052f4        0x4 ./Middlewares/MotorControl/pid_regulator.o
                0x080052f4                PID_SetKP
 .text.PID_SetKI
                0x080052f8        0x4 ./Middlewares/MotorControl/pid_regulator.o
                0x080052f8                PID_SetKI
 .text.PID_GetKP
                0x080052fc        0x8 ./Middlewares/MotorControl/pid_regulator.o
                0x080052fc                PID_GetKP
 .text.PID_GetKI
                0x08005304        0x8 ./Middlewares/MotorControl/pid_regulator.o
                0x08005304                PID_GetKI
 .text.PID_SetIntegralTerm
                0x0800530c        0x4 ./Middlewares/MotorControl/pid_regulator.o
                0x0800530c                PID_SetIntegralTerm
 .text.PID_GetKPDivisorPOW2
                0x08005310        0x4 ./Middlewares/MotorControl/pid_regulator.o
                0x08005310                PID_GetKPDivisorPOW2
 .text.PID_SetKPDivisorPOW2
                0x08005314        0xc ./Middlewares/MotorControl/pid_regulator.o
                0x08005314                PID_SetKPDivisorPOW2
 .text.PID_GetKIDivisorPOW2
                0x08005320        0x4 ./Middlewares/MotorControl/pid_regulator.o
                0x08005320                PID_GetKIDivisorPOW2
 .text.PID_SetLowerIntegralTermLimit
                0x08005324        0x4 ./Middlewares/MotorControl/pid_regulator.o
                0x08005324                PID_SetLowerIntegralTermLimit
 .text.PID_SetUpperIntegralTermLimit
                0x08005328        0x4 ./Middlewares/MotorControl/pid_regulator.o
                0x08005328                PID_SetUpperIntegralTermLimit
 .text.PID_SetKIDivisorPOW2
                0x0800532c       0x28 ./Middlewares/MotorControl/pid_regulator.o
                0x0800532c                PID_SetKIDivisorPOW2
 .text.PID_SetKD
                0x08005354        0x4 ./Middlewares/MotorControl/pid_regulator.o
                0x08005354                PID_SetKD
 .text.PID_GetKD
                0x08005358        0x8 ./Middlewares/MotorControl/pid_regulator.o
                0x08005358                PID_GetKD
 .text.PID_GetKDDivisorPOW2
                0x08005360        0x4 ./Middlewares/MotorControl/pid_regulator.o
                0x08005360                PID_GetKDDivisorPOW2
 .text.PID_SetKDDivisorPOW2
                0x08005364        0xc ./Middlewares/MotorControl/pid_regulator.o
                0x08005364                PID_SetKDDivisorPOW2
 .text.PI_Controller
                0x08005370       0x7c ./Middlewares/MotorControl/pid_regulator.o
                0x08005370                PI_Controller
 .text.PQD_CalcElMotorPower
                0x080053ec       0x38 ./Middlewares/MotorControl/pqd_motor_power_measurement.o
                0x080053ec                PQD_CalcElMotorPower
 .text.PQD_GetAvrgElMotorPowerW
                0x08005424       0x34 ./Middlewares/MotorControl/pqd_motor_power_measurement.o
                0x08005424                PQD_GetAvrgElMotorPowerW
 .text.R3_2_GetPhaseCurrents
                0x08005458      0x17c ./Middlewares/MotorControl/r3_2_g4xx_pwm_curr_fdbk.o
                0x08005458                R3_2_GetPhaseCurrents
 .text.R3_2_SetADCSampPointPolarization
                0x080055d4       0x44 ./Middlewares/MotorControl/r3_2_g4xx_pwm_curr_fdbk.o
                0x080055d4                R3_2_SetADCSampPointPolarization
 .text.R3_2_HFCurrentsPolarizationAB
                0x08005618       0x58 ./Middlewares/MotorControl/r3_2_g4xx_pwm_curr_fdbk.o
 .text.R3_2_HFCurrentsPolarizationC
                0x08005670       0x4c ./Middlewares/MotorControl/r3_2_g4xx_pwm_curr_fdbk.o
 .text.R3_2_SwitchOnPWM
                0x080056bc       0xc0 ./Middlewares/MotorControl/r3_2_g4xx_pwm_curr_fdbk.o
                0x080056bc                R3_2_SwitchOnPWM
 .text.R3_2_RLGetPhaseCurrents
                0x0800577c       0x54 ./Middlewares/MotorControl/r3_2_g4xx_pwm_curr_fdbk.o
 .text.R3_2_RLSwitchOnPWM
                0x080057d0       0x84 ./Middlewares/MotorControl/r3_2_g4xx_pwm_curr_fdbk.o
 .text.R3_2_TurnOnLowSides
                0x08005854       0x74 ./Middlewares/MotorControl/r3_2_g4xx_pwm_curr_fdbk.o
                0x08005854                R3_2_TurnOnLowSides
 .text.R3_2_SwitchOffPWM
                0x080058c8       0x4c ./Middlewares/MotorControl/r3_2_g4xx_pwm_curr_fdbk.o
                0x080058c8                R3_2_SwitchOffPWM
 .text.R3_2_RLTurnOnLowSides
                0x08005914       0x4c ./Middlewares/MotorControl/r3_2_g4xx_pwm_curr_fdbk.o
 .text.R3_2_SetOffsetCalib
                0x08005960       0x1c ./Middlewares/MotorControl/r3_2_g4xx_pwm_curr_fdbk.o
                0x08005960                R3_2_SetOffsetCalib
 .text.R3_2_GetOffsetCalib
                0x0800597c       0x10 ./Middlewares/MotorControl/r3_2_g4xx_pwm_curr_fdbk.o
                0x0800597c                R3_2_GetOffsetCalib
 .text.R3_2_CurrentReadingPolarization
                0x0800598c      0x134 ./Middlewares/MotorControl/r3_2_g4xx_pwm_curr_fdbk.o
                0x0800598c                R3_2_CurrentReadingPolarization
 .text.R3_2_SetADCSampPointSectX
                0x08005ac0       0x88 ./Middlewares/MotorControl/r3_2_g4xx_pwm_curr_fdbk.o
                0x08005ac0                R3_2_SetADCSampPointSectX
 .text.R3_2_TIMx_UP_IRQHandler
                0x08005b48       0x80 ./Middlewares/MotorControl/r3_2_g4xx_pwm_curr_fdbk.o
                0x08005b48                R3_2_TIMx_UP_IRQHandler
 .text.R3_2_RLDetectionModeEnable
                0x08005bc8       0xd8 ./Middlewares/MotorControl/r3_2_g4xx_pwm_curr_fdbk.o
                0x08005bc8                R3_2_RLDetectionModeEnable
 .text.R3_2_RLDetectionModeDisable
                0x08005ca0      0x130 ./Middlewares/MotorControl/r3_2_g4xx_pwm_curr_fdbk.o
                0x08005ca0                R3_2_RLDetectionModeDisable
 .text.R3_2_RLDetectionModeSetDuty
                0x08005dd0       0x7c ./Middlewares/MotorControl/r3_2_g4xx_pwm_curr_fdbk.o
                0x08005dd0                R3_2_RLDetectionModeSetDuty
 .text.R3_2_RLTurnOnLowSidesAndStart
                0x08005e4c       0x9c ./Middlewares/MotorControl/r3_2_g4xx_pwm_curr_fdbk.o
                0x08005e4c                R3_2_RLTurnOnLowSidesAndStart
 .text.RVBS_CalcAvVbus
                0x08005ee8       0x70 ./Middlewares/MotorControl/r_divider_bus_voltage_sensor.o
                0x08005ee8                RVBS_CalcAvVbus
 .text.REMNG_Init
                0x08005f58       0x10 ./Middlewares/MotorControl/ramp_ext_mngr.o
                0x08005f58                REMNG_Init
 .text.REMNG_Calc
                0x08005f68       0x44 ./Middlewares/MotorControl/ramp_ext_mngr.o
                0x08005f68                REMNG_Calc
 .text.REMNG_RampCompleted
                0x08005fac        0xc ./Middlewares/MotorControl/ramp_ext_mngr.o
                0x08005fac                REMNG_RampCompleted
 .text.getScalingFactor
                0x08005fb8       0x2c ./Middlewares/MotorControl/ramp_ext_mngr.o
                0x08005fb8                getScalingFactor
 .text.REMNG_ExecRamp
                0x08005fe4       0x84 ./Middlewares/MotorControl/ramp_ext_mngr.o
                0x08005fe4                REMNG_ExecRamp
 .text.RUC_Clear
                0x08006068       0x98 ./Middlewares/MotorControl/revup_ctrl.o
                0x08006068                RUC_Clear
 .text.RUC_Exec
                0x08006100       0x70 ./Middlewares/MotorControl/revup_ctrl.o
                0x08006100                RUC_Exec
 .text.RUC_FirstAccelerationStageReached
                0x08006170       0x14 ./Middlewares/MotorControl/revup_ctrl.o
                0x08006170                RUC_FirstAccelerationStageReached
 .text.SPD_GetAvrgMecSpeedUnit
                0x08006184        0x8 ./Middlewares/MotorControl/speed_pos_fdbk.o
                0x08006184                SPD_GetAvrgMecSpeedUnit
 .text.SPD_IsMecSpeedReliable
                0x0800618c       0x70 ./Middlewares/MotorControl/speed_pos_fdbk.o
                0x0800618c                SPD_IsMecSpeedReliable
 .text.SPD_GetS16Speed
                0x080061fc        0x8 ./Middlewares/MotorControl/speed_pos_fdbk.o
                0x080061fc                SPD_GetS16Speed
 .text.STO_PLL_CalcElAngle
                0x08006204      0x1e8 ./Middlewares/MotorControl/sto_pll_speed_pos_fdbk.o
                0x08006204                STO_PLL_CalcElAngle
 .text.STO_PLL_CalcAvrgMecSpeedUnit
                0x080063ec      0x150 ./Middlewares/MotorControl/sto_pll_speed_pos_fdbk.o
                0x080063ec                STO_PLL_CalcAvrgMecSpeedUnit
 .text.STO_PLL_CalcAvrgElSpeedDpp
                0x0800653c       0x58 ./Middlewares/MotorControl/sto_pll_speed_pos_fdbk.o
                0x0800653c                STO_PLL_CalcAvrgElSpeedDpp
 .text.STO_PLL_Clear
                0x08006594       0x4c ./Middlewares/MotorControl/sto_pll_speed_pos_fdbk.o
                0x08006594                STO_PLL_Clear
 .text.STO_PLL_IsObserverConverged
                0x080065e0       0xc0 ./Middlewares/MotorControl/sto_pll_speed_pos_fdbk.o
                0x080065e0                STO_PLL_IsObserverConverged
 .text.STO_PLL_GetEstimatedBemf
                0x080066a0        0x8 ./Middlewares/MotorControl/sto_pll_speed_pos_fdbk.o
                0x080066a0                STO_PLL_GetEstimatedBemf
 .text.STO_PLL_GetEstimatedCurrent
                0x080066a8       0x24 ./Middlewares/MotorControl/sto_pll_speed_pos_fdbk.o
                0x080066a8                STO_PLL_GetEstimatedCurrent
 .text.STO_PLL_GetObserverGains
                0x080066cc       0x10 ./Middlewares/MotorControl/sto_pll_speed_pos_fdbk.o
                0x080066cc                STO_PLL_GetObserverGains
 .text.STO_PLL_SetObserverGains
                0x080066dc        0x8 ./Middlewares/MotorControl/sto_pll_speed_pos_fdbk.o
                0x080066dc                STO_PLL_SetObserverGains
 .text.STO_SetDirection
                0x080066e4        0x8 ./Middlewares/MotorControl/sto_pll_speed_pos_fdbk.o
                0x080066e4                STO_SetDirection
 .text.VSS_Clear
                0x080066ec       0x1c ./Middlewares/MotorControl/virtual_speed_sensor.o
                0x080066ec                VSS_Clear
 .text.VSS_CalcElAngle
                0x08006708       0xa4 ./Middlewares/MotorControl/virtual_speed_sensor.o
                0x08006708                VSS_CalcElAngle
 .text.VSS_CalcAvrgMecSpeedUnit
                0x080067ac       0xa4 ./Middlewares/MotorControl/virtual_speed_sensor.o
                0x080067ac                VSS_CalcAvrgMecSpeedUnit
 .text.VSS_SetMecAcceleration
                0x08006850       0x78 ./Middlewares/MotorControl/virtual_speed_sensor.o
                0x08006850                VSS_SetMecAcceleration
 .text.VSS_SetStartTransition
                0x080068c8       0x1c ./Middlewares/MotorControl/virtual_speed_sensor.o
                0x080068c8                VSS_SetStartTransition
 .text.VSS_TransitionEnded
                0x080068e4        0x8 ./Middlewares/MotorControl/virtual_speed_sensor.o
                0x080068e4                VSS_TransitionEnded
 .text.memset   0x080068ec       0x10 /Applications/STM32CubeIDE.app/Contents/Eclipse/plugins/com.st.stm32cube.ide.mcu.externaltools.gnu-tools-for-stm32.14.3.rel1.macosaarch64_1.0.0.202602081740/tools/bin/../lib/gcc/arm-none-eabi/14.3.1/../../../../arm-none-eabi/lib/thumb/v7e-m+fp/hard/libc_nano.a(libc_a-memset.o)
                0x080068ec                memset
 .text.__libc_init_array
                0x080068fc       0x48 /Applications/STM32CubeIDE.app/Contents/Eclipse/plugins/com.st.stm32cube.ide.mcu.externaltools.gnu-tools-for-stm32.14.3.rel1.macosaarch64_1.0.0.202602081740/tools/bin/../lib/gcc/arm-none-eabi/14.3.1/../../../../arm-none-eabi/lib/thumb/v7e-m+fp/hard/libc_nano.a(libc_a-init.o)
                0x080068fc                __libc_init_array
 .text.memcpy   0x08006944       0x1c /Applications/STM32CubeIDE.app/Contents/Eclipse/plugins/com.st.stm32cube.ide.mcu.externaltools.gnu-tools-for-stm32.14.3.rel1.macosaarch64_1.0.0.202602081740/tools/bin/../lib/gcc/arm-none-eabi/14.3.1/../../../../arm-none-eabi/lib/thumb/v7e-m+fp/hard/libc_nano.a(libc_a-memcpy-stub.o)
                0x08006944                memcpy
 *(.glue_7)
 .glue_7        0x08006960        0x0 linker stubs
 *(.glue_7t)
 .glue_7t       0x08006960        0x0 linker stubs
 *(.eh_frame)
 .eh_frame      0x08006960        0x0 /Applications/STM32CubeIDE.app/Contents/Eclipse/plugins/com.st.stm32cube.ide.mcu.externaltools.gnu-tools-for-stm32.14.3.rel1.macosaarch64_1.0.0.202602081740/tools/bin/../lib/gcc/arm-none-eabi/14.3.1/thumb/v7e-m+fp/hard/crtbegin.o
 *(.init)
 .init          0x08006960        0x4 /Applications/STM32CubeIDE.app/Contents/Eclipse/plugins/com.st.stm32cube.ide.mcu.externaltools.gnu-tools-for-stm32.14.3.rel1.macosaarch64_1.0.0.202602081740/tools/bin/../lib/gcc/arm-none-eabi/14.3.1/thumb/v7e-m+fp/hard/crti.o
                0x08006960                _init
 .init          0x08006964        0x8 /Applications/STM32CubeIDE.app/Contents/Eclipse/plugins/com.st.stm32cube.ide.mcu.externaltools.gnu-tools-for-stm32.14.3.rel1.macosaarch64_1.0.0.202602081740/tools/bin/../lib/gcc/arm-none-eabi/14.3.1/thumb/v7e-m+fp/hard/crtn.o
 *(.fini)
 .fini          0x0800696c        0x4 /Applications/STM32CubeIDE.app/Contents/Eclipse/plugins/com.st.stm32cube.ide.mcu.externaltools.gnu-tools-for-stm32.14.3.rel1.macosaarch64_1.0.0.202602081740/tools/bin/../lib/gcc/arm-none-eabi/14.3.1/thumb/v7e-m+fp/hard/crti.o
                0x0800696c                _fini
 .fini          0x08006970        0x8 /Applications/STM32CubeIDE.app/Contents/Eclipse/plugins/com.st.stm32cube.ide.mcu.externaltools.gnu-tools-for-stm32.14.3.rel1.macosaarch64_1.0.0.202602081740/tools/bin/../lib/gcc/arm-none-eabi/14.3.1/thumb/v7e-m+fp/hard/crtn.o
                0x08006978                        . = ALIGN (0x4)
                0x08006978                        _etext = .

.vfp11_veneer   0x08006978        0x0
 .vfp11_veneer  0x08006978        0x0 linker stubs

.v4_bx          0x08006978        0x0
 .v4_bx         0x08006978        0x0 linker stubs

.iplt           0x08006978        0x0
 .iplt          0x08006978        0x0 /Applications/STM32CubeIDE.app/Contents/Eclipse/plugins/com.st.stm32cube.ide.mcu.externaltools.gnu-tools-for-stm32.14.3.rel1.macosaarch64_1.0.0.202602081740/tools/bin/../lib/gcc/arm-none-eabi/14.3.1/thumb/v7e-m+fp/hard/crtbegin.o

.rodata         0x08006978      0x314
                0x08006978                        . = ALIGN (0x4)
 *(.rodata)
 *(.rodata*)
 .rodata.CRC4_Lookup4
                0x08006978       0x10 ./Application/User/aspep.o
 .rodata.CRC4_Lookup8
                0x08006988      0x100 ./Application/User/aspep.o
 .rodata.CSWTCH.1
                0x08006a88       0x11 ./Application/User/hf_registers.o
 *fill*         0x08006a99        0x3 
 .rodata.M1_FOCConfig_reg
                0x08006a9c        0xe ./Application/User/mc_configuration_registers.o
 *fill*         0x08006aaa        0x2 
 .rodata.M1_MotorConfig_reg
                0x08006aac       0x3c ./Application/User/mc_configuration_registers.o
 .rodata.M1_ApplicationConfig_reg
                0x08006ae8       0x10 ./Application/User/mc_configuration_registers.o
 .rodata.globalConfig_reg
                0x08006af8        0xa ./Application/User/mc_configuration_registers.o
                0x08006af8                globalConfig_reg
 *fill*         0x08006b02        0x2 
 .rodata.FIRMWARE_NAME
                0x08006b04       0x14 ./Application/User/mc_configuration_registers.o
                0x08006b04                FIRMWARE_NAME
 .rodata.M1_PWR_BOARD
                0x08006b18        0xd ./Application/User/mc_configuration_registers.o
 *fill*         0x08006b25        0x3 
 .rodata.CTL_BOARD
                0x08006b28        0xd ./Application/User/mc_configuration_registers.o
                0x08006b28                CTL_BOARD
 *fill*         0x08006b35        0x3 
 .rodata.R3_2_ParamsM1
                0x08006b38       0xac ./Application/User/mc_parameters.o
                0x08006b38                R3_2_ParamsM1
 .rodata.R3_3_OPAMPParamsM1
                0x08006be4       0x60 ./Application/User/mc_parameters.o
                0x08006be4                R3_3_OPAMPParamsM1
 .rodata.CHANNEL_OFFSET_TAB
                0x08006c44        0x6 ./Application/User/usart_aspep_driver.o
 *fill*         0x08006c4a        0x2 
 .rodata.APBPrescTable
                0x08006c4c        0x8 ./Drivers/CMSIS/system_stm32g4xx.o
                0x08006c4c                APBPrescTable
 .rodata.AHBPrescTable
                0x08006c54       0x10 ./Drivers/CMSIS/system_stm32g4xx.o
                0x08006c54                AHBPrescTable
 .rodata.UARTPrescTable
                0x08006c64       0x18 ./Drivers/STM32G4xx_HAL_Driver/stm32g4xx_hal_uart.o
                0x08006c64                UARTPrescTable
 .rodata.denominator.0
                0x08006c7c        0x8 ./Drivers/STM32G4xx_HAL_Driver/stm32g4xx_hal_uart_ex.o
 .rodata.numerator.1
                0x08006c84        0x8 ./Drivers/STM32G4xx_HAL_Driver/stm32g4xx_hal_uart_ex.o
                0x08006c8c                        . = ALIGN (0x4)

.ARM.extab      0x08006c8c        0x0
                0x08006c8c                        . = ALIGN (0x4)
 *(.ARM.extab* .gnu.linkonce.armextab.*)
                0x08006c8c                        . = ALIGN (0x4)

.ARM            0x08006c8c        0x8
                0x08006c8c                        . = ALIGN (0x4)
                0x08006c8c                        __exidx_start = .
 *(.ARM.exidx*)
 .ARM.exidx     0x08006c8c        0x8 /Applications/STM32CubeIDE.app/Contents/Eclipse/plugins/com.st.stm32cube.ide.mcu.externaltools.gnu-tools-for-stm32.14.3.rel1.macosaarch64_1.0.0.202602081740/tools/bin/../lib/gcc/arm-none-eabi/14.3.1/thumb/v7e-m+fp/hard/libgcc.a(_udivmoddi4.o)
                0x08006c94                        __exidx_end = .
                0x08006c94                        . = ALIGN (0x4)

.preinit_array  0x08006c94        0x0
                0x08006c94                        . = ALIGN (0x4)
                0x08006c94                        PROVIDE (__preinit_array_start = .)
 *(.preinit_array*)
                0x08006c94                        PROVIDE (__preinit_array_end = .)
                0x08006c94                        . = ALIGN (0x4)

.init_array     0x08006c94        0x4
                0x08006c94                        . = ALIGN (0x4)
                0x08006c94                        PROVIDE (__init_array_start = .)
 *(SORT_BY_NAME(.init_array.*))
 *(.init_array*)
 .init_array    0x08006c94        0x4 /Applications/STM32CubeIDE.app/Contents/Eclipse/plugins/com.st.stm32cube.ide.mcu.externaltools.gnu-tools-for-stm32.14.3.rel1.macosaarch64_1.0.0.202602081740/tools/bin/../lib/gcc/arm-none-eabi/14.3.1/thumb/v7e-m+fp/hard/crtbegin.o
                0x08006c98                        PROVIDE (__init_array_end = .)
                0x08006c98                        . = ALIGN (0x4)

.fini_array     0x08006c98        0x4
                0x08006c98                        . = ALIGN (0x4)
                [!provide]                        PROVIDE (__fini_array_start = .)
 *(SORT_BY_NAME(.fini_array.*))
 *(.fini_array*)
 .fini_array    0x08006c98        0x4 /Applications/STM32CubeIDE.app/Contents/Eclipse/plugins/com.st.stm32cube.ide.mcu.externaltools.gnu-tools-for-stm32.14.3.rel1.macosaarch64_1.0.0.202602081740/tools/bin/../lib/gcc/arm-none-eabi/14.3.1/thumb/v7e-m+fp/hard/crtbegin.o
                [!provide]                        PROVIDE (__fini_array_end = .)
                0x08006c9c                        . = ALIGN (0x4)
                0x08006c9c                        _sidata = LOADADDR (.data)

.rel.dyn        0x08006c9c        0x0
 .rel.iplt      0x08006c9c        0x0 /Applications/STM32CubeIDE.app/Contents/Eclipse/plugins/com.st.stm32cube.ide.mcu.externaltools.gnu-tools-for-stm32.14.3.rel1.macosaarch64_1.0.0.202602081740/tools/bin/../lib/gcc/arm-none-eabi/14.3.1/thumb/v7e-m+fp/hard/crtbegin.o

.data           0x20000000      0x4bc load address 0x08006c9c
                0x20000000                        . = ALIGN (0x4)
                0x20000000                        _sdata = .
 *(.data)
 *(.data*)
 .data.Mci      0x20000000       0x28 ./Application/User/mc_config.o
                0x20000000                Mci
 .data.pMPM     0x20000028        0x4 ./Application/User/mc_config.o
                0x20000028                pMPM
 .data.pPIDId   0x2000002c        0x4 ./Application/User/mc_config.o
                0x2000002c                pPIDId
 .data.pPIDIq   0x20000030        0x4 ./Application/User/mc_config.o
                0x20000030                pPIDIq
 .data.pSTC     0x20000034        0x4 ./Application/User/mc_config.o
                0x20000034                pSTC
 .data.CircleLimitationM1
                0x20000038        0x4 ./Application/User/mc_config.o
                0x20000038                CircleLimitationM1
 .data.STO_PLL_M1
                0x2000003c      0x128 ./Application/User/mc_config.o
                0x2000003c                STO_PLL_M1
 .data.PWM_Handle_M1
                0x20000164       0xa0 ./Application/User/mc_config.o
                0x20000164                PWM_Handle_M1
 .data.RevUpControlM1
                0x20000204       0x78 ./Application/User/mc_config.o
                0x20000204                RevUpControlM1
 .data.SpeednTorqCtrlM1
                0x2000027c       0x38 ./Application/User/mc_config.o
                0x2000027c                SpeednTorqCtrlM1
 .data.PIDIdHandle_M1
                0x200002b4       0x2c ./Application/User/mc_config.o
                0x200002b4                PIDIdHandle_M1
 .data.PIDIqHandle_M1
                0x200002e0       0x2c ./Application/User/mc_config.o
                0x200002e0                PIDIqHandle_M1
 .data.PIDSpeedHandle_M1
                0x2000030c       0x2c ./Application/User/mc_config.o
                0x2000030c                PIDSpeedHandle_M1
 .data.PQD_MotorPowMeasM1
                0x20000338       0x10 ./Application/User/mc_config.o
                0x20000338                PQD_MotorPowMeasM1
 .data.BusVoltageSensor_M1
                0x20000348       0x12 ./Application/User/mc_config_common.o
                0x20000348                BusVoltageSensor_M1
 *fill*         0x2000035a        0x2 
 .data.VbusRegConv_M1
                0x2000035c       0x10 ./Application/User/mc_config_common.o
                0x2000035c                VbusRegConv_M1
 .data.TempSensor_M1
                0x2000036c       0x18 ./Application/User/mc_config_common.o
                0x2000036c                TempSensor_M1
 .data.TempRegConv_M1
                0x20000384       0x10 ./Application/User/mc_config_common.o
                0x20000384                TempRegConv_M1
 .data.VirtualSpeedSensorM1
                0x20000394       0x38 ./Application/User/mc_config_common.o
                0x20000394                VirtualSpeedSensorM1
 .data.ApplicationConfig_reg
                0x200003cc        0x4 ./Application/User/mc_configuration_registers.o
                0x200003cc                ApplicationConfig_reg
 .data.MotorConfig_reg
                0x200003d0        0x4 ./Application/User/mc_configuration_registers.o
                0x200003d0                MotorConfig_reg
 .data.FOCConfig_reg
                0x200003d4        0x4 ./Application/User/mc_configuration_registers.o
                0x200003d4                FOCConfig_reg
 .data.PWR_BOARD_NAME
                0x200003d8        0x4 ./Application/User/mc_configuration_registers.o
                0x200003d8                PWR_BOARD_NAME
 .data.scaleParams_M1
                0x200003dc       0x10 ./Application/User/mc_parameters.o
                0x200003dc                scaleParams_M1
 .data.MCPA_UART_A
                0x200003ec       0x2c ./Application/User/mcp_config.o
                0x200003ec                MCPA_UART_A
 .data.MCP_Over_UartA
                0x20000418       0x10 ./Application/User/mcp_config.o
                0x20000418                MCP_Over_UartA
 .data.aspepOverUartA
                0x20000428       0x74 ./Application/User/mcp_config.o
                0x20000428                aspepOverUartA
 .data.UASPEP_A
                0x2000049c       0x14 ./Application/User/mcp_config.o
 .data.SystemCoreClock
                0x200004b0        0x4 ./Drivers/CMSIS/system_stm32g4xx.o
                0x200004b0                SystemCoreClock
 .data.uwTickFreq
                0x200004b4        0x4 ./Drivers/STM32G4xx_HAL_Driver/stm32g4xx_hal.o
                0x200004b4                uwTickFreq
 .data.uwTickPrio
                0x200004b8        0x4 ./Drivers/STM32G4xx_HAL_Driver/stm32g4xx_hal.o
                0x200004b8                uwTickPrio
 *(.RamFunc)
 *(.RamFunc*)
                0x200004bc                        . = ALIGN (0x4)
                0x200004bc                        _edata = .

.igot.plt       0x200004bc        0x0 load address 0x08007158
 .igot.plt      0x200004bc        0x0 /Applications/STM32CubeIDE.app/Contents/Eclipse/plugins/com.st.stm32cube.ide.mcu.externaltools.gnu-tools-for-stm32.14.3.rel1.macosaarch64_1.0.0.202602081740/tools/bin/../lib/gcc/arm-none-eabi/14.3.1/thumb/v7e-m+fp/hard/crtbegin.o
                0x200004bc                        . = ALIGN (0x4)

.bss            0x200004c0     0x1454 load address 0x08007158
                0x200004c0                        _sbss = .
                0x200004c0                        __bss_start__ = _sbss
 *(.bss)
 .bss           0x200004c0       0x1c /Applications/STM32CubeIDE.app/Contents/Eclipse/plugins/com.st.stm32cube.ide.mcu.externaltools.gnu-tools-for-stm32.14.3.rel1.macosaarch64_1.0.0.202602081740/tools/bin/../lib/gcc/arm-none-eabi/14.3.1/thumb/v7e-m+fp/hard/crtbegin.o
 *(.bss*)
 .bss.nullData16.0
                0x200004dc        0x2 ./Application/User/hf_registers.o
 *fill*         0x200004de        0x2 
 .bss.hdma_usart2_tx
                0x200004e0       0x60 ./Application/User/main.o
                0x200004e0                hdma_usart2_tx
 .bss.hdma_usart2_rx
                0x20000540       0x60 ./Application/User/main.o
                0x20000540                hdma_usart2_rx
 .bss.huart2    0x200005a0       0x94 ./Application/User/main.o
                0x200005a0                huart2
 .bss.pREMNG    0x20000634        0x4 ./Application/User/mc_config.o
                0x20000634                pREMNG
 .bss.FOCVars   0x20000638       0x22 ./Application/User/mc_config.o
                0x20000638                FOCVars
 *fill*         0x2000065a        0x2 
 .bss.pwmcHandle
                0x2000065c        0x4 ./Application/User/mc_config_common.o
                0x2000065c                pwmcHandle
 .bss.bMCBootCompleted
                0x20000660        0x1 ./Application/User/mc_tasks.o
 *fill*         0x20000661        0x1 
 .bss.hStopPermanencyCounterM1
                0x20000662        0x2 ./Application/User/mc_tasks.o
 .bss.hBootCapDelayCounterM1
                0x20000664        0x2 ./Application/User/mc_tasks.o
 .bss.hMFTaskCounterM1
                0x20000666        0x2 ./Application/User/mc_tasks.o
 .bss.MCP_UserCallBack
                0x20000668        0x8 ./Application/User/mcp_config.o
                0x20000668                MCP_UserCallBack
 .bss.dataSizeTableBuffA
                0x20000670        0xa ./Application/User/mcp_config.o
 *fill*         0x2000067a        0x2 
 .bss.dataSizeTableA
                0x2000067c        0xa ./Application/User/mcp_config.o
 *fill*         0x20000686        0x2 
 .bss.dataPtrTableBuffA
                0x20000688       0x28 ./Application/User/mcp_config.o
 .bss.dataPtrTableA
                0x200006b0       0x28 ./Application/User/mcp_config.o
 .bss.MCPAsyncBuffUARTA_B
                0x200006d8      0x806 ./Application/User/mcp_config.o
 *fill*         0x20000ede        0x2 
 .bss.MCPAsyncBuffUARTA_A
                0x20000ee0      0x806 ./Application/User/mcp_config.o
 *fill*         0x200016e6        0x2 
 .bss.MCPSyncRXBuff
                0x200016e8      0x102 ./Application/User/mcp_config.o
 *fill*         0x200017ea        0x2 
 .bss.MCPSyncTxBuff
                0x200017ec      0x106 ./Application/User/mcp_config.o
 *fill*         0x200018f2        0x2 
 .bss.pMCI      0x200018f4        0x4 ./Application/User/motorcontrol.o
                0x200018f4                pMCI
 .bss.RCM_conversion_nb
                0x200018f8        0x1 ./Application/User/regular_conversion_manager.o
 .bss.RCM_array_index
                0x200018f9        0x1 ./Application/User/regular_conversion_manager.o
 *fill*         0x200018fa        0x2 
 .bss.RCM_handle_array
                0x200018fc       0x10 ./Application/User/regular_conversion_manager.o
 .bss.uwTick    0x2000190c        0x4 ./Drivers/STM32G4xx_HAL_Driver/stm32g4xx_hal.o
                0x2000190c                uwTick
 .bss.GLOBAL_TIMESTAMP
                0x20001910        0x4 ./Middlewares/MotorControl/mcpa.o
                0x20001910                GLOBAL_TIMESTAMP
 *(COMMON)
                0x20001914                        . = ALIGN (0x4)
                0x20001914                        _ebss = .
                0x20001914                        __bss_end__ = _ebss

._user_heap_stack
                0x20001914      0x604 load address 0x08007158
                0x20001918                        . = ALIGN (0x8)
 *fill*         0x20001914        0x4 
                [!provide]                        PROVIDE (end = .)
                0x20001918                        PROVIDE (_end = .)
                0x20001b18                        . = (. + _Min_Heap_Size)
 *fill*         0x20001918      0x200 
                0x20001f18                        . = (. + _Min_Stack_Size)
 *fill*         0x20001b18      0x400 
                0x20001f18                        . = ALIGN (0x8)

/DISCARD/
 libc.a(*)
 libm.a(*)
 libgcc.a(*)

.ARM.attributes
                0x00000000       0x30
 *(.ARM.attributes)
 .ARM.attributes
                0x00000000       0x22 /Applications/STM32CubeIDE.app/Contents/Eclipse/plugins/com.st.stm32cube.ide.mcu.externaltools.gnu-tools-for-stm32.14.3.rel1.macosaarch64_1.0.0.202602081740/tools/bin/../lib/gcc/arm-none-eabi/14.3.1/thumb/v7e-m+fp/hard/crti.o
 .ARM.attributes
                0x00000022       0x34 /Applications/STM32CubeIDE.app/Contents/Eclipse/plugins/com.st.stm32cube.ide.mcu.externaltools.gnu-tools-for-stm32.14.3.rel1.macosaarch64_1.0.0.202602081740/tools/bin/../lib/gcc/arm-none-eabi/14.3.1/thumb/v7e-m+fp/hard/crtbegin.o
 .ARM.attributes
                0x00000056       0x21 ./Application/Startup/startup_stm32g431cbux.o
 .ARM.attributes
                0x00000077       0x30 ./Application/User/aspep.o
 .ARM.attributes
                0x000000a7       0x30 ./Application/User/hf_registers.o
 .ARM.attributes
                0x000000d7       0x30 ./Application/User/main.o
 .ARM.attributes
                0x00000107       0x30 ./Application/User/mc_api.o
 .ARM.attributes
                0x00000137       0x30 ./Application/User/mc_app_hooks.o
 .ARM.attributes
                0x00000167       0x30 ./Application/User/mc_config.o
 .ARM.attributes
                0x00000197       0x30 ./Application/User/mc_config_common.o
 .ARM.attributes
                0x000001c7       0x30 ./Application/User/mc_configuration_registers.o
 .ARM.attributes
                0x000001f7       0x30 ./Application/User/mc_interface.o
 .ARM.attributes
                0x00000227       0x30 ./Application/User/mc_math.o
 .ARM.attributes
                0x00000257       0x30 ./Application/User/mc_parameters.o
 .ARM.attributes
                0x00000287       0x30 ./Application/User/mc_tasks.o
 .ARM.attributes
                0x000002b7       0x30 ./Application/User/mc_tasks_foc.o
 .ARM.attributes
                0x000002e7       0x30 ./Application/User/mcp.o
 .ARM.attributes
                0x00000317       0x30 ./Application/User/mcp_config.o
 .ARM.attributes
                0x00000347       0x30 ./Application/User/motorcontrol.o
 .ARM.attributes
                0x00000377       0x30 ./Application/User/pwm_common.o
 .ARM.attributes
                0x000003a7       0x30 ./Application/User/pwm_curr_fdbk.o
 .ARM.attributes
                0x000003d7       0x30 ./Application/User/regular_conversion_manager.o
 .ARM.attributes
                0x00000407       0x30 ./Application/User/speed_torq_ctrl.o
 .ARM.attributes
                0x00000437       0x30 ./Application/User/stm32_mc_common_it.o
 .ARM.attributes
                0x00000467       0x30 ./Application/User/stm32g4xx_hal_msp.o
 .ARM.attributes
                0x00000497       0x30 ./Application/User/stm32g4xx_mc_it.o
 .ARM.attributes
                0x000004c7       0x30 ./Application/User/sync_registers.o
 .ARM.attributes
                0x000004f7       0x30 ./Application/User/usart_aspep_driver.o
 .ARM.attributes
                0x00000527       0x30 ./Drivers/CMSIS/system_stm32g4xx.o
 .ARM.attributes
                0x00000557       0x30 ./Drivers/STM32G4xx_HAL_Driver/stm32g4xx_hal.o
 .ARM.attributes
                0x00000587       0x30 ./Drivers/STM32G4xx_HAL_Driver/stm32g4xx_hal_cortex.o
 .ARM.attributes
                0x000005b7       0x30 ./Drivers/STM32G4xx_HAL_Driver/stm32g4xx_hal_dma.o
 .ARM.attributes
                0x000005e7       0x30 ./Drivers/STM32G4xx_HAL_Driver/stm32g4xx_hal_gpio.o
 .ARM.attributes
                0x00000617       0x30 ./Drivers/STM32G4xx_HAL_Driver/stm32g4xx_hal_pwr_ex.o
 .ARM.attributes
                0x00000647       0x30 ./Drivers/STM32G4xx_HAL_Driver/stm32g4xx_hal_rcc.o
 .ARM.attributes
                0x00000677       0x30 ./Drivers/STM32G4xx_HAL_Driver/stm32g4xx_hal_rcc_ex.o
 .ARM.attributes
                0x000006a7       0x30 ./Drivers/STM32G4xx_HAL_Driver/stm32g4xx_hal_uart.o
 .ARM.attributes
                0x000006d7       0x30 ./Drivers/STM32G4xx_HAL_Driver/stm32g4xx_hal_uart_ex.o
 .ARM.attributes
                0x00000707       0x30 ./Middlewares/MotorControl/bus_voltage_sensor.o
 .ARM.attributes
                0x00000737       0x30 ./Middlewares/MotorControl/circle_limitation.o
 .ARM.attributes
                0x00000767       0x30 ./Middlewares/MotorControl/mcpa.o
 .ARM.attributes
                0x00000797       0x30 ./Middlewares/MotorControl/ntc_temperature_sensor.o
 .ARM.attributes
                0x000007c7       0x30 ./Middlewares/MotorControl/pid_regulator.o
 .ARM.attributes
                0x000007f7       0x30 ./Middlewares/MotorControl/pqd_motor_power_measurement.o
 .ARM.attributes
                0x00000827       0x30 ./Middlewares/MotorControl/r3_2_g4xx_pwm_curr_fdbk.o
 .ARM.attributes
                0x00000857       0x30 ./Middlewares/MotorControl/r_divider_bus_voltage_sensor.o
 .ARM.attributes
                0x00000887       0x30 ./Middlewares/MotorControl/ramp_ext_mngr.o
 .ARM.attributes
                0x000008b7       0x30 ./Middlewares/MotorControl/revup_ctrl.o
 .ARM.attributes
                0x000008e7       0x30 ./Middlewares/MotorControl/speed_pos_fdbk.o
 .ARM.attributes
                0x00000917       0x30 ./Middlewares/MotorControl/sto_pll_speed_pos_fdbk.o
 .ARM.attributes
                0x00000947       0x30 ./Middlewares/MotorControl/virtual_speed_sensor.o
 .ARM.attributes
                0x00000977       0x34 /Applications/STM32CubeIDE.app/Contents/Eclipse/plugins/com.st.stm32cube.ide.mcu.externaltools.gnu-tools-for-stm32.14.3.rel1.macosaarch64_1.0.0.202602081740/tools/bin/../lib/gcc/arm-none-eabi/14.3.1/../../../../arm-none-eabi/lib/thumb/v7e-m+fp/hard/libc_nano.a(libc_a-memset.o)
 .ARM.attributes
                0x000009ab       0x34 /Applications/STM32CubeIDE.app/Contents/Eclipse/plugins/com.st.stm32cube.ide.mcu.externaltools.gnu-tools-for-stm32.14.3.rel1.macosaarch64_1.0.0.202602081740/tools/bin/../lib/gcc/arm-none-eabi/14.3.1/../../../../arm-none-eabi/lib/thumb/v7e-m+fp/hard/libc_nano.a(libc_a-init.o)
 .ARM.attributes
                0x000009df       0x34 /Applications/STM32CubeIDE.app/Contents/Eclipse/plugins/com.st.stm32cube.ide.mcu.externaltools.gnu-tools-for-stm32.14.3.rel1.macosaarch64_1.0.0.202602081740/tools/bin/../lib/gcc/arm-none-eabi/14.3.1/../../../../arm-none-eabi/lib/thumb/v7e-m+fp/hard/libc_nano.a(libc_a-memcpy-stub.o)
 .ARM.attributes
                0x00000a13       0x22 /Applications/STM32CubeIDE.app/Contents/Eclipse/plugins/com.st.stm32cube.ide.mcu.externaltools.gnu-tools-for-stm32.14.3.rel1.macosaarch64_1.0.0.202602081740/tools/bin/../lib/gcc/arm-none-eabi/14.3.1/thumb/v7e-m+fp/hard/libgcc.a(_aeabi_uldivmod.o)
 .ARM.attributes
                0x00000a35       0x34 /Applications/STM32CubeIDE.app/Contents/Eclipse/plugins/com.st.stm32cube.ide.mcu.externaltools.gnu-tools-for-stm32.14.3.rel1.macosaarch64_1.0.0.202602081740/tools/bin/../lib/gcc/arm-none-eabi/14.3.1/thumb/v7e-m+fp/hard/libgcc.a(_udivmoddi4.o)
 .ARM.attributes
                0x00000a69       0x22 /Applications/STM32CubeIDE.app/Contents/Eclipse/plugins/com.st.stm32cube.ide.mcu.externaltools.gnu-tools-for-stm32.14.3.rel1.macosaarch64_1.0.0.202602081740/tools/bin/../lib/gcc/arm-none-eabi/14.3.1/thumb/v7e-m+fp/hard/libgcc.a(_dvmd_tls.o)
 .ARM.attributes
                0x00000a8b       0x22 /Applications/STM32CubeIDE.app/Contents/Eclipse/plugins/com.st.stm32cube.ide.mcu.externaltools.gnu-tools-for-stm32.14.3.rel1.macosaarch64_1.0.0.202602081740/tools/bin/../lib/gcc/arm-none-eabi/14.3.1/thumb/v7e-m+fp/hard/crtn.o
OUTPUT(armaan-kingval.elf elf32-littlearm)
LOAD linker stubs
LOAD /Applications/STM32CubeIDE.app/Contents/Eclipse/plugins/com.st.stm32cube.ide.mcu.externaltools.gnu-tools-for-stm32.14.3.rel1.macosaarch64_1.0.0.202602081740/tools/bin/../lib/gcc/arm-none-eabi/14.3.1/../../../../arm-none-eabi/lib/thumb/v7e-m+fp/hard/libc.a
LOAD /Applications/STM32CubeIDE.app/Contents/Eclipse/plugins/com.st.stm32cube.ide.mcu.externaltools.gnu-tools-for-stm32.14.3.rel1.macosaarch64_1.0.0.202602081740/tools/bin/../lib/gcc/arm-none-eabi/14.3.1/../../../../arm-none-eabi/lib/thumb/v7e-m+fp/hard/libm.a
LOAD /Applications/STM32CubeIDE.app/Contents/Eclipse/plugins/com.st.stm32cube.ide.mcu.externaltools.gnu-tools-for-stm32.14.3.rel1.macosaarch64_1.0.0.202602081740/tools/bin/../lib/gcc/arm-none-eabi/14.3.1/thumb/v7e-m+fp/hard/libgcc.a

.debug_line     0x00000000    0x37903
 .debug_line    0x00000000       0x7b ./Application/Startup/startup_stm32g431cbux.o
 .debug_line    0x0000007b     0x16b8 ./Application/User/aspep.o
 .debug_line    0x00001733      0xe1b ./Application/User/hf_registers.o
 .debug_line    0x0000254e      0xff1 ./Application/User/main.o
 .debug_line    0x0000353f     0x1129 ./Application/User/mc_api.o
 .debug_line    0x00004668      0x9b9 ./Application/User/mc_app_hooks.o
 .debug_line    0x00005021      0xcc3 ./Application/User/mc_config.o
 .debug_line    0x00005ce4      0xcca ./Application/User/mc_config_common.o
 .debug_line    0x000069ae      0xb60 ./Application/User/mc_configuration_registers.o
 .debug_line    0x0000750e     0x18e9 ./Application/User/mc_interface.o
 .debug_line    0x00008df7      0xbf0 ./Application/User/mc_math.o
 .debug_line    0x000099e7      0xcb4 ./Application/User/mc_parameters.o
 .debug_line    0x0000a69b     0x1358 ./Application/User/mc_tasks.o
 .debug_line    0x0000b9f3     0x151a ./Application/User/mc_tasks_foc.o
 .debug_line    0x0000cf0d     0x11e0 ./Application/User/mcp.o
 .debug_line    0x0000e0ed      0xa9e ./Application/User/mcp_config.o
 .debug_line    0x0000eb8b      0xd0a ./Application/User/motorcontrol.o
 .debug_line    0x0000f895      0xbde ./Application/User/pwm_common.o
 .debug_line    0x00010473     0x11aa ./Application/User/pwm_curr_fdbk.o
 .debug_line    0x0001161d     0x1070 ./Application/User/regular_conversion_manager.o
 .debug_line    0x0001268d      0xe35 ./Application/User/speed_torq_ctrl.o
 .debug_line    0x000134c2      0xdac ./Application/User/stm32_mc_common_it.o
 .debug_line    0x0001426e     0x1432 ./Application/User/stm32g4xx_hal_msp.o
 .debug_line    0x000156a0      0xdec ./Application/User/stm32g4xx_mc_it.o
 .debug_line    0x0001648c     0x23d2 ./Application/User/sync_registers.o
 .debug_line    0x0001885e     0x115b ./Application/User/usart_aspep_driver.o
 .debug_line    0x000199b9      0x8dd ./Drivers/CMSIS/system_stm32g4xx.o
 .debug_line    0x0001a296      0xd71 ./Drivers/STM32G4xx_HAL_Driver/stm32g4xx_hal.o
 .debug_line    0x0001b007      0xea3 ./Drivers/STM32G4xx_HAL_Driver/stm32g4xx_hal_cortex.o
 .debug_line    0x0001beaa     0x149e ./Drivers/STM32G4xx_HAL_Driver/stm32g4xx_hal_dma.o
 .debug_line    0x0001d348     0x10a8 ./Drivers/STM32G4xx_HAL_Driver/stm32g4xx_hal_gpio.o
 .debug_line    0x0001e3f0     0x109d ./Drivers/STM32G4xx_HAL_Driver/stm32g4xx_hal_pwr_ex.o
 .debug_line    0x0001f48d     0x158e ./Drivers/STM32G4xx_HAL_Driver/stm32g4xx_hal_rcc.o
 .debug_line    0x00020a1b     0x1610 ./Drivers/STM32G4xx_HAL_Driver/stm32g4xx_hal_rcc_ex.o
 .debug_line    0x0002202b     0x6c64 ./Drivers/STM32G4xx_HAL_Driver/stm32g4xx_hal_uart.o
 .debug_line    0x00028c8f     0x12c8 ./Drivers/STM32G4xx_HAL_Driver/stm32g4xx_hal_uart_ex.o
 .debug_line    0x00029f57      0xa57 ./Middlewares/MotorControl/bus_voltage_sensor.o
 .debug_line    0x0002a9ae      0xaeb ./Middlewares/MotorControl/circle_limitation.o
 .debug_line    0x0002b499     0x11c0 ./Middlewares/MotorControl/mcpa.o
 .debug_line    0x0002c659      0xb95 ./Middlewares/MotorControl/ntc_temperature_sensor.o
 .debug_line    0x0002d1ee      0xe8d ./Middlewares/MotorControl/pid_regulator.o
 .debug_line    0x0002e07b      0xaec ./Middlewares/MotorControl/pqd_motor_power_measurement.o
 .debug_line    0x0002eb67     0x3331 ./Middlewares/MotorControl/r3_2_g4xx_pwm_curr_fdbk.o
 .debug_line    0x00031e98      0xb9f ./Middlewares/MotorControl/r_divider_bus_voltage_sensor.o
 .debug_line    0x00032a37      0xcb4 ./Middlewares/MotorControl/ramp_ext_mngr.o
 .debug_line    0x000336eb     0x11de ./Middlewares/MotorControl/revup_ctrl.o
 .debug_line    0x000348c9      0xb9a ./Middlewares/MotorControl/speed_pos_fdbk.o
 .debug_line    0x00035463     0x1566 ./Middlewares/MotorControl/sto_pll_speed_pos_fdbk.o
 .debug_line    0x000369c9      0xf3a ./Middlewares/MotorControl/virtual_speed_sensor.o

.debug_line_str
                0x00000000       0x76
 .debug_line_str
                0x00000000       0x76 ./Application/Startup/startup_stm32g431cbux.o

.debug_info     0x00000000    0x3962a
 .debug_info    0x00000000       0x30 ./Application/Startup/startup_stm32g431cbux.o
 .debug_info    0x00000030     0x112b ./Application/User/aspep.o
 .debug_info    0x0000115b     0x12b8 ./Application/User/hf_registers.o
 .debug_info    0x00002413     0x2237 ./Application/User/main.o
 .debug_info    0x0000464a     0x1bdf ./Application/User/mc_api.o
 .debug_info    0x00006229      0x1db ./Application/User/mc_app_hooks.o
 .debug_info    0x00006404     0x229c ./Application/User/mc_config.o
 .debug_info    0x000086a0      0xd8a ./Application/User/mc_config_common.o
 .debug_info    0x0000942a      0x56d ./Application/User/mc_configuration_registers.o
 .debug_info    0x00009997     0x219a ./Application/User/mc_interface.o
 .debug_info    0x0000bb31      0x764 ./Application/User/mc_math.o
 .debug_info    0x0000c295      0xa17 ./Application/User/mc_parameters.o
 .debug_info    0x0000ccac     0x238e ./Application/User/mc_tasks.o
 .debug_info    0x0000f03a     0x3006 ./Application/User/mc_tasks_foc.o
 .debug_info    0x00012040     0x15d4 ./Application/User/mcp.o
 .debug_info    0x00013614      0xaf2 ./Application/User/mcp_config.o
 .debug_info    0x00014106     0x1134 ./Application/User/motorcontrol.o
 .debug_info    0x0001523a      0x953 ./Application/User/pwm_common.o
 .debug_info    0x00015b8d     0x1395 ./Application/User/pwm_curr_fdbk.o
 .debug_info    0x00016f22      0xb62 ./Application/User/regular_conversion_manager.o
 .debug_info    0x00017a84      0x9b7 ./Application/User/speed_torq_ctrl.o
 .debug_info    0x0001843b      0x38a ./Application/User/stm32_mc_common_it.o
 .debug_info    0x000187c5     0x26cb ./Application/User/stm32g4xx_hal_msp.o
 .debug_info    0x0001ae90     0x124f ./Application/User/stm32g4xx_mc_it.o
 .debug_info    0x0001c0df     0x31a8 ./Application/User/sync_registers.o
 .debug_info    0x0001f287     0x1267 ./Application/User/usart_aspep_driver.o
 .debug_info    0x000204ee      0x5a7 ./Drivers/CMSIS/system_stm32g4xx.o
 .debug_info    0x00020a95      0xcd7 ./Drivers/STM32G4xx_HAL_Driver/stm32g4xx_hal.o
 .debug_info    0x0002176c      0xfd6 ./Drivers/STM32G4xx_HAL_Driver/stm32g4xx_hal_cortex.o
 .debug_info    0x00022742      0xa74 ./Drivers/STM32G4xx_HAL_Driver/stm32g4xx_hal_dma.o
 .debug_info    0x000231b6      0x79d ./Drivers/STM32G4xx_HAL_Driver/stm32g4xx_hal_gpio.o
 .debug_info    0x00023953      0x993 ./Drivers/STM32G4xx_HAL_Driver/stm32g4xx_hal_pwr_ex.o
 .debug_info    0x000242e6      0xe7b ./Drivers/STM32G4xx_HAL_Driver/stm32g4xx_hal_rcc.o
 .debug_info    0x00025161      0xd46 ./Drivers/STM32G4xx_HAL_Driver/stm32g4xx_hal_rcc_ex.o
 .debug_info    0x00025ea7     0x75be ./Drivers/STM32G4xx_HAL_Driver/stm32g4xx_hal_uart.o
 .debug_info    0x0002d465     0x13e5 ./Drivers/STM32G4xx_HAL_Driver/stm32g4xx_hal_uart_ex.o
 .debug_info    0x0002e84a      0x2c3 ./Middlewares/MotorControl/bus_voltage_sensor.o
 .debug_info    0x0002eb0d      0x387 ./Middlewares/MotorControl/circle_limitation.o
 .debug_info    0x0002ee94      0x709 ./Middlewares/MotorControl/mcpa.o
 .debug_info    0x0002f59d      0x3f8 ./Middlewares/MotorControl/ntc_temperature_sensor.o
 .debug_info    0x0002f995      0x8ea ./Middlewares/MotorControl/pid_regulator.o
 .debug_info    0x0003027f      0x51c ./Middlewares/MotorControl/pqd_motor_power_measurement.o
 .debug_info    0x0003079b     0x50bb ./Middlewares/MotorControl/r3_2_g4xx_pwm_curr_fdbk.o
 .debug_info    0x00035856      0x397 ./Middlewares/MotorControl/r_divider_bus_voltage_sensor.o
 .debug_info    0x00035bed      0x506 ./Middlewares/MotorControl/ramp_ext_mngr.o
 .debug_info    0x000360f3     0x1532 ./Middlewares/MotorControl/revup_ctrl.o
 .debug_info    0x00037625      0x4e5 ./Middlewares/MotorControl/speed_pos_fdbk.o
 .debug_info    0x00037b0a     0x1390 ./Middlewares/MotorControl/sto_pll_speed_pos_fdbk.o
 .debug_info    0x00038e9a      0x790 ./Middlewares/MotorControl/virtual_speed_sensor.o

.debug_abbrev   0x00000000     0x7b21
 .debug_abbrev  0x00000000       0x24 ./Application/Startup/startup_stm32g431cbux.o
 .debug_abbrev  0x00000024      0x39b ./Application/User/aspep.o
 .debug_abbrev  0x000003bf      0x235 ./Application/User/hf_registers.o
 .debug_abbrev  0x000005f4      0x3a7 ./Application/User/main.o
 .debug_abbrev  0x0000099b      0x283 ./Application/User/mc_api.o
 .debug_abbrev  0x00000c1e       0x98 ./Application/User/mc_app_hooks.o
 .debug_abbrev  0x00000cb6      0x22f ./Application/User/mc_config.o
 .debug_abbrev  0x00000ee5      0x166 ./Application/User/mc_config_common.o
 .debug_abbrev  0x0000104b       0xee ./Application/User/mc_configuration_registers.o
 .debug_abbrev  0x00001139      0x3f6 ./Application/User/mc_interface.o
 .debug_abbrev  0x0000152f      0x279 ./Application/User/mc_math.o
 .debug_abbrev  0x000017a8      0x132 ./Application/User/mc_parameters.o
 .debug_abbrev  0x000018da      0x41f ./Application/User/mc_tasks.o
 .debug_abbrev  0x00001cf9      0x4c5 ./Application/User/mc_tasks_foc.o
 .debug_abbrev  0x000021be      0x2fd ./Application/User/mcp.o
 .debug_abbrev  0x000024bb      0x1c7 ./Application/User/mcp_config.o
 .debug_abbrev  0x00002682      0x23c ./Application/User/motorcontrol.o
 .debug_abbrev  0x000028be      0x231 ./Application/User/pwm_common.o
 .debug_abbrev  0x00002aef      0x3a3 ./Application/User/pwm_curr_fdbk.o
 .debug_abbrev  0x00002e92      0x2c1 ./Application/User/regular_conversion_manager.o
 .debug_abbrev  0x00003153      0x253 ./Application/User/speed_torq_ctrl.o
 .debug_abbrev  0x000033a6      0x17e ./Application/User/stm32_mc_common_it.o
 .debug_abbrev  0x00003524      0x2fc ./Application/User/stm32g4xx_hal_msp.o
 .debug_abbrev  0x00003820      0x2a7 ./Application/User/stm32g4xx_mc_it.o
 .debug_abbrev  0x00003ac7      0x443 ./Application/User/sync_registers.o
 .debug_abbrev  0x00003f0a      0x2c0 ./Application/User/usart_aspep_driver.o
 .debug_abbrev  0x000041ca      0x120 ./Drivers/CMSIS/system_stm32g4xx.o
 .debug_abbrev  0x000042ea      0x2dd ./Drivers/STM32G4xx_HAL_Driver/stm32g4xx_hal.o
 .debug_abbrev  0x000045c7      0x387 ./Drivers/STM32G4xx_HAL_Driver/stm32g4xx_hal_cortex.o
 .debug_abbrev  0x0000494e      0x2af ./Drivers/STM32G4xx_HAL_Driver/stm32g4xx_hal_dma.o
 .debug_abbrev  0x00004bfd      0x20c ./Drivers/STM32G4xx_HAL_Driver/stm32g4xx_hal_gpio.o
 .debug_abbrev  0x00004e09      0x281 ./Drivers/STM32G4xx_HAL_Driver/stm32g4xx_hal_pwr_ex.o
 .debug_abbrev  0x0000508a      0x352 ./Drivers/STM32G4xx_HAL_Driver/stm32g4xx_hal_rcc.o
 .debug_abbrev  0x000053dc      0x2ce ./Drivers/STM32G4xx_HAL_Driver/stm32g4xx_hal_rcc_ex.o
 .debug_abbrev  0x000056aa      0x4b8 ./Drivers/STM32G4xx_HAL_Driver/stm32g4xx_hal_uart.o
 .debug_abbrev  0x00005b62      0x360 ./Drivers/STM32G4xx_HAL_Driver/stm32g4xx_hal_uart_ex.o
 .debug_abbrev  0x00005ec2      0x10c ./Middlewares/MotorControl/bus_voltage_sensor.o
 .debug_abbrev  0x00005fce      0x126 ./Middlewares/MotorControl/circle_limitation.o
 .debug_abbrev  0x000060f4      0x2a4 ./Middlewares/MotorControl/mcpa.o
 .debug_abbrev  0x00006398      0x196 ./Middlewares/MotorControl/ntc_temperature_sensor.o
 .debug_abbrev  0x0000652e      0x1b1 ./Middlewares/MotorControl/pid_regulator.o
 .debug_abbrev  0x000066df      0x1df ./Middlewares/MotorControl/pqd_motor_power_measurement.o
 .debug_abbrev  0x000068be      0x4bc ./Middlewares/MotorControl/r3_2_g4xx_pwm_curr_fdbk.o
 .debug_abbrev  0x00006d7a      0x182 ./Middlewares/MotorControl/r_divider_bus_voltage_sensor.o
 .debug_abbrev  0x00006efc      0x1fd ./Middlewares/MotorControl/ramp_ext_mngr.o
 .debug_abbrev  0x000070f9      0x329 ./Middlewares/MotorControl/revup_ctrl.o
 .debug_abbrev  0x00007422      0x1bc ./Middlewares/MotorControl/speed_pos_fdbk.o
 .debug_abbrev  0x000075de      0x331 ./Middlewares/MotorControl/sto_pll_speed_pos_fdbk.o
 .debug_abbrev  0x0000790f      0x212 ./Middlewares/MotorControl/virtual_speed_sensor.o

.debug_aranges  0x00000000     0x16d8
 .debug_aranges
                0x00000000       0x28 ./Application/Startup/startup_stm32g431cbux.o
 .debug_aranges
                0x00000028       0x60 ./Application/User/aspep.o
 .debug_aranges
                0x00000088       0x28 ./Application/User/hf_registers.o
 .debug_aranges
                0x000000b0       0x30 ./Application/User/main.o
 .debug_aranges
                0x000000e0      0x190 ./Application/User/mc_api.o
 .debug_aranges
                0x00000270       0x28 ./Application/User/mc_app_hooks.o
 .debug_aranges
                0x00000298       0x18 ./Application/User/mc_config.o
 .debug_aranges
                0x000002b0       0x18 ./Application/User/mc_config_common.o
 .debug_aranges
                0x000002c8       0x18 ./Application/User/mc_configuration_registers.o
 .debug_aranges
                0x000002e0      0x1a8 ./Application/User/mc_interface.o
 .debug_aranges
                0x00000488       0x48 ./Application/User/mc_math.o
 .debug_aranges
                0x000004d0       0x18 ./Application/User/mc_parameters.o
 .debug_aranges
                0x000004e8       0x78 ./Application/User/mc_tasks.o
 .debug_aranges
                0x00000560       0x50 ./Application/User/mc_tasks_foc.o
 .debug_aranges
                0x000005b0       0x38 ./Application/User/mcp.o
 .debug_aranges
                0x000005e8       0x18 ./Application/User/mcp_config.o
 .debug_aranges
                0x00000600       0x20 ./Application/User/motorcontrol.o
 .debug_aranges
                0x00000620       0x28 ./Application/User/pwm_common.o
 .debug_aranges
                0x00000648      0x110 ./Application/User/pwm_curr_fdbk.o
 .debug_aranges
                0x00000758       0x40 ./Application/User/regular_conversion_manager.o
 .debug_aranges
                0x00000798       0x80 ./Application/User/speed_torq_ctrl.o
 .debug_aranges
                0x00000818       0x38 ./Application/User/stm32_mc_common_it.o
 .debug_aranges
                0x00000850       0x98 ./Application/User/stm32g4xx_hal_msp.o
 .debug_aranges
                0x000008e8       0x30 ./Application/User/stm32g4xx_mc_it.o
 .debug_aranges
                0x00000918       0x40 ./Application/User/sync_registers.o
 .debug_aranges
                0x00000958       0x48 ./Application/User/usart_aspep_driver.o
 .debug_aranges
                0x000009a0       0x28 ./Drivers/CMSIS/system_stm32g4xx.o
 .debug_aranges
                0x000009c8      0x148 ./Drivers/STM32G4xx_HAL_Driver/stm32g4xx_hal.o
 .debug_aranges
                0x00000b10       0xb8 ./Drivers/STM32G4xx_HAL_Driver/stm32g4xx_hal_cortex.o
 .debug_aranges
                0x00000bc8       0x78 ./Drivers/STM32G4xx_HAL_Driver/stm32g4xx_hal_dma.o
 .debug_aranges
                0x00000c40       0x58 ./Drivers/STM32G4xx_HAL_Driver/stm32g4xx_hal_gpio.o
 .debug_aranges
                0x00000c98      0x140 ./Drivers/STM32G4xx_HAL_Driver/stm32g4xx_hal_pwr_ex.o
 .debug_aranges
                0x00000dd8       0x90 ./Drivers/STM32G4xx_HAL_Driver/stm32g4xx_hal_rcc.o
 .debug_aranges
                0x00000e68       0xb0 ./Drivers/STM32G4xx_HAL_Driver/stm32g4xx_hal_rcc_ex.o
 .debug_aranges
                0x00000f18      0x238 ./Drivers/STM32G4xx_HAL_Driver/stm32g4xx_hal_uart.o
 .debug_aranges
                0x00001150       0x98 ./Drivers/STM32G4xx_HAL_Driver/stm32g4xx_hal_uart_ex.o
 .debug_aranges
                0x000011e8       0x28 ./Middlewares/MotorControl/bus_voltage_sensor.o
 .debug_aranges
                0x00001210       0x20 ./Middlewares/MotorControl/circle_limitation.o
 .debug_aranges
                0x00001230       0x30 ./Middlewares/MotorControl/mcpa.o
 .debug_aranges
                0x00001260       0x30 ./Middlewares/MotorControl/ntc_temperature_sensor.o
 .debug_aranges
                0x00001290       0xd8 ./Middlewares/MotorControl/pid_regulator.o
 .debug_aranges
                0x00001368       0x30 ./Middlewares/MotorControl/pqd_motor_power_measurement.o
 .debug_aranges
                0x00001398       0xd8 ./Middlewares/MotorControl/r3_2_g4xx_pwm_curr_fdbk.o
 .debug_aranges
                0x00001470       0x28 ./Middlewares/MotorControl/r_divider_bus_voltage_sensor.o
 .debug_aranges
                0x00001498       0x50 ./Middlewares/MotorControl/ramp_ext_mngr.o
 .debug_aranges
                0x000014e8       0x78 ./Middlewares/MotorControl/revup_ctrl.o
 .debug_aranges
                0x00001560       0x50 ./Middlewares/MotorControl/speed_pos_fdbk.o
 .debug_aranges
                0x000015b0       0xb8 ./Middlewares/MotorControl/sto_pll_speed_pos_fdbk.o
 .debug_aranges
                0x00001668       0x70 ./Middlewares/MotorControl/virtual_speed_sensor.o

.debug_str      0x00000000   0x107c49
 .debug_str     0x00000000   0x107c49 ./Application/Startup/startup_stm32g431cbux.o
                                 0x92 (size before relaxing)
 .debug_str     0x00107c49    0xf94c6 ./Application/User/aspep.o
 .debug_str     0x00107c49    0xf7e2a ./Application/User/hf_registers.o
 .debug_str     0x00107c49    0xfad24 ./Application/User/main.o
 .debug_str     0x00107c49    0xf5524 ./Application/User/mc_api.o
 .debug_str     0x00107c49    0xf33fd ./Application/User/mc_app_hooks.o
 .debug_str     0x00107c49    0xfb3e5 ./Application/User/mc_config.o
 .debug_str     0x00107c49    0xfa236 ./Application/User/mc_config_common.o
 .debug_str     0x00107c49    0xfc84f ./Application/User/mc_configuration_registers.o
 .debug_str     0x00107c49    0xfa834 ./Application/User/mc_interface.o
 .debug_str     0x00107c49    0xf5c04 ./Application/User/mc_math.o
 .debug_str     0x00107c49    0xf9d28 ./Application/User/mc_parameters.o
 .debug_str     0x00107c49    0xfbb9c ./Application/User/mc_tasks.o
 .debug_str     0x00107c49    0xfc2dc ./Application/User/mc_tasks_foc.o
 .debug_str     0x00107c49    0xfddb1 ./Application/User/mcp.o
 .debug_str     0x00107c49    0xf9aa8 ./Application/User/mcp_config.o
 .debug_str     0x00107c49    0xfaae4 ./Application/User/motorcontrol.o
 .debug_str     0x00107c49    0xf373d ./Application/User/pwm_common.o
 .debug_str     0x00107c49    0xf63e4 ./Application/User/pwm_curr_fdbk.o
 .debug_str     0x00107c49    0xf3efc ./Application/User/regular_conversion_manager.o
 .debug_str     0x00107c49    0xf3ab9 ./Application/User/speed_torq_ctrl.o
 .debug_str     0x00107c49    0xf9e1f ./Application/User/stm32_mc_common_it.o
 .debug_str     0x00107c49    0xfb25c ./Application/User/stm32g4xx_hal_msp.o
 .debug_str     0x00107c49    0xfa079 ./Application/User/stm32g4xx_mc_it.o
 .debug_str     0x00107c49   0x101d60 ./Application/User/sync_registers.o
 .debug_str     0x00107c49    0xf91b8 ./Application/User/usart_aspep_driver.o
 .debug_str     0x00107c49    0xdaddf ./Drivers/CMSIS/system_stm32g4xx.o
 .debug_str     0x00107c49    0xdb975 ./Drivers/STM32G4xx_HAL_Driver/stm32g4xx_hal.o
 .debug_str     0x00107c49    0xdb5df ./Drivers/STM32G4xx_HAL_Driver/stm32g4xx_hal_cortex.o
 .debug_str     0x00107c49    0xdb1be ./Drivers/STM32G4xx_HAL_Driver/stm32g4xx_hal_dma.o
 .debug_str     0x00107c49    0xdaf6f ./Drivers/STM32G4xx_HAL_Driver/stm32g4xx_hal_gpio.o
 .debug_str     0x00107c49    0xdb2d2 ./Drivers/STM32G4xx_HAL_Driver/stm32g4xx_hal_pwr_ex.o
 .debug_str     0x00107c49    0xdb4dd ./Drivers/STM32G4xx_HAL_Driver/stm32g4xx_hal_rcc.o
 .debug_str     0x00107c49    0xdb4de ./Drivers/STM32G4xx_HAL_Driver/stm32g4xx_hal_rcc_ex.o
 .debug_str     0x00107c49    0xdbdb0 ./Drivers/STM32G4xx_HAL_Driver/stm32g4xx_hal_uart.o
 .debug_str     0x00107c49    0xdb59d ./Drivers/STM32G4xx_HAL_Driver/stm32g4xx_hal_uart_ex.o
 .debug_str     0x00107c49    0xf34d2 ./Middlewares/MotorControl/bus_voltage_sensor.o
 .debug_str     0x00107c49    0xf5afe ./Middlewares/MotorControl/circle_limitation.o
 .debug_str     0x00107c49    0xf9f6f ./Middlewares/MotorControl/mcpa.o