C:/Users/mearm/.st_workbench/projects/armaan-kingval/Src/sync_registers.c:33:9:RI_SetRegisterGlobal	4	static
C:/Users/mearm/.st_workbench/projects/armaan-kingval/Src/sync_registers.c:167:9:RI_SetRegisterMotor1	24	static
C:/Users/mearm/.st_workbench/projects/armaan-kingval/Src/sync_registers.c:616:9:RI_GetRegisterGlobal	8	static
C:/Users/mearm/.st_workbench/projects/armaan-kingval/Src/sync_registers.c:761:11:RI_GetRegisterMotor1	96	static
C:/Users/mearm/.st_workbench/projects/armaan-kingval/Src/sync_registers.c:1348:9:RI_MovString	4	static
