2026-03-01 01:15:36,032 [INFO] Activator:176 - 


2026-03-01 01:15:36,034 [INFO] Activator:177 - !SESSION log4j initialized
2026-03-01 01:15:39,988 [INFO] LogOutputStream:77 - [STDOUT_REDIRECT] 
2026-03-01 01:15:43,619 [INFO] ApplicationProperties:184 - Using Application install path: C:\ST\STM32CubeIDE_1.15.1\STM32CubeIDE\plugins\com.st.stm32cube.common.mx_6.11.1.202404110753
2026-03-01 01:15:43,642 [INFO] DbMcusXml:78 - Set database path to: C:\ST\STM32CubeIDE_1.15.1\STM32CubeIDE\plugins\com.st.stm32cube.common.mx_6.11.1.202404110753\\db\/mcu/
2026-03-01 01:15:43,643 [INFO] ApiDb:274 - Set plugin database path to: C:\ST\STM32CubeIDE_1.15.1\STM32CubeIDE\plugins\com.st.stm32cube.common.mx_6.11.1.202404110753\\db\/plugins/boardmanager/
2026-03-01 01:15:43,643 [WARN] ApiDb:259 - Overriding images path with different value:  => C:\ST\STM32CubeIDE_1.15.1\STM32CubeIDE\plugins\com.st.stm32cube.common.mx_6.11.1.202404110753\\db\/plugins/mcufinder/images/
2026-03-01 01:15:43,656 [INFO] ApiDb:250 - Set database path to: C:\Users\mearm\.stmcufinder\plugins\mcufinder//mcu/
2026-03-01 01:15:43,658 [INFO] DbMcusAds:125 - Set database path to: C:\Users\mearm\.stmcufinder\plugins\mcufinder//mcu/
2026-03-01 01:15:43,661 [INFO] CrossReferenceDbSqlite:203 - Set database path to: C:\Users\mearm\.stmcufinder\plugins\mcufinder//mcu/cs/
2026-03-01 01:15:43,838 [INFO] RulesReader:64 - Compatibility file has been processed (297 Rules)
2026-03-01 01:15:44,143 [INFO] DbMcusXml:78 - Set database path to: C:\ST\STM32CubeIDE_1.15.1\STM32CubeIDE\plugins\com.st.stm32cube.common.mx_6.11.1.202404110753\\db\/mcu/
2026-03-01 01:15:44,143 [INFO] ApiDb:274 - Set plugin database path to: C:\ST\STM32CubeIDE_1.15.1\STM32CubeIDE\plugins\com.st.stm32cube.common.mx_6.11.1.202404110753\\db\/plugins/boardmanager/
2026-03-01 01:15:44,144 [INFO] ApiDb:261 - Set plugin images path to: C:\ST\STM32CubeIDE_1.15.1\STM32CubeIDE\plugins\com.st.stm32cube.common.mx_6.11.1.202404110753\\db\/plugins/mcufinder/images/
2026-03-01 01:15:44,144 [WARN] DbFile:41 - Overriding database path with different value: C:\Users\mearm\.stmcufinder\plugins\mcufinder/ => C:\Users\mearm\.stmcufinder\plugins\mcufinder
2026-03-01 01:15:44,144 [INFO] ApiDb:250 - Set database path to: C:\Users\mearm\.stmcufinder\plugins\mcufinder//mcu/
2026-03-01 01:15:44,145 [WARN] DbFile:41 - Overriding database path with different value: C:\Users\mearm\.stmcufinder\plugins\mcufinder/ => C:\Users\mearm\.stmcufinder\plugins\mcufinder
2026-03-01 01:15:44,145 [INFO] DbMcusAds:125 - Set database path to: C:\Users\mearm\.stmcufinder\plugins\mcufinder//mcu/
2026-03-01 01:15:44,145 [WARN] DbFile:41 - Overriding database path with different value: C:\Users\mearm\.stmcufinder\plugins\mcufinder/ => C:\Users\mearm\.stmcufinder\plugins\mcufinder
2026-03-01 01:15:44,145 [WARN] DbFile:41 - Overriding database path with different value: C:\Users\mearm\.stmcufinder\plugins\mcufinder/ => C:\Users\mearm\.stmcufinder\plugins\mcufinder
2026-03-01 01:15:44,145 [INFO] CrossReferenceDbSqlite:203 - Set database path to: C:\Users\mearm\.stmcufinder\plugins\mcufinder//mcu/cs/
2026-03-01 01:15:44,348 [INFO] MainPanel:264 - HeapMemory: 268435456
2026-03-01 01:15:44,501 [INFO] DbMcusXml:78 - Set database path to: C:\ST\STM32CubeIDE_1.15.1\STM32CubeIDE\plugins\com.st.stm32cube.common.mx_6.11.1.202404110753\\db\/mcu/
2026-03-01 01:15:44,502 [INFO] ApiDb:274 - Set plugin database path to: C:\ST\STM32CubeIDE_1.15.1\STM32CubeIDE\plugins\com.st.stm32cube.common.mx_6.11.1.202404110753\\db\/plugins/boardmanager/
2026-03-01 01:15:44,502 [INFO] ApiDb:261 - Set plugin images path to: C:\ST\STM32CubeIDE_1.15.1\STM32CubeIDE\plugins\com.st.stm32cube.common.mx_6.11.1.202404110753\\db\/plugins/mcufinder/images/
2026-03-01 01:15:44,502 [WARN] DbFile:41 - Overriding database path with different value: C:\Users\mearm\.stmcufinder\plugins\mcufinder/ => C:\Users\mearm\.stmcufinder\plugins\mcufinder
2026-03-01 01:15:44,502 [INFO] ApiDb:250 - Set database path to: C:\Users\mearm\.stmcufinder\plugins\mcufinder//mcu/
2026-03-01 01:15:44,503 [WARN] DbFile:41 - Overriding database path with different value: C:\Users\mearm\.stmcufinder\plugins\mcufinder/ => C:\Users\mearm\.stmcufinder\plugins\mcufinder
2026-03-01 01:15:44,503 [INFO] DbMcusAds:125 - Set database path to: C:\Users\mearm\.stmcufinder\plugins\mcufinder//mcu/
2026-03-01 01:15:44,503 [WARN] DbFile:41 - Overriding database path with different value: C:\Users\mearm\.stmcufinder\plugins\mcufinder/ => C:\Users\mearm\.stmcufinder\plugins\mcufinder
2026-03-01 01:15:44,503 [WARN] DbFile:41 - Overriding database path with different value: C:\Users\mearm\.stmcufinder\plugins\mcufinder/ => C:\Users\mearm\.stmcufinder\plugins\mcufinder
2026-03-01 01:15:44,503 [INFO] CrossReferenceDbSqlite:203 - Set database path to: C:\Users\mearm\.stmcufinder\plugins\mcufinder//mcu/cs/
2026-03-01 01:15:44,533 [INFO] ApplicationProperties:184 - Using Application install path: C:\ST\STM32CubeIDE_1.15.1\STM32CubeIDE\plugins\com.st.stm32cube.common.mx_6.11.1.202404110753
2026-03-01 01:15:44,535 [INFO] PluginManage:196 - Search for loadable plugins [exclusion list=, ]
2026-03-01 01:15:44,536 [INFO] PluginManage:310 - Check plugin analytics
2026-03-01 01:15:44,823 [INFO] AnalyticsPlugin:253 - Accepted Software Licenses: STM32CubeMX.6.17.0
2026-03-01 01:15:44,823 [INFO] AnalyticsPlugin:255 - Accepted CMSIS Pack Licenses: 
2026-03-01 01:15:44,824 [INFO] AnalyticsPlugin:257 - Accepted Firmware Licenses: FW.F4.1.28.0,FW.G4.1.6.0,FW.G4.1.6.1
2026-03-01 01:15:44,827 [INFO] PluginManage:359 - Loaded plugin analytics (category:tool,tabindex:-1)
2026-03-01 01:15:44,828 [INFO] PluginManage:310 - Check plugin cadmodel
2026-03-01 01:15:44,856 [INFO] CADModel:105 - Init CAD model plugin
2026-03-01 01:15:44,856 [INFO] PluginManage:359 - Loaded plugin cadmodel (category:power,tabindex:5)
2026-03-01 01:15:44,856 [INFO] PluginManage:310 - Check plugin clock
2026-03-01 01:15:44,890 [INFO] PluginManage:359 - Loaded plugin clock (category:base,tabindex:2)
2026-03-01 01:15:44,890 [INFO] PluginManage:310 - Check plugin ddr
2026-03-01 01:15:44,893 [INFO] PluginManage:359 - Loaded plugin ddr (category:tool,tabindex:6)
2026-03-01 01:15:44,893 [INFO] PluginManage:310 - Check plugin filemanager
2026-03-01 01:15:45,135 [INFO] PluginManage:359 - Loaded plugin filemanager (category:base,tabindex:10)
2026-03-01 01:15:45,135 [INFO] PluginManage:310 - Check plugin ipmanager
2026-03-01 01:15:45,148 [INFO] PluginManage:359 - Loaded plugin ipmanager (category:base,tabindex:5)
2026-03-01 01:15:45,149 [INFO] PluginManage:310 - Check plugin lpbam
2026-03-01 01:15:45,173 [INFO] PluginManage:359 - Loaded plugin lpbam (category:base,tabindex:0)
2026-03-01 01:15:45,174 [INFO] PluginManage:310 - Check plugin memorymap
2026-03-01 01:15:45,206 [INFO] PluginManage:359 - Loaded plugin memorymap (category:base,tabindex:4)
2026-03-01 01:15:45,206 [INFO] PluginManage:310 - Check plugin pinoutandconfiguration
2026-03-01 01:15:45,230 [INFO] PluginManage:359 - Loaded plugin pinoutandconfiguration (category:base,tabindex:1)
2026-03-01 01:15:45,231 [INFO] PluginManage:310 - Check plugin pinoutconfig
2026-03-01 01:15:45,351 [WARN] SupportedApi:132 - Cannot load RTOS API schema: s4s-elt-must-match.1: The content of 'definitions' must match (annotation?, (simpleType | complexType)?, (unique | key | keyref)*)). A problem was found starting at: attribute.
2026-03-01 01:15:45,507 [INFO] PluginManage:359 - Loaded plugin pinoutconfig (category:base,tabindex:0)
2026-03-01 01:15:45,507 [INFO] PluginManage:310 - Check plugin power
2026-03-01 01:15:45,533 [INFO] PluginManage:359 - Loaded plugin power (category:power,tabindex:4)
2026-03-01 01:15:45,534 [INFO] PluginManage:310 - Check plugin projectmanager
2026-03-01 01:15:45,554 [INFO] PluginManage:359 - Loaded plugin projectmanager (category:projectmanager,tabindex:3)
2026-03-01 01:15:45,555 [INFO] PluginManage:310 - Check plugin thirdparty
2026-03-01 01:15:45,862 [INFO] PluginManage:359 - Loaded plugin thirdparty (category:base,tabindex:-1)
2026-03-01 01:15:45,862 [WARN] IntegrityCheckThread:84 - waiting for thirdparty lock release [integrity check]
2026-03-01 01:15:45,862 [INFO] PluginManage:310 - Check plugin tools
2026-03-01 01:15:45,862 [INFO] IntegrityCheckThread:86 - entering critical section [integrity check]
2026-03-01 01:15:45,862 [INFO] ThirdPartyUpdaterWithRetryManager:70 - Updater plugin not ready yet. [1/15]
2026-03-01 01:15:45,920 [INFO] PluginManage:359 - Loaded plugin tools (category:base,tabindex:7)
2026-03-01 01:15:45,920 [INFO] PluginManage:310 - Check plugin tutovideos
2026-03-01 01:15:46,147 [INFO] PluginManage:359 - Loaded plugin tutovideos (category:base,tabindex:-1)
2026-03-01 01:15:46,147 [INFO] PluginManage:310 - Check plugin updater
2026-03-01 01:15:46,161 [INFO] PluginManage:359 - Loaded plugin updater (category:base,tabindex:12)
2026-03-01 01:15:46,161 [INFO] PluginManage:310 - Check plugin userauth
2026-03-01 01:15:46,169 [INFO] UserAuth:114 - Init User Auth plugin
2026-03-01 01:15:46,169 [INFO] PluginManage:359 - Loaded plugin userauth (category:base,tabindex:14)
2026-03-01 01:15:46,170 [INFO] PluginManage:283 - PluginManage : Loaded plugins [17]
2026-03-01 01:15:46,474 [INFO] PinOutPanel:1561 - setPackage(No Configuration,No Configuration)
2026-03-01 01:15:46,595 [INFO] CADModel:165 - CPN selected for project level
2026-03-01 01:15:46,595 [INFO] CADModel:114 - Register for checkConnection events
2026-03-01 01:15:46,635 [INFO] IPUIPlugin:80 - create IPUIPlugin
2026-03-01 01:15:46,636 [INFO] PluginManager:220 - loadIPPluginJar : add adc
2026-03-01 01:15:46,696 [INFO] IPUIPlugin:80 - create IPUIPlugin
2026-03-01 01:15:46,697 [INFO] PluginManager:220 - loadIPPluginJar : add aes
2026-03-01 01:15:46,762 [INFO] IPUIPlugin:80 - create IPUIPlugin
2026-03-01 01:15:46,762 [INFO] PluginManager:220 - loadIPPluginJar : add can
2026-03-01 01:15:46,805 [INFO] IPUIPlugin:80 - create IPUIPlugin
2026-03-01 01:15:46,806 [INFO] PluginManager:220 - loadIPPluginJar : add comp
2026-03-01 01:15:46,862 [INFO] IPUIPlugin:80 - create IPUIPlugin
2026-03-01 01:15:46,862 [INFO] PluginManager:220 - loadIPPluginJar : add cryp
2026-03-01 01:15:46,909 [INFO] IPUIPlugin:80 - create IPUIPlugin
2026-03-01 01:15:46,909 [INFO] PluginManager:220 - loadIPPluginJar : add dfsdm
2026-03-01 01:15:46,930 [INFO] IPUIPlugin:80 - create IPUIPlugin
2026-03-01 01:15:46,931 [INFO] PluginManager:220 - loadIPPluginJar : add dma
2026-03-01 01:15:47,009 [INFO] IPUIPlugin:80 - create IPUIPlugin
2026-03-01 01:15:47,009 [INFO] PluginManager:220 - loadIPPluginJar : add dma3
2026-03-01 01:15:47,084 [INFO] IPUIPlugin:80 - create IPUIPlugin
2026-03-01 01:15:47,084 [INFO] PluginManager:220 - loadIPPluginJar : add extmemmanager
2026-03-01 01:15:47,119 [INFO] IPUIPlugin:80 - create IPUIPlugin
2026-03-01 01:15:47,119 [INFO] PluginManager:220 - loadIPPluginJar : add fatfs
2026-03-01 01:15:47,194 [INFO] IPUIPlugin:80 - create IPUIPlugin
2026-03-01 01:15:47,194 [INFO] PluginManager:220 - loadIPPluginJar : add fmc
2026-03-01 01:15:47,218 [INFO] IPUIPlugin:80 - create IPUIPlugin
2026-03-01 01:15:47,218 [INFO] PluginManager:220 - loadIPPluginJar : add freertos
2026-03-01 01:15:47,248 [INFO] IPUIPlugin:80 - create IPUIPlugin
2026-03-01 01:15:47,249 [INFO] PluginManager:220 - loadIPPluginJar : add genericplugin
2026-03-01 01:15:47,399 [INFO] IPUIPlugin:80 - create IPUIPlugin
2026-03-01 01:15:47,400 [INFO] PluginManager:220 - loadIPPluginJar : add gfxmmu
2026-03-01 01:15:47,605 [INFO] IPUIPlugin:80 - create IPUIPlugin
2026-03-01 01:15:47,605 [INFO] PluginManager:220 - loadIPPluginJar : add gic
2026-03-01 01:15:47,625 [INFO] IPUIPlugin:80 - create IPUIPlugin
2026-03-01 01:15:47,625 [INFO] PluginManager:220 - loadIPPluginJar : add gpio
2026-03-01 01:15:47,770 [INFO] IPUIPlugin:80 - create IPUIPlugin
2026-03-01 01:15:47,770 [INFO] PluginManager:220 - loadIPPluginJar : add gtzc
2026-03-01 01:15:47,821 [INFO] IPUIPlugin:80 - create IPUIPlugin
2026-03-01 01:15:47,821 [INFO] PluginManager:220 - loadIPPluginJar : add hash
2026-03-01 01:15:47,904 [INFO] IPUIPlugin:80 - create IPUIPlugin
2026-03-01 01:15:47,904 [INFO] PluginManager:220 - loadIPPluginJar : add i2c
2026-03-01 01:15:47,965 [INFO] IPUIPlugin:80 - create IPUIPlugin
2026-03-01 01:15:47,965 [INFO] PluginManager:220 - loadIPPluginJar : add i2s
2026-03-01 01:15:48,027 [INFO] IPUIPlugin:80 - create IPUIPlugin
2026-03-01 01:15:48,027 [INFO] PluginManager:220 - loadIPPluginJar : add i3c
2026-03-01 01:15:48,180 [INFO] IPUIPlugin:80 - create IPUIPlugin
2026-03-01 01:15:48,180 [INFO] PluginManager:220 - loadIPPluginJar : add ipddr
2026-03-01 01:15:48,321 [INFO] IPUIPlugin:80 - create IPUIPlugin
2026-03-01 01:15:48,321 [INFO] PluginManager:220 - loadIPPluginJar : add linkedlist
2026-03-01 01:15:48,377 [INFO] IPUIPlugin:80 - create IPUIPlugin
2026-03-01 01:15:48,377 [INFO] PluginManager:220 - loadIPPluginJar : add lorawan
2026-03-01 01:15:48,435 [INFO] IPUIPlugin:80 - create IPUIPlugin
2026-03-01 01:15:48,436 [INFO] PluginManager:220 - loadIPPluginJar : add ltdc
2026-03-01 01:15:48,458 [INFO] IPUIPlugin:80 - create IPUIPlugin
2026-03-01 01:15:48,458 [INFO] PluginManager:220 - loadIPPluginJar : add mdma
2026-03-01 01:15:48,478 [INFO] IPUIPlugin:80 - create IPUIPlugin
2026-03-01 01:15:48,478 [INFO] PluginManager:220 - loadIPPluginJar : add nvic
2026-03-01 01:15:48,543 [INFO] IPUIPlugin:80 - create IPUIPlugin
2026-03-01 01:15:48,544 [INFO] PluginManager:220 - loadIPPluginJar : add opamp
2026-03-01 01:15:48,638 [INFO] IPUIPlugin:80 - create IPUIPlugin
2026-03-01 01:15:48,638 [INFO] PluginManager:220 - loadIPPluginJar : add openamp
2026-03-01 01:15:48,707 [INFO] IPUIPlugin:80 - create IPUIPlugin
2026-03-01 01:15:48,708 [INFO] PluginManager:220 - loadIPPluginJar : add pdm2pcm
2026-03-01 01:15:48,728 [INFO] IPUIPlugin:80 - create IPUIPlugin
2026-03-01 01:15:48,731 [INFO] PluginManager:220 - loadIPPluginJar : add plateformsettings
2026-03-01 01:15:48,771 [INFO] IPUIPlugin:80 - create IPUIPlugin
2026-03-01 01:15:48,771 [INFO] PluginManager:220 - loadIPPluginJar : add quadspi
2026-03-01 01:15:48,790 [INFO] IPUIPlugin:80 - create IPUIPlugin
2026-03-01 01:15:48,790 [INFO] PluginManager:220 - loadIPPluginJar : add resmgrutility
2026-03-01 01:15:48,864 [INFO] ThirdPartyUpdaterWithRetryManager:70 - Updater plugin not ready yet. [2/15]
2026-03-01 01:15:48,865 [INFO] IPUIPlugin:80 - create IPUIPlugin
2026-03-01 01:15:48,866 [INFO] PluginManager:220 - loadIPPluginJar : add sai
2026-03-01 01:15:48,925 [INFO] IPUIPlugin:80 - create IPUIPlugin
2026-03-01 01:15:48,925 [INFO] PluginManager:220 - loadIPPluginJar : add spi
2026-03-01 01:15:49,036 [INFO] IPUIPlugin:80 - create IPUIPlugin
2026-03-01 01:15:49,036 [INFO] PluginManager:220 - loadIPPluginJar : add stm32_wpan
2026-03-01 01:15:49,074 [INFO] IPUIPlugin:80 - create IPUIPlugin
2026-03-01 01:15:49,074 [INFO] PluginManager:220 - loadIPPluginJar : add tim
2026-03-01 01:15:49,170 [INFO] IPUIPlugin:80 - create IPUIPlugin
2026-03-01 01:15:49,170 [INFO] PluginManager:220 - loadIPPluginJar : add touchsensing
2026-03-01 01:15:49,208 [INFO] IPUIPlugin:80 - create IPUIPlugin
2026-03-01 01:15:49,208 [INFO] PluginManager:220 - loadIPPluginJar : add tracer_emb
2026-03-01 01:15:49,247 [INFO] IPUIPlugin:80 - create IPUIPlugin
2026-03-01 01:15:49,247 [INFO] PluginManager:220 - loadIPPluginJar : add ts
2026-03-01 01:15:49,284 [INFO] IPUIPlugin:80 - create IPUIPlugin
2026-03-01 01:15:49,284 [INFO] PluginManager:220 - loadIPPluginJar : add tsc
2026-03-01 01:15:49,317 [INFO] IPUIPlugin:80 - create IPUIPlugin
2026-03-01 01:15:49,318 [INFO] PluginManager:220 - loadIPPluginJar : add ucpd
2026-03-01 01:15:49,386 [INFO] IPUIPlugin:80 - create IPUIPlugin
2026-03-01 01:15:49,386 [INFO] PluginManager:220 - loadIPPluginJar : add usart
2026-03-01 01:15:49,447 [INFO] IPUIPlugin:80 - create IPUIPlugin
2026-03-01 01:15:49,448 [INFO] PluginManager:220 - loadIPPluginJar : add usbx
2026-03-01 01:15:49,587 [INFO] CADModel:165 - CPN selected for project level
2026-03-01 01:15:49,587 [INFO] CADModel:114 - Register for checkConnection events
2026-03-01 01:15:49,587 [FATAL] Updater:308 - Updater called before beeing initialized
2026-03-01 01:15:49,587 [ERROR] CADModel:125 - Updater not yet initialized, retry later 
2026-03-01 01:15:49,757 [INFO] CADModel:165 - CPN selected for project level
2026-03-01 01:15:49,757 [INFO] CADModel:114 - Register for checkConnection events
2026-03-01 01:15:49,757 [FATAL] Updater:308 - Updater called before beeing initialized
2026-03-01 01:15:49,757 [ERROR] CADModel:125 - Updater not yet initialized, retry later 
2026-03-01 01:15:49,761 [FATAL] Updater:308 - Updater called before beeing initialized
2026-03-01 01:15:49,889 [FATAL] Updater:308 - Updater called before beeing initialized
2026-03-01 01:15:49,893 [INFO] DbMcusAds:53 - JSON generation date=Wed Feb 18 09:32:49 EST 2026 (1771425169371)
2026-03-01 01:15:49,894 [FATAL] Updater:308 - Updater called before beeing initialized
2026-03-01 01:15:50,000 [WARN] DetailPanel:346 - Failed to get advertising image, set to default
2026-03-01 01:15:50,117 [FATAL] Updater:308 - Updater called before beeing initialized
2026-03-01 01:15:50,120 [FATAL] Updater:308 - Updater called before beeing initialized
2026-03-01 01:15:50,120 [FATAL] Updater:308 - Updater called before beeing initialized
2026-03-01 01:15:50,120 [WARN] DetailPanel:346 - Failed to get advertising image, set to default
2026-03-01 01:15:50,121 [FATAL] Updater:308 - Updater called before beeing initialized
2026-03-01 01:15:50,194 [ERROR] Updater:1120 - MainUpdater not yet initialized. External WinMGr cannot be set.
2026-03-01 01:15:50,211 [INFO] Updater:1056 - Updater Version found : 6.11.1
2026-03-01 01:15:50,233 [INFO] ApplicationProperties:184 - Using Application install path: C:\ST\STM32CubeIDE_1.15.1\STM32CubeIDE\plugins\com.st.stm32cube.common.mx_6.11.1.202404110753
2026-03-01 01:15:51,814 [ERROR] LogOutputStream:75 - [STDERR_REDIRECT] Mar 01, 2026 1:15:51 AM java.util.prefs.WindowsPreferences <init>
2026-03-01 01:15:51,817 [ERROR] LogOutputStream:75 - [STDERR_REDIRECT] WARNING: Could not open/create prefs root node Software\JavaSoft\Prefs at root 0xffffffff80000002. Windows RegCreateKeyEx(...) returned error code 5.
2026-03-01 01:15:51,817 [ERROR] LogOutputStream:75 - [STDERR_REDIRECT] 
2026-03-01 01:15:51,860 [INFO] MainUpdater:526 - Copy updater definitions from MX database
2026-03-01 01:15:51,864 [INFO] ThirdPartyUpdaterWithRetryManager:70 - Updater plugin not ready yet. [3/15]
2026-03-01 01:15:52,487 [INFO] MainUpdater:2873 - connection check result : 10
2026-03-01 01:15:52,487 [INFO] MainUpdater:3567 - Updater definition file requires update
2026-03-01 01:15:52,491 [INFO] MainUpdater:290 - Updater Check For Update Now.
2026-03-01 01:15:52,491 [INFO] MicroXplorer:498 - Change Database Version : DB.6.0.111
2026-03-01 01:15:52,514 [INFO] McuFinderGlobals:63 - Set McuFinder mode to 2 (CubeIDE integrated)
2026-03-01 01:15:52,528 [INFO] UserAuth:415 - Internet connection configuration mode: 1
2026-03-01 01:15:52,538 [INFO] ServerAccessManage:473 - Download File updaters.zip
2026-03-01 01:15:52,565 [INFO] JxBrowserEngine:152 - Initiate JxBrowser Engine with user profile folder
2026-03-01 01:15:52,637 [INFO] FileExtend:240 - Unzip File : updaters.zip
2026-03-01 01:15:52,638 [INFO] FileExtend:255 - Standard Zip Deflate
2026-03-01 01:15:53,906 [INFO] ServerAccessManage:473 - Download File PacksControlFlags.xml
2026-03-01 01:15:53,983 [INFO] ServerAccessManage:473 - Download File cubemx.pidx
2026-03-01 01:15:54,119 [INFO] LoadServerUpdatesThread:375 - End of LoadServerUpdate Thread
2026-03-01 01:15:54,331 [INFO] CheckServerUpdateThread:120 - End of CheckServer Thread
2026-03-01 01:15:55,246 [WARN] PackLoader:240 - Cannot read IP mode file for STMicroelectronics.FP-SNS-MOTENVWB1.1.4.0
2026-03-01 01:15:55,256 [WARN] PackLoader:240 - Cannot read IP mode file for STMicroelectronics.FP-ATR-ASTRA1.2.0.2
2026-03-01 01:15:55,260 [WARN] PackLoader:240 - Cannot read IP mode file for STMicroelectronics.FP-ATR-ASTRA1.2.0.1
2026-03-01 01:15:55,270 [WARN] PackLoader:240 - Cannot read IP mode file for STMicroelectronics.X-CUBE-SMBUS.2.1.0
2026-03-01 01:15:55,280 [WARN] PackLoader:240 - Cannot read IP mode file for STMicroelectronics.X-CUBE-WB05N.1.1.0
2026-03-01 01:15:55,286 [WARN] PackLoader:240 - Cannot read IP mode file for STMicroelectronics.X-CUBE-TOUCHGFX.4.23.2
2026-03-01 01:15:55,319 [WARN] PackLoader:240 - Cannot read IP mode file for STMicroelectronics.X-CUBE-AZRTOS-F7.1.1.0
2026-03-01 01:15:55,334 [ERROR] Engine:466 - C:\Users\mearm\.stm32cubemx\thirdparties\pdsc\STMicroelectronics.FP-SNS-MOTENV1.5.1.0.pdsc: PDSC version is not supported
2026-03-01 01:15:55,342 [WARN] PackLoader:240 - Cannot read IP mode file for STMicroelectronics.FP-SNS-FLIGHT1.5.0.2
2026-03-01 01:15:55,393 [WARN] PackLoader:240 - Cannot read IP mode file for STMicroelectronics.X-CUBE-AZRTOS-H7.3.4.0
2026-03-01 01:15:55,412 [WARN] PackLoader:240 - Cannot read IP mode file for STMicroelectronics.X-CUBE-DISPLAY.3.0.0
2026-03-01 01:15:55,421 [ERROR] Engine:466 - C:\Users\mearm\.stm32cubemx\thirdparties\pdsc\STMicroelectronics.FP-SNS-MOTENVWB1.1.5.0.pdsc: PDSC version is not supported
2026-03-01 01:15:55,428 [WARN] PackLoader:240 - Cannot read IP mode file for STMicroelectronics.X-CUBE-BLE1.7.0.0
2026-03-01 01:15:55,441 [WARN] PackLoader:240 - Cannot read IP mode file for STMicroelectronics.X-CUBE-NFC10.1.0.0
2026-03-01 01:15:55,469 [WARN] PackLoader:240 - Cannot read IP mode file for STMicroelectronics.X-CUBE-BLEMGR.4.0.0
2026-03-01 01:15:55,479 [ERROR] Engine:466 - C:\Users\mearm\.stm32cubemx\thirdparties\pdsc\STMicroelectronics.X-CUBE-ST60.1.1.0.pdsc: PDSC version is not supported
2026-03-01 01:15:55,489 [WARN] PackLoader:240 - Cannot read IP mode file for emotas.I-CUBE-CANOPEN.1.3.0
2026-03-01 01:15:55,498 [WARN] PackLoader:240 - Cannot read IP mode file for STMicroelectronics.X-CUBE-GNSS1.7.1.0
2026-03-01 01:15:55,509 [WARN] PackLoader:240 - Cannot read IP mode file for STMicroelectronics.X-CUBE-BLEMGR.3.1.0
2026-03-01 01:15:55,519 [WARN] PackLoader:240 - Cannot read IP mode file for STMicroelectronics.X-CUBE-AI.10.0.0
2026-03-01 01:15:55,522 [ERROR] Engine:466 - C:\Users\mearm\.stm32cubemx\thirdparties\pdsc\STMicroelectronics.FP-SNS-STBOX1.2.1.0.pdsc: PDSC version is not supported
2026-03-01 01:15:55,530 [WARN] PackLoader:240 - Cannot read IP mode file for STMicroelectronics.FP-SNS-SMARTAG2.1.2.0
2026-03-01 01:15:55,533 [ERROR] Engine:466 - C:\Users\mearm\.stm32cubemx\thirdparties\pdsc\STMicroelectronics.FP-SNS-FLIGHT1.5.1.0.pdsc: PDSC version is not supported
2026-03-01 01:15:55,587 [WARN] PackLoader:240 - Cannot read IP mode file for STMicroelectronics.X-CUBE-MEMS1.11.1.0
2026-03-01 01:15:55,734 [INFO] LogOutputStream:77 - [STDOUT_REDIRECT] 1 : Invalid condition id : UX_CORESTACK_Condition cause : null
2026-03-01 01:15:55,736 [INFO] LogOutputStream:77 - [STDOUT_REDIRECT] 1 : Invalid condition id : UX_CORESTACK_Condition cause : null
2026-03-01 01:15:55,738 [INFO] LogOutputStream:77 - [STDOUT_REDIRECT] 1 : Invalid condition id : UX_CORESTACK_Condition cause : null
2026-03-01 01:15:55,740 [INFO] LogOutputStream:77 - [STDOUT_REDIRECT] 1 : Invalid condition id : UX_CORESTACK_Condition cause : null
2026-03-01 01:15:55,741 [INFO] LogOutputStream:77 - [STDOUT_REDIRECT] 1 : Invalid condition id : UX_CORESTACK_Condition cause : null
2026-03-01 01:15:55,745 [WARN] PackLoader:240 - Cannot read IP mode file for STMicroelectronics.X-CUBE-AZRTOS-WL.2.0.0
2026-03-01 01:15:55,754 [WARN] PackLoader:240 - Cannot read IP mode file for STMicroelectronics.FP-SNS-MOTENV1.5.0.0
2026-03-01 01:15:55,779 [WARN] PackLoader:240 - Cannot read IP mode file for STMicroelectronics.X-CUBE-AZRTOS-H7RS.1.2.0
2026-03-01 01:15:55,789 [WARN] PackLoader:240 - Cannot read IP mode file for wolfSSL.I-CUBE-wolfMQTT.1.19.0
2026-03-01 01:15:55,804 [WARN] PackLoader:240 - Cannot read IP mode file for WES.I-CUBE-Cesium.1.3.0
2026-03-01 01:15:55,810 [WARN] PackLoader:240 - Cannot read IP mode file for STMicroelectronics.X-CUBE-BLE2.3.3.0
2026-03-01 01:15:55,814 [ERROR] Engine:466 - C:\Users\mearm\.stm32cubemx\thirdparties\pdsc\Avnet-IOTCONNECT.X-CUBE-iotc-st67-sdk.1.0.0.pdsc: PDSC version is not supported
2026-03-01 01:15:55,823 [WARN] PackLoader:240 - Cannot read IP mode file for STMicroelectronics.X-CUBE-NFC9.1.0.0
2026-03-01 01:15:55,830 [WARN] PackLoader:240 - Cannot read IP mode file for STMicroelectronics.X-CUBE-BLE1.7.1.0
2026-03-01 01:15:55,839 [WARN] PackLoader:240 - Cannot read IP mode file for STMicroelectronics.X-CUBE-TCPP.4.1.0
2026-03-01 01:15:55,845 [ERROR] Engine:466 - C:\Users\mearm\.stm32cubemx\thirdparties\pdsc\STMicroelectronics.X-CUBE-FREERTOS.1.4.0.pdsc: PDSC version is not supported
2026-03-01 01:15:55,855 [WARN] PackLoader:240 - Cannot read IP mode file for STMicroelectronics.X-CUBE-EEPRMA1.5.2.0
2026-03-01 01:15:55,917 [WARN] PackLoader:240 - Cannot read IP mode file for STMicroelectronics.X-CUBE-MEMS1.12.0.0
2026-03-01 01:15:56,059 [WARN] PackLoader:240 - Cannot read IP mode file for STMicroelectronics.X-CUBE-MEMS1.11.2.0
2026-03-01 01:15:56,214 [WARN] PackLoader:240 - Cannot read IP mode file for STMicroelectronics.X-CUBE-AZRTOS-G0.1.1.0
2026-03-01 01:15:56,227 [WARN] PackLoader:240 - Cannot read IP mode file for STMicroelectronics.X-CUBE-SAFEA1.1.2.2
2026-03-01 01:15:56,237 [WARN] PackLoader:240 - Cannot read IP mode file for STMicroelectronics.X-CUBE-NFC4.3.0.0
2026-03-01 01:15:56,253 [WARN] PackLoader:240 - Cannot read IP mode file for EmbeddedOffice.I-CUBE-FS-RTOS.1.0.1
2026-03-01 01:15:56,254 [ERROR] ConditionMgr:805 - Attr not supported : Dmpu
2026-03-01 01:15:56,254 [ERROR] ConditionMgr:805 - Attr not supported : Dmpu
2026-03-01 01:15:56,254 [ERROR] ConditionMgr:805 - Attr not supported : Dmpu
2026-03-01 01:15:56,254 [ERROR] ConditionMgr:805 - Attr not supported : Dmpu
2026-03-01 01:15:56,254 [ERROR] ConditionMgr:805 - Attr not supported : Dmpu
2026-03-01 01:15:56,254 [ERROR] ConditionMgr:805 - Attr not supported : Dmpu
2026-03-01 01:15:56,254 [ERROR] ConditionMgr:805 - Attr not supported : Dmpu
2026-03-01 01:15:56,254 [ERROR] ConditionMgr:805 - Attr not supported : Dmpu
2026-03-01 01:15:56,254 [ERROR] ConditionMgr:805 - Attr not supported : Dmpu
2026-03-01 01:15:56,255 [ERROR] ConditionMgr:805 - Attr not supported : Dmpu
2026-03-01 01:15:56,255 [ERROR] ConditionMgr:805 - Attr not supported : Dmpu
2026-03-01 01:15:56,255 [ERROR] ConditionMgr:805 - Attr not supported : Dmpu
2026-03-01 01:15:56,255 [ERROR] ConditionMgr:805 - Attr not supported : Dmpu
2026-03-01 01:15:56,255 [ERROR] ConditionMgr:805 - Attr not supported : Dmpu
2026-03-01 01:15:56,255 [ERROR] ConditionMgr:805 - Attr not supported : Dmpu
2026-03-01 01:15:56,255 [ERROR] ConditionMgr:805 - Attr not supported : Dmpu
2026-03-01 01:15:56,255 [ERROR] ConditionMgr:805 - Attr not supported : Dmpu
2026-03-01 01:15:56,255 [ERROR] ConditionMgr:805 - Attr not supported : Dmpu
2026-03-01 01:15:56,255 [ERROR] ConditionMgr:805 - Attr not supported : Dmpu
2026-03-01 01:15:56,256 [ERROR] ConditionMgr:805 - Attr not supported : Dmpu
2026-03-01 01:15:56,256 [ERROR] ConditionMgr:805 - Attr not supported : Dmpu
2026-03-01 01:15:56,256 [ERROR] ConditionMgr:805 - Attr not supported : Dmpu
2026-03-01 01:15:56,256 [ERROR] ConditionMgr:805 - Attr not supported : Dmpu
2026-03-01 01:15:56,256 [ERROR] ConditionMgr:805 - Attr not supported : Dmpu
2026-03-01 01:15:56,256 [ERROR] ConditionMgr:805 - Attr not supported : Dmpu
2026-03-01 01:15:56,256 [ERROR] ConditionMgr:805 - Attr not supported : Dmpu
2026-03-01 01:15:56,256 [ERROR] ConditionMgr:805 - Attr not supported : Dmpu
2026-03-01 01:15:56,256 [ERROR] ConditionMgr:805 - Attr not supported : Dmpu
2026-03-01 01:15:56,256 [ERROR] ConditionMgr:805 - Attr not supported : Dmpu
2026-03-01 01:15:56,256 [ERROR] ConditionMgr:805 - Attr not supported : Dmpu
2026-03-01 01:15:56,257 [ERROR] ConditionMgr:805 - Attr not supported : Dmpu
2026-03-01 01:15:56,257 [ERROR] ConditionMgr:805 - Attr not supported : Dmpu
2026-03-01 01:15:56,257 [ERROR] ConditionMgr:805 - Attr not supported : Dmpu
2026-03-01 01:15:56,257 [ERROR] ConditionMgr:805 - Attr not supported : Dmpu
2026-03-01 01:15:56,257 [ERROR] ConditionMgr:805 - Attr not supported : Dmpu
2026-03-01 01:15:56,257 [ERROR] ConditionMgr:805 - Attr not supported : Dmpu
2026-03-01 01:15:56,257 [ERROR] ConditionMgr:805 - Attr not supported : Dmpu
2026-03-01 01:15:56,257 [ERROR] ConditionMgr:805 - Attr not supported : Dmpu
2026-03-01 01:15:56,257 [ERROR] ConditionMgr:805 - Attr not supported : Dmpu
2026-03-01 01:15:56,258 [ERROR] ConditionMgr:805 - Attr not supported : Dmpu
2026-03-01 01:15:56,258 [ERROR] ConditionMgr:805 - Attr not supported : Dmpu
2026-03-01 01:15:56,258 [ERROR] ConditionMgr:805 - Attr not supported : Dmpu
2026-03-01 01:15:56,258 [ERROR] ConditionMgr:805 - Attr not supported : Dmpu
2026-03-01 01:15:56,258 [ERROR] ConditionMgr:805 - Attr not supported : Dmpu
2026-03-01 01:15:56,258 [ERROR] ConditionMgr:805 - Attr not supported : Dmpu
2026-03-01 01:15:56,258 [ERROR] ConditionMgr:805 - Attr not supported : Dmpu
2026-03-01 01:15:56,258 [ERROR] ConditionMgr:805 - Attr not supported : Dmpu
2026-03-01 01:15:56,258 [ERROR] ConditionMgr:805 - Attr not supported : Dmpu
2026-03-01 01:15:56,258 [ERROR] ConditionMgr:805 - Attr not supported : Dmpu
2026-03-01 01:15:56,258 [ERROR] ConditionMgr:805 - Attr not supported : Dmpu
2026-03-01 01:15:56,259 [ERROR] ConditionMgr:805 - Attr not supported : Dmpu
2026-03-01 01:15:56,259 [ERROR] ConditionMgr:805 - Attr not supported : Dmpu
2026-03-01 01:15:56,259 [ERROR] ConditionMgr:805 - Attr not supported : Dmpu
2026-03-01 01:15:56,259 [ERROR] ConditionMgr:805 - Attr not supported : Dmpu
2026-03-01 01:15:56,259 [ERROR] ConditionMgr:805 - Attr not supported : Dmpu
2026-03-01 01:15:56,259 [ERROR] ConditionMgr:805 - Attr not supported : Dmpu
2026-03-01 01:15:56,259 [ERROR] ConditionMgr:805 - Attr not supported : Dmpu
2026-03-01 01:15:56,259 [ERROR] ConditionMgr:805 - Attr not supported : Dmpu
2026-03-01 01:15:56,259 [ERROR] ConditionMgr:805 - Attr not supported : Dmpu
2026-03-01 01:15:56,259 [ERROR] ConditionMgr:805 - Attr not supported : Dmpu
2026-03-01 01:15:56,259 [ERROR] ConditionMgr:805 - Attr not supported : Dmpu
2026-03-01 01:15:56,260 [ERROR] ConditionMgr:805 - Attr not supported : Dmpu
2026-03-01 01:15:56,260 [ERROR] ConditionMgr:805 - Attr not supported : Dmpu
2026-03-01 01:15:56,260 [ERROR] ConditionMgr:805 - Attr not supported : Dmpu
2026-03-01 01:15:56,268 [WARN] PackLoader:240 - Cannot read IP mode file for STMicroelectronics.X-CUBE-WB05N.2.0.0
2026-03-01 01:15:56,274 [ERROR] Engine:466 - C:\Users\mearm\.stm32cubemx\thirdparties\pdsc\STMicroelectronics.X-CUBE-TCPP.4.2.0.pdsc: PDSC version is not supported
2026-03-01 01:15:56,284 [WARN] PackLoader:240 - Cannot read IP mode file for RealThread.X-CUBE-RT-Thread_Nano.4.1.1
2026-03-01 01:15:56,291 [WARN] PackLoader:240 - Cannot read IP mode file for wolfSSL.I-CUBE-wolfSSL.5.7.0
2026-03-01 01:15:56,298 [WARN] PackLoader:240 - Cannot read IP mode file for STMicroelectronics.FP-ATR-SIGFOX1.3.2.0
2026-03-01 01:15:56,306 [WARN] ConditionMgr:438 - getConditionDescription Invalid condition id : Cortex-A Device cause : null
2026-03-01 01:15:56,358 [WARN] ConditionMgr:1039 - genDependencies : Invalid condition id : Cortex-A Device cause : null
2026-03-01 01:15:56,359 [WARN] ConditionMgr:1039 - genDependencies : Invalid condition id : Cortex-A Device cause : null
2026-03-01 01:15:56,359 [WARN] ConditionMgr:1039 - genDependencies : Invalid condition id : Cortex-A Device cause : null
2026-03-01 01:15:56,365 [WARN] PackLoader:240 - Cannot read IP mode file for STMicroelectronics.X-CUBE-EEPRMA1.5.1.0
2026-03-01 01:15:56,379 [WARN] PackLoader:240 - Cannot read IP mode file for ITTIA_DB.I-CUBE-ITTIADB.8.9.0
2026-03-01 01:15:56,391 [WARN] PackLoader:240 - Cannot read IP mode file for STMicroelectronics.X-CUBE-NFC6.3.2.0
2026-03-01 01:15:56,400 [WARN] PackLoader:240 - Cannot read IP mode file for STMicroelectronics.X-CUBE-AI.10.2.0
2026-03-01 01:15:56,438 [WARN] PackLoader:240 - Cannot read IP mode file for SEGGER.I-CUBE-embOS.1.3.1
2026-03-01 01:15:56,506 [WARN] PackLoader:240 - Cannot read IP mode file for STMicroelectronics.X-CUBE-ALGOBUILD.1.4.0
2026-03-01 01:15:56,515 [WARN] PackLoader:240 - Cannot read IP mode file for STMicroelectronics.X-CUBE-AI.9.1.0
2026-03-01 01:15:56,524 [WARN] PackLoader:240 - Cannot read IP mode file for STMicroelectronics.X-CUBE-PM33A1.1.0.0
2026-03-01 01:15:56,533 [WARN] PackLoader:240 - Cannot read IP mode file for STMicroelectronics.X-CUBE-GNSS1.6.0.0
2026-03-01 01:15:56,553 [WARN] PackLoader:240 - Cannot read IP mode file for STMicroelectronics.X-CUBE-AZRTOS-F4.1.1.0
2026-03-01 01:15:56,560 [ERROR] Engine:466 - C:\Users\mearm\.stm32cubemx\thirdparties\pdsc\Avnet-IotConnect.X-CUBE-IoTC-DA16k-PMOD.1.0.0.pdsc: PDSC version is not supported
2026-03-01 01:15:56,569 [WARN] PackLoader:240 - Cannot read IP mode file for STMicroelectronics.X-CUBE-ISPU.2.1.0
2026-03-01 01:15:56,575 [ERROR] Engine:466 - C:\Users\mearm\.stm32cubemx\thirdparties\pdsc\STMicroelectronics.X-CUBE-IPS.3.2.0.pdsc: PDSC version is not supported
2026-03-01 01:15:56,584 [WARN] PackLoader:240 - Cannot read IP mode file for STMicroelectronics.X-CUBE-FREERTOS.1.2.0
2026-03-01 01:15:56,595 [WARN] PackLoader:240 - Cannot read IP mode file for STMicroelectronics.X-CUBE-NFC12.1.0.0
2026-03-01 01:15:56,617 [WARN] PackLoader:240 - Cannot read IP mode file for STMicroelectronics.X-CUBE-AZRTOS-L5.2.0.0
2026-03-01 01:15:56,630 [WARN] PackLoader:240 - Cannot read IP mode file for STMicroelectronics.X-CUBE-NFC6.3.1.0
2026-03-01 01:15:56,642 [WARN] PackLoader:240 - Cannot read IP mode file for STMicroelectronics.X-CUBE-DPower.1.2.0
2026-03-01 01:15:56,648 [WARN] PackLoader:240 - Cannot read IP mode file for STMicroelectronics.X-CUBE-AI.9.0.0
2026-03-01 01:15:56,656 [WARN] PackLoader:240 - Cannot read IP mode file for STMicroelectronics.X-CUBE-FREERTOS.1.3.0
2026-03-01 01:15:56,667 [WARN] PackLoader:240 - Cannot read IP mode file for STMicroelectronics.X-CUBE-NFC7.1.0.1
2026-03-01 01:15:56,677 [WARN] PackLoader:240 - Cannot read IP mode file for wolfSSL.I-CUBE-wolfTPM.3.2.0
2026-03-01 01:15:56,683 [WARN] PackLoader:240 - Cannot read IP mode file for STMicroelectronics.X-CUBE-TOUCHGFX.4.26.0
2026-03-01 01:15:56,687 [ERROR] Engine:466 - C:\Users\mearm\.stm32cubemx\thirdparties\pdsc\STMicroelectronics.FP-SNS-STAIOTCFT.1.0.0.pdsc: PDSC version is not supported
2026-03-01 01:15:56,693 [WARN] PackLoader:240 - Cannot read IP mode file for STMicroelectronics.X-CUBE-DPower.1.3.0
2026-03-01 01:15:56,715 [WARN] ConditionMgr:438 - getConditionDescription Invalid condition id : LAN8742 Phy interface Condition cause : null
2026-03-01 01:15:56,717 [WARN] PackLoader:240 - Cannot read IP mode file for STMicroelectronics.X-CUBE-AZRTOS-L4.2.0.0
2026-03-01 01:15:56,719 [WARN] ConditionMgr:1039 - genDependencies : Invalid condition id : LAN8742 Phy interface Condition cause : null
2026-03-01 01:15:56,719 [WARN] ConditionMgr:1039 - genDependencies : Invalid condition id : LAN8742 Phy interface Condition cause : null
2026-03-01 01:15:56,720 [WARN] ConditionMgr:1039 - genDependencies : Invalid condition id : LAN8742 Phy interface Condition cause : null
2026-03-01 01:15:56,732 [WARN] PackLoader:240 - Cannot read IP mode file for STMicroelectronics.X-CUBE-SFXS2LP1.4.0.0
2026-03-01 01:15:56,739 [ERROR] Engine:466 - C:\Users\mearm\.stm32cubemx\thirdparties\pdsc\STMicroelectronics.X-CUBE-ST67W61.1.2.0.pdsc: PDSC version is not supported
2026-03-01 01:15:56,758 [WARN] PackLoader:240 - Cannot read IP mode file for STMicroelectronics.X-CUBE-AZRTOS-H7.3.3.0
2026-03-01 01:15:56,770 [ERROR] Engine:466 - C:\Users\mearm\.stm32cubemx\thirdparties\pdsc\STMicroelectronics.X-CUBE-BLEMGR.4.1.0.pdsc: PDSC version is not supported
2026-03-01 01:15:56,783 [WARN] ConditionMgr:438 - getConditionDescription Invalid condition id : UX DEVICE CLASS RTOS Condition cause : null
2026-03-01 01:15:56,783 [WARN] ConditionMgr:438 - getConditionDescription Invalid condition id : UX DEVICE CLASS RTOS Condition cause : null
2026-03-01 01:15:56,785 [WARN] PackLoader:240 - Cannot read IP mode file for STMicroelectronics.X-CUBE-AZRTOS-WB.2.0.0
2026-03-01 01:15:56,786 [WARN] ConditionMgr:1039 - genDependencies : Invalid condition id : UX DEVICE CLASS RTOS Condition cause : null
2026-03-01 01:15:56,786 [WARN] ConditionMgr:1039 - genDependencies : Invalid condition id : UX DEVICE CLASS RTOS Condition cause : null
2026-03-01 01:15:56,787 [WARN] ConditionMgr:1039 - genDependencies : Invalid condition id : UX DEVICE CLASS RTOS Condition cause : null
2026-03-01 01:15:56,787 [WARN] ConditionMgr:1039 - genDependencies : Invalid condition id : UX DEVICE CLASS RTOS Condition cause : null
2026-03-01 01:15:56,787 [WARN] ConditionMgr:1039 - genDependencies : Invalid condition id : UX DEVICE CLASS RTOS Condition cause : null
2026-03-01 01:15:56,796 [WARN] PackLoader:240 - Cannot read IP mode file for STMicroelectronics.X-CUBE-GNSS1.7.0.1
2026-03-01 01:15:56,802 [WARN] PackLoader:240 - Cannot read IP mode file for STMicroelectronics.X-CUBE-TOUCHGFX.4.25.0
2026-03-01 01:15:56,811 [WARN] PackLoader:240 - Cannot read IP mode file for STMicroelectronics.FP-SNS-STBOX1.2.0.0
2026-03-01 01:15:56,824 [WARN] PackLoader:240 - Cannot read IP mode file for STMicroelectronics.X-CUBE-STSE01.2.0.0
2026-03-01 01:15:56,837 [WARN] PackLoader:240 - Cannot read IP mode file for STMicroelectronics.X-CUBE-SUBG2.5.0.0
2026-03-01 01:15:56,861 [WARN] PackLoader:240 - Cannot read IP mode file for STMicroelectronics.X-CUBE-AZRTOS-H7RS.1.1.0
2026-03-01 01:15:56,874 [WARN] PackLoader:240 - Cannot read IP mode file for Cesanta.I-CUBE-Mongoose.7.13.0
2026-03-01 01:15:56,893 [WARN] PackLoader:240 - Cannot read IP mode file for STMicroelectronics.X-CUBE-AZRTOS-G4.2.0.0
2026-03-01 01:15:56,903 [WARN] PackLoader:240 - Cannot read IP mode file for STMicroelectronics.X-CUBE-NFC7.2.0.0
2026-03-01 01:15:56,911 [WARN] PackLoader:240 - Cannot read IP mode file for STMicroelectronics.X-CUBE-ISPU.2.0.0
2026-03-01 01:15:56,918 [ERROR] Engine:466 - C:\Users\mearm\.stm32cubemx\thirdparties\pdsc\STMicroelectronics.X-CUBE-IPS.3.1.0.pdsc: PDSC version is not supported
2026-03-01 01:15:56,928 [WARN] PackLoader:240 - Cannot read IP mode file for STMicroelectronics.X-CUBE-ALS.1.0.2
2026-03-01 01:15:56,971 [WARN] PackLoader:240 - Cannot read IP mode file for STMicroelectronics.X-CUBE-MEMS1.10.0.0
2026-03-01 01:15:57,104 [WARN] PackLoader:240 - Cannot read IP mode file for STMicroelectronics.X-CUBE-TOUCHGFX.4.24.0
2026-03-01 01:15:57,110 [WARN] PackLoader:240 - Cannot read IP mode file for STMicroelectronics.X-CUBE-TOUCHGFX.4.24.2
2026-03-01 01:15:57,121 [WARN] PackLoader:240 - Cannot read IP mode file for portGmbH.I-Cube-SoM-uGOAL.1.1.0
2026-03-01 01:15:57,130 [WARN] PackLoader:240 - Cannot read IP mode file for STMicroelectronics.X-CUBE-ALS.1.0.1
2026-03-01 01:15:57,153 [WARN] PackLoader:240 - Cannot read IP mode file for STMicroelectronics.X-CUBE-AZRTOS-H7RS.1.0.0
2026-03-01 01:15:57,163 [WARN] PackLoader:240 - Cannot read IP mode file for STMicroelectronics.FP-ATR-ASTRA1.2.0.0
2026-03-01 01:15:57,181 [WARN] PackLoader:240 - Cannot read IP mode file for STMicroelectronics.X-CUBE-TOF1.3.4.2
2026-03-01 01:15:57,202 [ERROR] Engine:466 - C:\Users\mearm\.stm32cubemx\thirdparties\pdsc\STMicroelectronics.X-CUBE-TOF1.3.4.3.pdsc: PDSC version is not supported
2026-03-01 01:15:57,215 [WARN] PackLoader:240 - Cannot read IP mode file for STMicroelectronics.X-CUBE-TOF1.3.4.1
2026-03-01 01:15:57,252 [WARN] PackLoader:240 - Cannot read IP mode file for STMicroelectronics.X-CUBE-AZRTOS-H7.3.2.0
2026-03-01 01:15:57,274 [WARN] PackLoader:240 - Cannot read IP mode file for Infineon.AIROC-Wi-Fi-Bluetooth-STM32.1.6.0
2026-03-01 01:15:57,289 [WARN] PackLoader:240 - Cannot read IP mode file for wolfSSL.I-CUBE-wolfSSH.1.4.17
2026-03-01 01:15:57,290 [INFO] ThirdParty:978 - Integrity check success = true
2026-03-01 01:15:57,290 [INFO] IntegrityCheckThread:100 - exiting critical section [integrity check]
2026-03-01 01:15:57,291 [INFO] IntegrityCheckThread:103 - End integrity checks thread
2026-03-01 01:15:59,498 [INFO] WebApp:161 - Instantiating new browser for Auth
2026-03-01 01:16:00,261 [INFO] WebApp:779 - Register for checkConnection events
2026-03-01 01:16:00,261 [INFO] WebApp:414 - Apply proxy settings
2026-03-01 01:16:00,269 [INFO] WebApp:459 - Chromium authenticates against Manually configured proxy
2026-03-01 01:16:00,277 [INFO] WebApp:467 - Username used for proxy authentication: 
2026-03-01 01:16:00,552 [INFO] WebApp:192 - Starting web application
2026-03-01 01:16:00,552 [INFO] WebApp:544 - Web application path used C:\ST\STM32CubeIDE_1.15.1\STM32CubeIDE\plugins\com.st.stm32cube.common.mx_6.11.1.202404110753\db\plugins\mcufinder\reactClient1\index.html
2026-03-01 01:16:02,007 [ERROR] LogOutputStream:75 - [STDERR_REDIRECT] 
2026-03-01 01:16:09,506 [INFO] Activator:176 - 


2026-03-01 01:16:09,509 [INFO] Activator:177 - !SESSION log4j initialized
2026-03-01 01:16:12,845 [INFO] LogOutputStream:77 - [STDOUT_REDIRECT] 
2026-03-01 01:16:16,122 [INFO] ApplicationProperties:184 - Using Application install path: C:\ST\STM32CubeIDE_1.15.1\STM32CubeIDE\plugins\com.st.stm32cube.common.mx_6.11.1.202404110753
2026-03-01 01:16:16,140 [INFO] DbMcusXml:78 - Set database path to: C:\ST\STM32CubeIDE_1.15.1\STM32CubeIDE\plugins\com.st.stm32cube.common.mx_6.11.1.202404110753\\db\/mcu/
2026-03-01 01:16:16,141 [INFO] ApiDb:274 - Set plugin database path to: C:\ST\STM32CubeIDE_1.15.1\STM32CubeIDE\plugins\com.st.stm32cube.common.mx_6.11.1.202404110753\\db\/plugins/boardmanager/
2026-03-01 01:16:16,141 [WARN] ApiDb:259 - Overriding images path with different value:  => C:\ST\STM32CubeIDE_1.15.1\STM32CubeIDE\plugins\com.st.stm32cube.common.mx_6.11.1.202404110753\\db\/plugins/mcufinder/images/
2026-03-01 01:16:16,147 [INFO] ApiDb:250 - Set database path to: C:\Users\mearm\.stmcufinder\plugins\mcufinder//mcu/
2026-03-01 01:16:16,148 [INFO] DbMcusAds:125 - Set database path to: C:\Users\mearm\.stmcufinder\plugins\mcufinder//mcu/
2026-03-01 01:16:16,150 [INFO] CrossReferenceDbSqlite:203 - Set database path to: C:\Users\mearm\.stmcufinder\plugins\mcufinder//mcu/cs/
2026-03-01 01:16:16,267 [INFO] RulesReader:64 - Compatibility file has been processed (297 Rules)
2026-03-01 01:16:16,387 [INFO] DbMcusXml:78 - Set database path to: C:\ST\STM32CubeIDE_1.15.1\STM32CubeIDE\plugins\com.st.stm32cube.common.mx_6.11.1.202404110753\\db\/mcu/
2026-03-01 01:16:16,387 [INFO] ApiDb:274 - Set plugin database path to: C:\ST\STM32CubeIDE_1.15.1\STM32CubeIDE\plugins\com.st.stm32cube.common.mx_6.11.1.202404110753\\db\/plugins/boardmanager/
2026-03-01 01:16:16,388 [INFO] ApiDb:261 - Set plugin images path to: C:\ST\STM32CubeIDE_1.15.1\STM32CubeIDE\plugins\com.st.stm32cube.common.mx_6.11.1.202404110753\\db\/plugins/mcufinder/images/
2026-03-01 01:16:16,388 [WARN] DbFile:41 - Overriding database path with different value: C:\Users\mearm\.stmcufinder\plugins\mcufinder/ => C:\Users\mearm\.stmcufinder\plugins\mcufinder
2026-03-01 01:16:16,388 [INFO] ApiDb:250 - Set database path to: C:\Users\mearm\.stmcufinder\plugins\mcufinder//mcu/
2026-03-01 01:16:16,388 [WARN] DbFile:41 - Overriding database path with different value: C:\Users\mearm\.stmcufinder\plugins\mcufinder/ => C:\Users\mearm\.stmcufinder\plugins\mcufinder
2026-03-01 01:16:16,388 [INFO] DbMcusAds:125 - Set database path to: C:\Users\mearm\.stmcufinder\plugins\mcufinder//mcu/
2026-03-01 01:16:16,388 [WARN] DbFile:41 - Overriding database path with different value: C:\Users\mearm\.stmcufinder\plugins\mcufinder/ => C:\Users\mearm\.stmcufinder\plugins\mcufinder
2026-03-01 01:16:16,388 [WARN] DbFile:41 - Overriding database path with different value: C:\Users\mearm\.stmcufinder\plugins\mcufinder/ => C:\Users\mearm\.stmcufinder\plugins\mcufinder
2026-03-01 01:16:16,388 [INFO] CrossReferenceDbSqlite:203 - Set database path to: C:\Users\mearm\.stmcufinder\plugins\mcufinder//mcu/cs/
2026-03-01 01:16:16,481 [INFO] MainPanel:264 - HeapMemory: 268435456
2026-03-01 01:16:16,555 [INFO] DbMcusXml:78 - Set database path to: C:\ST\STM32CubeIDE_1.15.1\STM32CubeIDE\plugins\com.st.stm32cube.common.mx_6.11.1.202404110753\\db\/mcu/
2026-03-01 01:16:16,555 [INFO] ApiDb:274 - Set plugin database path to: C:\ST\STM32CubeIDE_1.15.1\STM32CubeIDE\plugins\com.st.stm32cube.common.mx_6.11.1.202404110753\\db\/plugins/boardmanager/
2026-03-01 01:16:16,555 [INFO] ApiDb:261 - Set plugin images path to: C:\ST\STM32CubeIDE_1.15.1\STM32CubeIDE\plugins\com.st.stm32cube.common.mx_6.11.1.202404110753\\db\/plugins/mcufinder/images/
2026-03-01 01:16:16,555 [WARN] DbFile:41 - Overriding database path with different value: C:\Users\mearm\.stmcufinder\plugins\mcufinder/ => C:\Users\mearm\.stmcufinder\plugins\mcufinder
2026-03-01 01:16:16,556 [INFO] ApiDb:250 - Set database path to: C:\Users\mearm\.stmcufinder\plugins\mcufinder//mcu/
2026-03-01 01:16:16,556 [WARN] DbFile:41 - Overriding database path with different value: C:\Users\mearm\.stmcufinder\plugins\mcufinder/ => C:\Users\mearm\.stmcufinder\plugins\mcufinder
2026-03-01 01:16:16,556 [INFO] DbMcusAds:125 - Set database path to: C:\Users\mearm\.stmcufinder\plugins\mcufinder//mcu/
2026-03-01 01:16:16,556 [WARN] DbFile:41 - Overriding database path with different value: C:\Users\mearm\.stmcufinder\plugins\mcufinder/ => C:\Users\mearm\.stmcufinder\plugins\mcufinder
2026-03-01 01:16:16,556 [WARN] DbFile:41 - Overriding database path with different value: C:\Users\mearm\.stmcufinder\plugins\mcufinder/ => C:\Users\mearm\.stmcufinder\plugins\mcufinder
2026-03-01 01:16:16,556 [INFO] CrossReferenceDbSqlite:203 - Set database path to: C:\Users\mearm\.stmcufinder\plugins\mcufinder//mcu/cs/
2026-03-01 01:16:16,579 [INFO] ApplicationProperties:184 - Using Application install path: C:\ST\STM32CubeIDE_1.15.1\STM32CubeIDE\plugins\com.st.stm32cube.common.mx_6.11.1.202404110753
2026-03-01 01:16:16,581 [INFO] PluginManage:196 - Search for loadable plugins [exclusion list=, ]
2026-03-01 01:16:16,582 [INFO] PluginManage:310 - Check plugin analytics
2026-03-01 01:16:16,816 [INFO] AnalyticsPlugin:253 - Accepted Software Licenses: STM32CubeMX.6.17.0
2026-03-01 01:16:16,816 [INFO] AnalyticsPlugin:255 - Accepted CMSIS Pack Licenses: 
2026-03-01 01:16:16,817 [INFO] AnalyticsPlugin:257 - Accepted Firmware Licenses: FW.F4.1.28.0,FW.G4.1.6.0,FW.G4.1.6.1
2026-03-01 01:16:16,820 [INFO] PluginManage:359 - Loaded plugin analytics (category:tool,tabindex:-1)
2026-03-01 01:16:16,821 [INFO] PluginManage:310 - Check plugin cadmodel
2026-03-01 01:16:16,829 [INFO] CADModel:105 - Init CAD model plugin
2026-03-01 01:16:16,830 [INFO] PluginManage:359 - Loaded plugin cadmodel (category:power,tabindex:5)
2026-03-01 01:16:16,830 [INFO] PluginManage:310 - Check plugin clock
2026-03-01 01:16:16,846 [INFO] PluginManage:359 - Loaded plugin clock (category:base,tabindex:2)
2026-03-01 01:16:16,846 [INFO] PluginManage:310 - Check plugin ddr
2026-03-01 01:16:16,851 [INFO] PluginManage:359 - Loaded plugin ddr (category:tool,tabindex:6)
2026-03-01 01:16:16,852 [INFO] PluginManage:310 - Check plugin filemanager
2026-03-01 01:16:17,026 [INFO] PluginManage:359 - Loaded plugin filemanager (category:base,tabindex:10)
2026-03-01 01:16:17,026 [INFO] PluginManage:310 - Check plugin ipmanager
2026-03-01 01:16:17,036 [INFO] PluginManage:359 - Loaded plugin ipmanager (category:base,tabindex:5)
2026-03-01 01:16:17,037 [INFO] PluginManage:310 - Check plugin lpbam
2026-03-01 01:16:17,048 [INFO] PluginManage:359 - Loaded plugin lpbam (category:base,tabindex:0)
2026-03-01 01:16:17,048 [INFO] PluginManage:310 - Check plugin memorymap
2026-03-01 01:16:17,061 [INFO] PluginManage:359 - Loaded plugin memorymap (category:base,tabindex:4)
2026-03-01 01:16:17,061 [INFO] PluginManage:310 - Check plugin pinoutandconfiguration
2026-03-01 01:16:17,069 [INFO] PluginManage:359 - Loaded plugin pinoutandconfiguration (category:base,tabindex:1)
2026-03-01 01:16:17,069 [INFO] PluginManage:310 - Check plugin pinoutconfig
2026-03-01 01:16:17,184 [WARN] SupportedApi:132 - Cannot load RTOS API schema: s4s-elt-must-match.1: The content of 'definitions' must match (annotation?, (simpleType | complexType)?, (unique | key | keyref)*)). A problem was found starting at: attribute.
2026-03-01 01:16:17,355 [INFO] PluginManage:359 - Loaded plugin pinoutconfig (category:base,tabindex:0)
2026-03-01 01:16:17,355 [INFO] PluginManage:310 - Check plugin power
2026-03-01 01:16:17,366 [INFO] PluginManage:359 - Loaded plugin power (category:power,tabindex:4)
2026-03-01 01:16:17,366 [INFO] PluginManage:310 - Check plugin projectmanager
2026-03-01 01:16:17,386 [INFO] PluginManage:359 - Loaded plugin projectmanager (category:projectmanager,tabindex:3)
2026-03-01 01:16:17,386 [INFO] PluginManage:310 - Check plugin thirdparty
2026-03-01 01:16:17,527 [INFO] PluginManage:359 - Loaded plugin thirdparty (category:base,tabindex:-1)
2026-03-01 01:16:17,527 [INFO] PluginManage:310 - Check plugin tools
2026-03-01 01:16:17,527 [WARN] IntegrityCheckThread:84 - waiting for thirdparty lock release [integrity check]
2026-03-01 01:16:17,528 [INFO] IntegrityCheckThread:86 - entering critical section [integrity check]
2026-03-01 01:16:17,528 [INFO] ThirdPartyUpdaterWithRetryManager:70 - Updater plugin not ready yet. [1/15]
2026-03-01 01:16:17,532 [INFO] PluginManage:359 - Loaded plugin tools (category:base,tabindex:7)
2026-03-01 01:16:17,532 [INFO] PluginManage:310 - Check plugin tutovideos
2026-03-01 01:16:17,710 [INFO] PluginManage:359 - Loaded plugin tutovideos (category:base,tabindex:-1)
2026-03-01 01:16:17,711 [INFO] PluginManage:310 - Check plugin updater
2026-03-01 01:16:17,723 [INFO] PluginManage:359 - Loaded plugin updater (category:base,tabindex:12)
2026-03-01 01:16:17,723 [INFO] PluginManage:310 - Check plugin userauth
2026-03-01 01:16:17,728 [INFO] UserAuth:114 - Init User Auth plugin
2026-03-01 01:16:17,729 [INFO] PluginManage:359 - Loaded plugin userauth (category:base,tabindex:14)
2026-03-01 01:16:17,729 [INFO] PluginManage:283 - PluginManage : Loaded plugins [17]
2026-03-01 01:16:17,993 [INFO] PinOutPanel:1561 - setPackage(No Configuration,No Configuration)
2026-03-01 01:16:18,104 [INFO] CADModel:165 - CPN selected for project level
2026-03-01 01:16:18,105 [INFO] CADModel:114 - Register for checkConnection events
2026-03-01 01:16:18,124 [INFO] IPUIPlugin:80 - create IPUIPlugin
2026-03-01 01:16:18,124 [INFO] PluginManager:220 - loadIPPluginJar : add adc
2026-03-01 01:16:18,127 [INFO] IPUIPlugin:80 - create IPUIPlugin
2026-03-01 01:16:18,127 [INFO] PluginManager:220 - loadIPPluginJar : add aes
2026-03-01 01:16:18,130 [INFO] IPUIPlugin:80 - create IPUIPlugin
2026-03-01 01:16:18,131 [INFO] PluginManager:220 - loadIPPluginJar : add can
2026-03-01 01:16:18,133 [INFO] IPUIPlugin:80 - create IPUIPlugin
2026-03-01 01:16:18,133 [INFO] PluginManager:220 - loadIPPluginJar : add comp
2026-03-01 01:16:18,136 [INFO] IPUIPlugin:80 - create IPUIPlugin
2026-03-01 01:16:18,136 [INFO] PluginManager:220 - loadIPPluginJar : add cryp
2026-03-01 01:16:18,139 [INFO] IPUIPlugin:80 - create IPUIPlugin
2026-03-01 01:16:18,139 [INFO] PluginManager:220 - loadIPPluginJar : add dfsdm
2026-03-01 01:16:18,145 [INFO] IPUIPlugin:80 - create IPUIPlugin
2026-03-01 01:16:18,145 [INFO] PluginManager:220 - loadIPPluginJar : add dma
2026-03-01 01:16:18,148 [INFO] IPUIPlugin:80 - create IPUIPlugin
2026-03-01 01:16:18,148 [INFO] PluginManager:220 - loadIPPluginJar : add dma3
2026-03-01 01:16:18,151 [INFO] IPUIPlugin:80 - create IPUIPlugin
2026-03-01 01:16:18,151 [INFO] PluginManager:220 - loadIPPluginJar : add extmemmanager
2026-03-01 01:16:18,153 [INFO] IPUIPlugin:80 - create IPUIPlugin
2026-03-01 01:16:18,153 [INFO] PluginManager:220 - loadIPPluginJar : add fatfs
2026-03-01 01:16:18,157 [INFO] IPUIPlugin:80 - create IPUIPlugin
2026-03-01 01:16:18,157 [INFO] PluginManager:220 - loadIPPluginJar : add fmc
2026-03-01 01:16:18,163 [INFO] IPUIPlugin:80 - create IPUIPlugin
2026-03-01 01:16:18,163 [INFO] PluginManager:220 - loadIPPluginJar : add freertos
2026-03-01 01:16:18,165 [INFO] IPUIPlugin:80 - create IPUIPlugin
2026-03-01 01:16:18,165 [INFO] PluginManager:220 - loadIPPluginJar : add genericplugin
2026-03-01 01:16:18,168 [INFO] IPUIPlugin:80 - create IPUIPlugin
2026-03-01 01:16:18,168 [INFO] PluginManager:220 - loadIPPluginJar : add gfxmmu
2026-03-01 01:16:18,173 [INFO] IPUIPlugin:80 - create IPUIPlugin
2026-03-01 01:16:18,173 [INFO] PluginManager:220 - loadIPPluginJar : add gic
2026-03-01 01:16:18,177 [INFO] IPUIPlugin:80 - create IPUIPlugin
2026-03-01 01:16:18,177 [INFO] PluginManager:220 - loadIPPluginJar : add gpio
2026-03-01 01:16:18,180 [INFO] IPUIPlugin:80 - create IPUIPlugin
2026-03-01 01:16:18,180 [INFO] PluginManager:220 - loadIPPluginJar : add gtzc
2026-03-01 01:16:18,183 [INFO] IPUIPlugin:80 - create IPUIPlugin
2026-03-01 01:16:18,183 [INFO] PluginManager:220 - loadIPPluginJar : add hash
2026-03-01 01:16:18,186 [INFO] IPUIPlugin:80 - create IPUIPlugin
2026-03-01 01:16:18,186 [INFO] PluginManager:220 - loadIPPluginJar : add i2c
2026-03-01 01:16:18,188 [INFO] IPUIPlugin:80 - create IPUIPlugin
2026-03-01 01:16:18,188 [INFO] PluginManager:220 - loadIPPluginJar : add i2s
2026-03-01 01:16:18,191 [INFO] IPUIPlugin:80 - create IPUIPlugin
2026-03-01 01:16:18,191 [INFO] PluginManager:220 - loadIPPluginJar : add i3c
2026-03-01 01:16:18,194 [INFO] IPUIPlugin:80 - create IPUIPlugin
2026-03-01 01:16:18,194 [INFO] PluginManager:220 - loadIPPluginJar : add ipddr
2026-03-01 01:16:18,201 [INFO] IPUIPlugin:80 - create IPUIPlugin
2026-03-01 01:16:18,202 [INFO] PluginManager:220 - loadIPPluginJar : add linkedlist
2026-03-01 01:16:18,205 [INFO] IPUIPlugin:80 - create IPUIPlugin
2026-03-01 01:16:18,205 [INFO] PluginManager:220 - loadIPPluginJar : add lorawan
2026-03-01 01:16:18,206 [INFO] IPUIPlugin:80 - create IPUIPlugin
2026-03-01 01:16:18,207 [INFO] PluginManager:220 - loadIPPluginJar : add ltdc
2026-03-01 01:16:18,213 [INFO] IPUIPlugin:80 - create IPUIPlugin
2026-03-01 01:16:18,213 [INFO] PluginManager:220 - loadIPPluginJar : add mdma
2026-03-01 01:16:18,217 [INFO] IPUIPlugin:80 - create IPUIPlugin
2026-03-01 01:16:18,217 [INFO] PluginManager:220 - loadIPPluginJar : add nvic
2026-03-01 01:16:18,220 [INFO] IPUIPlugin:80 - create IPUIPlugin
2026-03-01 01:16:18,220 [INFO] PluginManager:220 - loadIPPluginJar : add opamp
2026-03-01 01:16:18,222 [INFO] IPUIPlugin:80 - create IPUIPlugin
2026-03-01 01:16:18,222 [INFO] PluginManager:220 - loadIPPluginJar : add openamp
2026-03-01 01:16:18,225 [INFO] IPUIPlugin:80 - create IPUIPlugin
2026-03-01 01:16:18,226 [INFO] PluginManager:220 - loadIPPluginJar : add pdm2pcm
2026-03-01 01:16:18,233 [INFO] IPUIPlugin:80 - create IPUIPlugin
2026-03-01 01:16:18,235 [INFO] PluginManager:220 - loadIPPluginJar : add plateformsettings
2026-03-01 01:16:18,237 [INFO] IPUIPlugin:80 - create IPUIPlugin
2026-03-01 01:16:18,237 [INFO] PluginManager:220 - loadIPPluginJar : add quadspi
2026-03-01 01:16:18,240 [INFO] IPUIPlugin:80 - create IPUIPlugin
2026-03-01 01:16:18,240 [INFO] PluginManager:220 - loadIPPluginJar : add resmgrutility
2026-03-01 01:16:18,243 [INFO] IPUIPlugin:80 - create IPUIPlugin
2026-03-01 01:16:18,243 [INFO] PluginManager:220 - loadIPPluginJar : add sai
2026-03-01 01:16:18,245 [INFO] IPUIPlugin:80 - create IPUIPlugin
2026-03-01 01:16:18,245 [INFO] PluginManager:220 - loadIPPluginJar : add spi
2026-03-01 01:16:18,251 [INFO] IPUIPlugin:80 - create IPUIPlugin
2026-03-01 01:16:18,251 [INFO] PluginManager:220 - loadIPPluginJar : add stm32_wpan
2026-03-01 01:16:18,253 [INFO] IPUIPlugin:80 - create IPUIPlugin
2026-03-01 01:16:18,253 [INFO] PluginManager:220 - loadIPPluginJar : add tim
2026-03-01 01:16:18,256 [INFO] IPUIPlugin:80 - create IPUIPlugin
2026-03-01 01:16:18,256 [INFO] PluginManager:220 - loadIPPluginJar : add touchsensing
2026-03-01 01:16:18,259 [INFO] IPUIPlugin:80 - create IPUIPlugin
2026-03-01 01:16:18,259 [INFO] PluginManager:220 - loadIPPluginJar : add tracer_emb
2026-03-01 01:16:18,261 [INFO] IPUIPlugin:80 - create IPUIPlugin
2026-03-01 01:16:18,261 [INFO] PluginManager:220 - loadIPPluginJar : add ts
2026-03-01 01:16:18,263 [INFO] IPUIPlugin:80 - create IPUIPlugin
2026-03-01 01:16:18,263 [INFO] PluginManager:220 - loadIPPluginJar : add tsc
2026-03-01 01:16:18,265 [INFO] IPUIPlugin:80 - create IPUIPlugin
2026-03-01 01:16:18,266 [INFO] PluginManager:220 - loadIPPluginJar : add ucpd
2026-03-01 01:16:18,270 [INFO] IPUIPlugin:80 - create IPUIPlugin
2026-03-01 01:16:18,270 [INFO] PluginManager:220 - loadIPPluginJar : add usart
2026-03-01 01:16:18,274 [INFO] IPUIPlugin:80 - create IPUIPlugin
2026-03-01 01:16:18,274 [INFO] PluginManager:220 - loadIPPluginJar : add usbx
2026-03-01 01:16:18,416 [INFO] CADModel:165 - CPN selected for project level
2026-03-01 01:16:18,417 [INFO] CADModel:114 - Register for checkConnection events
2026-03-01 01:16:18,417 [FATAL] Updater:308 - Updater called before beeing initialized
2026-03-01 01:16:18,417 [ERROR] CADModel:125 - Updater not yet initialized, retry later 
2026-03-01 01:16:18,581 [INFO] CADModel:165 - CPN selected for project level
2026-03-01 01:16:18,581 [INFO] CADModel:114 - Register for checkConnection events
2026-03-01 01:16:18,581 [FATAL] Updater:308 - Updater called before beeing initialized
2026-03-01 01:16:18,581 [ERROR] CADModel:125 - Updater not yet initialized, retry later 
2026-03-01 01:16:18,585 [FATAL] Updater:308 - Updater called before beeing initialized
2026-03-01 01:16:18,728 [FATAL] Updater:308 - Updater called before beeing initialized
2026-03-01 01:16:18,732 [INFO] DbMcusAds:53 - JSON generation date=Wed Feb 18 09:32:49 EST 2026 (1771425169371)
2026-03-01 01:16:18,733 [FATAL] Updater:308 - Updater called before beeing initialized
2026-03-01 01:16:18,768 [WARN] DetailPanel:346 - Failed to get advertising image, set to default
2026-03-01 01:16:18,885 [FATAL] Updater:308 - Updater called before beeing initialized
2026-03-01 01:16:18,887 [FATAL] Updater:308 - Updater called before beeing initialized
2026-03-01 01:16:18,888 [FATAL] Updater:308 - Updater called before beeing initialized
2026-03-01 01:16:18,888 [WARN] DetailPanel:346 - Failed to get advertising image, set to default
2026-03-01 01:16:18,889 [FATAL] Updater:308 - Updater called before beeing initialized
2026-03-01 01:16:18,957 [ERROR] Updater:1120 - MainUpdater not yet initialized. External WinMGr cannot be set.
2026-03-01 01:16:18,959 [INFO] Updater:1056 - Updater Version found : 6.11.1
2026-03-01 01:16:18,982 [INFO] ApplicationProperties:184 - Using Application install path: C:\ST\STM32CubeIDE_1.15.1\STM32CubeIDE\plugins\com.st.stm32cube.common.mx_6.11.1.202404110753
2026-03-01 01:16:20,530 [INFO] ThirdPartyUpdaterWithRetryManager:70 - Updater plugin not ready yet. [2/15]
2026-03-01 01:16:20,574 [ERROR] LogOutputStream:75 - [STDERR_REDIRECT] Mar 01, 2026 1:16:20 AM java.util.prefs.WindowsPreferences <init>
2026-03-01 01:16:20,576 [ERROR] LogOutputStream:75 - [STDERR_REDIRECT] WARNING: Could not open/create prefs root node Software\JavaSoft\Prefs at root 0xffffffff80000002. Windows RegCreateKeyEx(...) returned error code 5.
2026-03-01 01:16:20,576 [ERROR] LogOutputStream:75 - [STDERR_REDIRECT] 
2026-03-01 01:16:21,039 [INFO] MainUpdater:2873 - connection check result : 10
2026-03-01 01:16:21,040 [INFO] MainUpdater:290 - Updater Check For Update Now.
2026-03-01 01:16:21,041 [INFO] MicroXplorer:498 - Change Database Version : DB.6.0.111
2026-03-01 01:16:21,050 [INFO] McuFinderGlobals:63 - Set McuFinder mode to 2 (CubeIDE integrated)
2026-03-01 01:16:21,062 [INFO] UserAuth:415 - Internet connection configuration mode: 1
2026-03-01 01:16:21,105 [INFO] JxBrowserEngine:152 - Initiate JxBrowser Engine with user profile folder
2026-03-01 01:16:21,258 [INFO] CheckServerUpdateThread:120 - End of CheckServer Thread
2026-03-01 01:16:21,850 [INFO] WebApp:161 - Instantiating new browser for Auth
2026-03-01 01:16:22,604 [INFO] WebApp:779 - Register for checkConnection events
2026-03-01 01:16:22,605 [INFO] WebApp:414 - Apply proxy settings
2026-03-01 01:16:22,614 [INFO] WebApp:459 - Chromium authenticates against Manually configured proxy
2026-03-01 01:16:22,636 [INFO] WebApp:467 - Username used for proxy authentication: 
2026-03-01 01:16:23,228 [INFO] WebApp:192 - Starting web application
2026-03-01 01:16:23,228 [INFO] WebApp:544 - Web application path used C:\ST\STM32CubeIDE_1.15.1\STM32CubeIDE\plugins\com.st.stm32cube.common.mx_6.11.1.202404110753\db\plugins\mcufinder\reactClient1\index.html
2026-03-01 01:16:23,470 [ERROR] LogOutputStream:75 - [STDERR_REDIRECT] 
