14:42:15 **** Build of configuration Debug for project STM32CubeIDE ****
make -j13 all 
arm-none-eabi-gcc "/Users/armaan/projects/mte380-firmware/380motorcode/MCSDK_v6.4.1-Full/MotorControl/MCSDK/MCLib/Any/Src/bus_voltage_sensor.c" -mcpu=cortex-m4 -std=gnu11 -g3 -DDEBUG -DARM_MATH_CM4 -DUSE_HAL_DRIVER -DSTM32G431xx -c -I../../Inc -I../../Drivers/STM32G4xx_HAL_Driver/Inc -I../../Drivers/STM32G4xx_HAL_Driver/Inc/Legacy -I../../MCSDK_v6.4.1-Full/MotorControl/MCSDK/MCLib/Any/Inc -I../../MCSDK_v6.4.1-Full/MotorControl/MCSDK/MCLib/G4xx/Inc -I../../Drivers/CMSIS/Device/ST/STM32G4xx/Include -I../../Drivers/CMSIS/Include -I../../Drivers/CMSIS/DSP/Include -Ofast -ffunction-sections -fdata-sections -Wall -fstack-usage -fcyclomatic-complexity -MMD -MP -MF"Middlewares/MotorControl/bus_voltage_sensor.d" -MT"Middlewares/MotorControl/bus_voltage_sensor.o" --specs=nano.specs -mfpu=fpv4-sp-d16 -mfloat-abi=hard -mthumb -o "Middlewares/MotorControl/bus_voltage_sensor.o"
arm-none-eabi-gcc "/Users/armaan/projects/mte380-firmware/380motorcode/MCSDK_v6.4.1-Full/MotorControl/MCSDK/MCLib/Any/Src/circle_limitation.c" -mcpu=cortex-m4 -std=gnu11 -g3 -DDEBUG -DARM_MATH_CM4 -DUSE_HAL_DRIVER -DSTM32G431xx -c -I../../Inc -I../../Drivers/STM32G4xx_HAL_Driver/Inc -I../../Drivers/STM32G4xx_HAL_Driver/Inc/Legacy -I../../MCSDK_v6.4.1-Full/MotorControl/MCSDK/MCLib/Any/Inc -I../../MCSDK_v6.4.1-Full/MotorControl/MCSDK/MCLib/G4xx/Inc -I../../Drivers/CMSIS/Device/ST/STM32G4xx/Include -I../../Drivers/CMSIS/Include -I../../Drivers/CMSIS/DSP/Include -Ofast -ffunction-sections -fdata-sections -Wall -fstack-usage -fcyclomatic-complexity -MMD -MP -MF"Middlewares/MotorControl/circle_limitation.d" -MT"Middlewares/MotorControl/circle_limitation.o" --specs=nano.specs -mfpu=fpv4-sp-d16 -mfloat-abi=hard -mthumb -o "Middlewares/MotorControl/circle_limitation.o"
arm-none-eabi-gcc "/Users/armaan/projects/mte380-firmware/380motorcode/MCSDK_v6.4.1-Full/MotorControl/MCSDK/MCLib/Any/Src/digital_output.c" -mcpu=cortex-m4 -std=gnu11 -g3 -DDEBUG -DARM_MATH_CM4 -DUSE_HAL_DRIVER -DSTM32G431xx -c -I../../Inc -I../../Drivers/STM32G4xx_HAL_Driver/Inc -I../../Drivers/STM32G4xx_HAL_Driver/Inc/Legacy -I../../MCSDK_v6.4.1-Full/MotorControl/MCSDK/MCLib/Any/Inc -I../../MCSDK_v6.4.1-Full/MotorControl/MCSDK/MCLib/G4xx/Inc -I../../Drivers/CMSIS/Device/ST/STM32G4xx/Include -I../../Drivers/CMSIS/Include -I../../Drivers/CMSIS/DSP/Include -Ofast -ffunction-sections -fdata-sections -Wall -fstack-usage -fcyclomatic-complexity -MMD -MP -MF"Middlewares/MotorControl/digital_output.d" -MT"Middlewares/MotorControl/digital_output.o" --specs=nano.specs -mfpu=fpv4-sp-d16 -mfloat-abi=hard -mthumb -o "Middlewares/MotorControl/digital_output.o"
arm-none-eabi-gcc "/Users/armaan/projects/mte380-firmware/380motorcode/MCSDK_v6.4.1-Full/MotorControl/MCSDK/MCLib/Any/Src/mcpa.c" -mcpu=cortex-m4 -std=gnu11 -g3 -DDEBUG -DARM_MATH_CM4 -DUSE_HAL_DRIVER -DSTM32G431xx -c -I../../Inc -I../../Drivers/STM32G4xx_HAL_Driver/Inc -I../../Drivers/STM32G4xx_HAL_Driver/Inc/Legacy -I../../MCSDK_v6.4.1-Full/MotorControl/MCSDK/MCLib/Any/Inc -I../../MCSDK_v6.4.1-Full/MotorControl/MCSDK/MCLib/G4xx/Inc -I../../Drivers/CMSIS/Device/ST/STM32G4xx/Include -I../../Drivers/CMSIS/Include -I../../Drivers/CMSIS/DSP/Include -Ofast -ffunction-sections -fdata-sections -Wall -fstack-usage -fcyclomatic-complexity -MMD -MP -MF"Middlewares/MotorControl/mcpa.d" -MT"Middlewares/MotorControl/mcpa.o" --specs=nano.specs -mfpu=fpv4-sp-d16 -mfloat-abi=hard -mthumb -o "Middlewares/MotorControl/mcpa.o"
arm-none-eabi-gcc "/Users/armaan/projects/mte380-firmware/380motorcode/MCSDK_v6.4.1-Full/MotorControl/MCSDK/MCLib/Any/Src/ntc_temperature_sensor.c" -mcpu=cortex-m4 -std=gnu11 -g3 -DDEBUG -DARM_MATH_CM4 -DUSE_HAL_DRIVER -DSTM32G431xx -c -I../../Inc -I../../Drivers/STM32G4xx_HAL_Driver/Inc -I../../Drivers/STM32G4xx_HAL_Driver/Inc/Legacy -I../../MCSDK_v6.4.1-Full/MotorControl/MCSDK/MCLib/Any/Inc -I../../MCSDK_v6.4.1-Full/MotorControl/MCSDK/MCLib/G4xx/Inc -I../../Drivers/CMSIS/Device/ST/STM32G4xx/Include -I../../Drivers/CMSIS/Include -I../../Drivers/CMSIS/DSP/Include -Ofast -ffunction-sections -fdata-sections -Wall -fstack-usage -fcyclomatic-complexity -MMD -MP -MF"Middlewares/MotorControl/ntc_temperature_sensor.d" -MT"Middlewares/MotorControl/ntc_temperature_sensor.o" --specs=nano.specs -mfpu=fpv4-sp-d16 -mfloat-abi=hard -mthumb -o "Middlewares/MotorControl/ntc_temperature_sensor.o"
arm-none-eabi-gcc "/Users/armaan/projects/mte380-firmware/380motorcode/MCSDK_v6.4.1-Full/MotorControl/MCSDK/MCLib/Any/Src/open_loop.c" -mcpu=cortex-m4 -std=gnu11 -g3 -DDEBUG -DARM_MATH_CM4 -DUSE_HAL_DRIVER -DSTM32G431xx -c -I../../Inc -I../../Drivers/STM32G4xx_HAL_Driver/Inc -I../../Drivers/STM32G4xx_HAL_Driver/Inc/Legacy -I../../MCSDK_v6.4.1-Full/MotorControl/MCSDK/MCLib/Any/Inc -I../../MCSDK_v6.4.1-Full/MotorControl/MCSDK/MCLib/G4xx/Inc -I../../Drivers/CMSIS/Device/ST/STM32G4xx/Include -I../../Drivers/CMSIS/Include -I../../Drivers/CMSIS/DSP/Include -Ofast -ffunction-sections -fdata-sections -Wall -fstack-usage -fcyclomatic-complexity -MMD -MP -MF"Middlewares/MotorControl/open_loop.d" -MT"Middlewares/MotorControl/open_loop.o" --specs=nano.specs -mfpu=fpv4-sp-d16 -mfloat-abi=hard -mthumb -o "Middlewares/MotorControl/open_loop.o"
arm-none-eabi-gcc "/Users/armaan/projects/mte380-firmware/380motorcode/MCSDK_v6.4.1-Full/MotorControl/MCSDK/MCLib/Any/Src/pid_regulator.c" -mcpu=cortex-m4 -std=gnu11 -g3 -DDEBUG -DARM_MATH_CM4 -DUSE_HAL_DRIVER -DSTM32G431xx -c -I../../Inc -I../../Drivers/STM32G4xx_HAL_Driver/Inc -I../../Drivers/STM32G4xx_HAL_Driver/Inc/Legacy -I../../MCSDK_v6.4.1-Full/MotorControl/MCSDK/MCLib/Any/Inc -I../../MCSDK_v6.4.1-Full/MotorControl/MCSDK/MCLib/G4xx/Inc -I../../Drivers/CMSIS/Device/ST/STM32G4xx/Include -I../../Drivers/CMSIS/Include -I../../Drivers/CMSIS/DSP/Include -Ofast -ffunction-sections -fdata-sections -Wall -fstack-usage -fcyclomatic-complexity -MMD -MP -MF"Middlewares/MotorControl/pid_regulator.d" -MT"Middlewares/MotorControl/pid_regulator.o" --specs=nano.specs -mfpu=fpv4-sp-d16 -mfloat-abi=hard -mthumb -o "Middlewares/MotorControl/pid_regulator.o"
arm-none-eabi-gcc "/Users/armaan/projects/mte380-firmware/380motorcode/MCSDK_v6.4.1-Full/MotorControl/MCSDK/MCLib/Any/Src/pqd_motor_power_measurement.c" -mcpu=cortex-m4 -std=gnu11 -g3 -DDEBUG -DARM_MATH_CM4 -DUSE_HAL_DRIVER -DSTM32G431xx -c -I../../Inc -I../../Drivers/STM32G4xx_HAL_Driver/Inc -I../../Drivers/STM32G4xx_HAL_Driver/Inc/Legacy -I../../MCSDK_v6.4.1-Full/MotorControl/MCSDK/MCLib/Any/Inc -I../../MCSDK_v6.4.1-Full/MotorControl/MCSDK/MCLib/G4xx/Inc -I../../Drivers/CMSIS/Device/ST/STM32G4xx/Include -I../../Drivers/CMSIS/Include -I../../Drivers/CMSIS/DSP/Include -Ofast -ffunction-sections -fdata-sections -Wall -fstack-usage -fcyclomatic-complexity -MMD -MP -MF"Middlewares/MotorControl/pqd_motor_power_measurement.d" -MT"Middlewares/MotorControl/pqd_motor_power_measurement.o" --specs=nano.specs -mfpu=fpv4-sp-d16 -mfloat-abi=hard -mthumb -o "Middlewares/MotorControl/pqd_motor_power_measurement.o"
arm-none-eabi-gcc "/Users/armaan/projects/mte380-firmware/380motorcode/MCSDK_v6.4.1-Full/MotorControl/MCSDK/MCLib/G4xx/Src/r3_2_g4xx_pwm_curr_fdbk.c" -mcpu=cortex-m4 -std=gnu11 -g3 -DDEBUG -DARM_MATH_CM4 -DUSE_HAL_DRIVER -DSTM32G431xx -c -I../../Inc -I../../Drivers/STM32G4xx_HAL_Driver/Inc -I../../Drivers/STM32G4xx_HAL_Driver/Inc/Legacy -I../../MCSDK_v6.4.1-Full/MotorControl/MCSDK/MCLib/Any/Inc -I../../MCSDK_v6.4.1-Full/MotorControl/MCSDK/MCLib/G4xx/Inc -I../../Drivers/CMSIS/Device/ST/STM32G4xx/Include -I../../Drivers/CMSIS/Include -I../../Drivers/CMSIS/DSP/Include -Ofast -ffunction-sections -fdata-sections -Wall -fstack-usage -fcyclomatic-complexity -MMD -MP -MF"Middlewares/MotorControl/r3_2_g4xx_pwm_curr_fdbk.d" -MT"Middlewares/MotorControl/r3_2_g4xx_pwm_curr_fdbk.o" --specs=nano.specs -mfpu=fpv4-sp-d16 -mfloat-abi=hard -mthumb -o "Middlewares/MotorControl/r3_2_g4xx_pwm_curr_fdbk.o"
arm-none-eabi-gcc "/Users/armaan/projects/mte380-firmware/380motorcode/MCSDK_v6.4.1-Full/MotorControl/MCSDK/MCLib/Any/Src/r_divider_bus_voltage_sensor.c" -mcpu=cortex-m4 -std=gnu11 -g3 -DDEBUG -DARM_MATH_CM4 -DUSE_HAL_DRIVER -DSTM32G431xx -c -I../../Inc -I../../Drivers/STM32G4xx_HAL_Driver/Inc -I../../Drivers/STM32G4xx_HAL_Driver/Inc/Legacy -I../../MCSDK_v6.4.1-Full/MotorControl/MCSDK/MCLib/Any/Inc -I../../MCSDK_v6.4.1-Full/MotorControl/MCSDK/MCLib/G4xx/Inc -I../../Drivers/CMSIS/Device/ST/STM32G4xx/Include -I../../Drivers/CMSIS/Include -I../../Drivers/CMSIS/DSP/Include -Ofast -ffunction-sections -fdata-sections -Wall -fstack-usage -fcyclomatic-complexity -MMD -MP -MF"Middlewares/MotorControl/r_divider_bus_voltage_sensor.d" -MT"Middlewares/MotorControl/r_divider_bus_voltage_sensor.o" --specs=nano.specs -mfpu=fpv4-sp-d16 -mfloat-abi=hard -mthumb -o "Middlewares/MotorControl/r_divider_bus_voltage_sensor.o"
arm-none-eabi-gcc "/Users/armaan/projects/mte380-firmware/380motorcode/MCSDK_v6.4.1-Full/MotorControl/MCSDK/MCLib/Any/Src/ramp_ext_mngr.c" -mcpu=cortex-m4 -std=gnu11 -g3 -DDEBUG -DARM_MATH_CM4 -DUSE_HAL_DRIVER -DSTM32G431xx -c -I../../Inc -I../../Drivers/STM32G4xx_HAL_Driver/Inc -I../../Drivers/STM32G4xx_HAL_Driver/Inc/Legacy -I../../MCSDK_v6.4.1-Full/MotorControl/MCSDK/MCLib/Any/Inc -I../../MCSDK_v6.4.1-Full/MotorControl/MCSDK/MCLib/G4xx/Inc -I../../Drivers/CMSIS/Device/ST/STM32G4xx/Include -I../../Drivers/CMSIS/Include -I../../Drivers/CMSIS/DSP/Include -Ofast -ffunction-sections -fdata-sections -Wall -fstack-usage -fcyclomatic-complexity -MMD -MP -MF"Middlewares/MotorControl/ramp_ext_mngr.d" -MT"Middlewares/MotorControl/ramp_ext_mngr.o" --specs=nano.specs -mfpu=fpv4-sp-d16 -mfloat-abi=hard -mthumb -o "Middlewares/MotorControl/ramp_ext_mngr.o"
arm-none-eabi-gcc "/Users/armaan/projects/mte380-firmware/380motorcode/MCSDK_v6.4.1-Full/MotorControl/MCSDK/MCLib/Any/Src/revup_ctrl.c" -mcpu=cortex-m4 -std=gnu11 -g3 -DDEBUG -DARM_MATH_CM4 -DUSE_HAL_DRIVER -DSTM32G431xx -c -I../../Inc -I../../Drivers/STM32G4xx_HAL_Driver/Inc -I../../Drivers/STM32G4xx_HAL_Driver/Inc/Legacy -I../../MCSDK_v6.4.1-Full/MotorControl/MCSDK/MCLib/Any/Inc -I../../MCSDK_v6.4.1-Full/MotorControl/MCSDK/MCLib/G4xx/Inc -I../../Drivers/CMSIS/Device/ST/STM32G4xx/Include -I../../Drivers/CMSIS/Include -I../../Drivers/CMSIS/DSP/Include -Ofast -ffunction-sections -fdata-sections -Wall -fstack-usage -fcyclomatic-complexity -MMD -MP -MF"Middlewares/MotorControl/revup_ctrl.d" -MT"Middlewares/MotorControl/revup_ctrl.o" --specs=nano.specs -mfpu=fpv4-sp-d16 -mfloat-abi=hard -mthumb -o "Middlewares/MotorControl/revup_ctrl.o"
arm-none-eabi-gcc "/Users/armaan/projects/mte380-firmware/380motorcode/MCSDK_v6.4.1-Full/MotorControl/MCSDK/MCLib/Any/Src/speed_pos_fdbk.c" -mcpu=cortex-m4 -std=gnu11 -g3 -DDEBUG -DARM_MATH_CM4 -DUSE_HAL_DRIVER -DSTM32G431xx -c -I../../Inc -I../../Drivers/STM32G4xx_HAL_Driver/Inc -I../../Drivers/STM32G4xx_HAL_Driver/Inc/Legacy -I../../MCSDK_v6.4.1-Full/MotorControl/MCSDK/MCLib/Any/Inc -I../../MCSDK_v6.4.1-Full/MotorControl/MCSDK/MCLib/G4xx/Inc -I../../Drivers/CMSIS/Device/ST/STM32G4xx/Include -I../../Drivers/CMSIS/Include -I../../Drivers/CMSIS/DSP/Include -Ofast -ffunction-sections -fdata-sections -Wall -fstack-usage -fcyclomatic-complexity -MMD -MP -MF"Middlewares/MotorControl/speed_pos_fdbk.d" -MT"Middlewares/MotorControl/speed_pos_fdbk.o" --specs=nano.specs -mfpu=fpv4-sp-d16 -mfloat-abi=hard -mthumb -o "Middlewares/MotorControl/speed_pos_fdbk.o"
arm-none-eabi-gcc "/Users/armaan/projects/mte380-firmware/380motorcode/MCSDK_v6.4.1-Full/MotorControl/MCSDK/MCLib/Any/Src/sto_pll_speed_pos_fdbk.c" -mcpu=cortex-m4 -std=gnu11 -g3 -DDEBUG -DARM_MATH_CM4 -DUSE_HAL_DRIVER -DSTM32G431xx -c -I../../Inc -I../../Drivers/STM32G4xx_HAL_Driver/Inc -I../../Drivers/STM32G4xx_HAL_Driver/Inc/Legacy -I../../MCSDK_v6.4.1-Full/MotorControl/MCSDK/MCLib/Any/Inc -I../../MCSDK_v6.4.1-Full/MotorControl/MCSDK/MCLib/G4xx/Inc -I../../Drivers/CMSIS/Device/ST/STM32G4xx/Include -I../../Drivers/CMSIS/Include -I../../Drivers/CMSIS/DSP/Include -Ofast -ffunction-sections -fdata-sections -Wall -fstack-usage -fcyclomatic-complexity -MMD -MP -MF"Middlewares/MotorControl/sto_pll_speed_pos_fdbk.d" -MT"Middlewares/MotorControl/sto_pll_speed_pos_fdbk.o" --specs=nano.specs -mfpu=fpv4-sp-d16 -mfloat-abi=hard -mthumb -o "Middlewares/MotorControl/sto_pll_speed_pos_fdbk.o"
arm-none-eabi-gcc "/Users/armaan/projects/mte380-firmware/380motorcode/MCSDK_v6.4.1-Full/MotorControl/MCSDK/MCLib/Any/Src/virtual_speed_sensor.c" -mcpu=cortex-m4 -std=gnu11 -g3 -DDEBUG -DARM_MATH_CM4 -DUSE_HAL_DRIVER -DSTM32G431xx -c -I../../Inc -I../../Drivers/STM32G4xx_HAL_Driver/Inc -I../../Drivers/STM32G4xx_HAL_Driver/Inc/Legacy -I../../MCSDK_v6.4.1-Full/MotorControl/MCSDK/MCLib/Any/Inc -I../../MCSDK_v6.4.1-Full/MotorControl/MCSDK/MCLib/G4xx/Inc -I../../Drivers/CMSIS/Device/ST/STM32G4xx/Include -I../../Drivers/CMSIS/Include -I../../Drivers/CMSIS/DSP/Include -Ofast -ffunction-sections -fdata-sections -Wall -fstack-usage -fcyclomatic-complexity -MMD -MP -MF"Middlewares/MotorControl/virtual_speed_sensor.d" -MT"Middlewares/MotorControl/virtual_speed_sensor.o" --specs=nano.specs -mfpu=fpv4-sp-d16 -mfloat-abi=hard -mthumb -o "Middlewares/MotorControl/virtual_speed_sensor.o"
arm-none-eabi-gcc "/Users/armaan/projects/mte380-firmware/380motorcode/Drivers/STM32G4xx_HAL_Driver/Src/stm32g4xx_hal.c" -mcpu=cortex-m4 -std=gnu11 -g3 -DDEBUG -DARM_MATH_CM4 -DUSE_HAL_DRIVER -DSTM32G431xx -c -I../../Inc -I../../Drivers/STM32G4xx_HAL_Driver/Inc -I../../Drivers/STM32G4xx_HAL_Driver/Inc/Legacy -I../../MCSDK_v6.4.1-Full/MotorControl/MCSDK/MCLib/Any/Inc -I../../MCSDK_v6.4.1-Full/MotorControl/MCSDK/MCLib/G4xx/Inc -I../../Drivers/CMSIS/Device/ST/STM32G4xx/Include -I../../Drivers/CMSIS/Include -I../../Drivers/CMSIS/DSP/Include -Ofast -ffunction-sections -fdata-sections -Wall -fstack-usage -fcyclomatic-complexity -MMD -MP -MF"Drivers/STM32G4xx_HAL_Driver/stm32g4xx_hal.d" -MT"Drivers/STM32G4xx_HAL_Driver/stm32g4xx_hal.o" --specs=nano.specs -mfpu=fpv4-sp-d16 -mfloat-abi=hard -mthumb -o "Drivers/STM32G4xx_HAL_Driver/stm32g4xx_hal.o"
arm-none-eabi-gcc "/Users/armaan/projects/mte380-firmware/380motorcode/Drivers/STM32G4xx_HAL_Driver/Src/stm32g4xx_hal_adc.c" -mcpu=cortex-m4 -std=gnu11 -g3 -DDEBUG -DARM_MATH_CM4 -DUSE_HAL_DRIVER -DSTM32G431xx -c -I../../Inc -I../../Drivers/STM32G4xx_HAL_Driver/Inc -I../../Drivers/STM32G4xx_HAL_Driver/Inc/Legacy -I../../MCSDK_v6.4.1-Full/MotorControl/MCSDK/MCLib/Any/Inc -I../../MCSDK_v6.4.1-Full/MotorControl/MCSDK/MCLib/G4xx/Inc -I../../Drivers/CMSIS/Device/ST/STM32G4xx/Include -I../../Drivers/CMSIS/Include -I../../Drivers/CMSIS/DSP/Include -Ofast -ffunction-sections -fdata-sections -Wall -fstack-usage -fcyclomatic-complexity -MMD -MP -MF"Drivers/STM32G4xx_HAL_Driver/stm32g4xx_hal_adc.d" -MT"Drivers/STM32G4xx_HAL_Driver/stm32g4xx_hal_adc.o" --specs=nano.specs -mfpu=fpv4-sp-d16 -mfloat-abi=hard -mthumb -o "Drivers/STM32G4xx_HAL_Driver/stm32g4xx_hal_adc.o"
arm-none-eabi-gcc "/Users/armaan/projects/mte380-firmware/380motorcode/Drivers/STM32G4xx_HAL_Driver/Src/stm32g4xx_hal_adc_ex.c" -mcpu=cortex-m4 -std=gnu11 -g3 -DDEBUG -DARM_MATH_CM4 -DUSE_HAL_DRIVER -DSTM32G431xx -c -I../../Inc -I../../Drivers/STM32G4xx_HAL_Driver/Inc -I../../Drivers/STM32G4xx_HAL_Driver/Inc/Legacy -I../../MCSDK_v6.4.1-Full/MotorControl/MCSDK/MCLib/Any/Inc -I../../MCSDK_v6.4.1-Full/MotorControl/MCSDK/MCLib/G4xx/Inc -I../../Drivers/CMSIS/Device/ST/STM32G4xx/Include -I../../Drivers/CMSIS/Include -I../../Drivers/CMSIS/DSP/Include -Ofast -ffunction-sections -fdata-sections -Wall -fstack-usage -fcyclomatic-complexity -MMD -MP -MF"Drivers/STM32G4xx_HAL_Driver/stm32g4xx_hal_adc_ex.d" -MT"Drivers/STM32G4xx_HAL_Driver/stm32g4xx_hal_adc_ex.o" --specs=nano.specs -mfpu=fpv4-sp-d16 -mfloat-abi=hard -mthumb -o "Drivers/STM32G4xx_HAL_Driver/stm32g4xx_hal_adc_ex.o"
arm-none-eabi-gcc "/Users/armaan/projects/mte380-firmware/380motorcode/Drivers/STM32G4xx_HAL_Driver/Src/stm32g4xx_hal_comp.c" -mcpu=cortex-m4 -std=gnu11 -g3 -DDEBUG -DARM_MATH_CM4 -DUSE_HAL_DRIVER -DSTM32G431xx -c -I../../Inc -I../../Drivers/STM32G4xx_HAL_Driver/Inc -I../../Drivers/STM32G4xx_HAL_Driver/Inc/Legacy -I../../MCSDK_v6.4.1-Full/MotorControl/MCSDK/MCLib/Any/Inc -I../../MCSDK_v6.4.1-Full/MotorControl/MCSDK/MCLib/G4xx/Inc -I../../Drivers/CMSIS/Device/ST/STM32G4xx/Include -I../../Drivers/CMSIS/Include -I../../Drivers/CMSIS/DSP/Include -Ofast -ffunction-sections -fdata-sections -Wall -fstack-usage -fcyclomatic-complexity -MMD -MP -MF"Drivers/STM32G4xx_HAL_Driver/stm32g4xx_hal_comp.d" -MT"Drivers/STM32G4xx_HAL_Driver/stm32g4xx_hal_comp.o" --specs=nano.specs -mfpu=fpv4-sp-d16 -mfloat-abi=hard -mthumb -o "Drivers/STM32G4xx_HAL_Driver/stm32g4xx_hal_comp.o"
arm-none-eabi-gcc "/Users/armaan/projects/mte380-firmware/380motorcode/Drivers/STM32G4xx_HAL_Driver/Src/stm32g4xx_hal_cordic.c" -mcpu=cortex-m4 -std=gnu11 -g3 -DDEBUG -DARM_MATH_CM4 -DUSE_HAL_DRIVER -DSTM32G431xx -c -I../../Inc -I../../Drivers/STM32G4xx_HAL_Driver/Inc -I../../Drivers/STM32G4xx_HAL_Driver/Inc/Legacy -I../../MCSDK_v6.4.1-Full/MotorControl/MCSDK/MCLib/Any/Inc -I../../MCSDK_v6.4.1-Full/MotorControl/MCSDK/MCLib/G4xx/Inc -I../../Drivers/CMSIS/Device/ST/STM32G4xx/Include -I../../Drivers/CMSIS/Include -I../../Drivers/CMSIS/DSP/Include -Ofast -ffunction-sections -fdata-sections -Wall -fstack-usage -fcyclomatic-complexity -MMD -MP -MF"Drivers/STM32G4xx_HAL_Driver/stm32g4xx_hal_cordic.d" -MT"Drivers/STM32G4xx_HAL_Driver/stm32g4xx_hal_cordic.o" --specs=nano.specs -mfpu=fpv4-sp-d16 -mfloat-abi=hard -mthumb -o "Drivers/STM32G4xx_HAL_Driver/stm32g4xx_hal_cordic.o"
arm-none-eabi-gcc "/Users/armaan/projects/mte380-firmware/380motorcode/Drivers/STM32G4xx_HAL_Driver/Src/stm32g4xx_hal_cortex.c" -mcpu=cortex-m4 -std=gnu11 -g3 -DDEBUG -DARM_MATH_CM4 -DUSE_HAL_DRIVER -DSTM32G431xx -c -I../../Inc -I../../Drivers/STM32G4xx_HAL_Driver/Inc -I../../Drivers/STM32G4xx_HAL_Driver/Inc/Legacy -I../../MCSDK_v6.4.1-Full/MotorControl/MCSDK/MCLib/Any/Inc -I../../MCSDK_v6.4.1-Full/MotorControl/MCSDK/MCLib/G4xx/Inc -I../../Drivers/CMSIS/Device/ST/STM32G4xx/Include -I../../Drivers/CMSIS/Include -I../../Drivers/CMSIS/DSP/Include -Ofast -ffunction-sections -fdata-sections -Wall -fstack-usage -fcyclomatic-complexity -MMD -MP -MF"Drivers/STM32G4xx_HAL_Driver/stm32g4xx_hal_cortex.d" -MT"Drivers/STM32G4xx_HAL_Driver/stm32g4xx_hal_cortex.o" --specs=nano.specs -mfpu=fpv4-sp-d16 -mfloat-abi=hard -mthumb -o "Drivers/STM32G4xx_HAL_Driver/stm32g4xx_hal_cortex.o"
arm-none-eabi-gcc "/Users/armaan/projects/mte380-firmware/380motorcode/Drivers/STM32G4xx_HAL_Driver/Src/stm32g4xx_hal_dac.c" -mcpu=cortex-m4 -std=gnu11 -g3 -DDEBUG -DARM_MATH_CM4 -DUSE_HAL_DRIVER -DSTM32G431xx -c -I../../Inc -I../../Drivers/STM32G4xx_HAL_Driver/Inc -I../../Drivers/STM32G4xx_HAL_Driver/Inc/Legacy -I../../MCSDK_v6.4.1-Full/MotorControl/MCSDK/MCLib/Any/Inc -I../../MCSDK_v6.4.1-Full/MotorControl/MCSDK/MCLib/G4xx/Inc -I../../Drivers/CMSIS/Device/ST/STM32G4xx/Include -I../../Drivers/CMSIS/Include -I../../Drivers/CMSIS/DSP/Include -Ofast -ffunction-sections -fdata-sections -Wall -fstack-usage -fcyclomatic-complexity -MMD -MP -MF"Drivers/STM32G4xx_HAL_Driver/stm32g4xx_hal_dac.d" -MT"Drivers/STM32G4xx_HAL_Driver/stm32g4xx_hal_dac.o" --specs=nano.specs -mfpu=fpv4-sp-d16 -mfloat-abi=hard -mthumb -o "Drivers/STM32G4xx_HAL_Driver/stm32g4xx_hal_dac.o"
arm-none-eabi-gcc "/Users/armaan/projects/mte380-firmware/380motorcode/Drivers/STM32G4xx_HAL_Driver/Src/stm32g4xx_hal_dac_ex.c" -mcpu=cortex-m4 -std=gnu11 -g3 -DDEBUG -DARM_MATH_CM4 -DUSE_HAL_DRIVER -DSTM32G431xx -c -I../../Inc -I../../Drivers/STM32G4xx_HAL_Driver/Inc -I../../Drivers/STM32G4xx_HAL_Driver/Inc/Legacy -I../../MCSDK_v6.4.1-Full/MotorControl/MCSDK/MCLib/Any/Inc -I../../MCSDK_v6.4.1-Full/MotorControl/MCSDK/MCLib/G4xx/Inc -I../../Drivers/CMSIS/Device/ST/STM32G4xx/Include -I../../Drivers/CMSIS/Include -I../../Drivers/CMSIS/DSP/Include -Ofast -ffunction-sections -fdata-sections -Wall -fstack-usage -fcyclomatic-complexity -MMD -MP -MF"Drivers/STM32G4xx_HAL_Driver/stm32g4xx_hal_dac_ex.d" -MT"Drivers/STM32G4xx_HAL_Driver/stm32g4xx_hal_dac_ex.o" --specs=nano.specs -mfpu=fpv4-sp-d16 -mfloat-abi=hard -mthumb -o "Drivers/STM32G4xx_HAL_Driver/stm32g4xx_hal_dac_ex.o"
arm-none-eabi-gcc "/Users/armaan/projects/mte380-firmware/380motorcode/Drivers/STM32G4xx_HAL_Driver/Src/stm32g4xx_hal_dma.c" -mcpu=cortex-m4 -std=gnu11 -g3 -DDEBUG -DARM_MATH_CM4 -DUSE_HAL_DRIVER -DSTM32G431xx -c -I../../Inc -I../../Drivers/STM32G4xx_HAL_Driver/Inc -I../../Drivers/STM32G4xx_HAL_Driver/Inc/Legacy -I../../MCSDK_v6.4.1-Full/MotorControl/MCSDK/MCLib/Any/Inc -I../../MCSDK_v6.4.1-Full/MotorControl/MCSDK/MCLib/G4xx/Inc -I../../Drivers/CMSIS/Device/ST/STM32G4xx/Include -I../../Drivers/CMSIS/Include -I../../Drivers/CMSIS/DSP/Include -Ofast -ffunction-sections -fdata-sections -Wall -fstack-usage -fcyclomatic-complexity -MMD -MP -MF"Drivers/STM32G4xx_HAL_Driver/stm32g4xx_hal_dma.d" -MT"Drivers/STM32G4xx_HAL_Driver/stm32g4xx_hal_dma.o" --specs=nano.specs -mfpu=fpv4-sp-d16 -mfloat-abi=hard -mthumb -o "Drivers/STM32G4xx_HAL_Driver/stm32g4xx_hal_dma.o"
arm-none-eabi-gcc "/Users/armaan/projects/mte380-firmware/380motorcode/Drivers/STM32G4xx_HAL_Driver/Src/stm32g4xx_hal_dma_ex.c" -mcpu=cortex-m4 -std=gnu11 -g3 -DDEBUG -DARM_MATH_CM4 -DUSE_HAL_DRIVER -DSTM32G431xx -c -I../../Inc -I../../Drivers/STM32G4xx_HAL_Driver/Inc -I../../Drivers/STM32G4xx_HAL_Driver/Inc/Legacy -I../../MCSDK_v6.4.1-Full/MotorControl/MCSDK/MCLib/Any/Inc -I../../MCSDK_v6.4.1-Full/MotorControl/MCSDK/MCLib/G4xx/Inc -I../../Drivers/CMSIS/Device/ST/STM32G4xx/Include -I../../Drivers/CMSIS/Include -I../../Drivers/CMSIS/DSP/Include -Ofast -ffunction-sections -fdata-sections -Wall -fstack-usage -fcyclomatic-complexity -MMD -MP -MF"Drivers/STM32G4xx_HAL_Driver/stm32g4xx_hal_dma_ex.d" -MT"Drivers/STM32G4xx_HAL_Driver/stm32g4xx_hal_dma_ex.o" --specs=nano.specs -mfpu=fpv4-sp-d16 -mfloat-abi=hard -mthumb -o "Drivers/STM32G4xx_HAL_Driver/stm32g4xx_hal_dma_ex.o"
arm-none-eabi-gcc "/Users/armaan/projects/mte380-firmware/380motorcode/Drivers/STM32G4xx_HAL_Driver/Src/stm32g4xx_hal_exti.c" -mcpu=cortex-m4 -std=gnu11 -g3 -DDEBUG -DARM_MATH_CM4 -DUSE_HAL_DRIVER -DSTM32G431xx -c -I../../Inc -I../../Drivers/STM32G4xx_HAL_Driver/Inc -I../../Drivers/STM32G4xx_HAL_Driver/Inc/Legacy -I../../MCSDK_v6.4.1-Full/MotorControl/MCSDK/MCLib/Any/Inc -I../../MCSDK_v6.4.1-Full/MotorControl/MCSDK/MCLib/G4xx/Inc -I../../Drivers/CMSIS/Device/ST/STM32G4xx/Include -I../../Drivers/CMSIS/Include -I../../Drivers/CMSIS/DSP/Include -Ofast -ffunction-sections -fdata-sections -Wall -fstack-usage -fcyclomatic-complexity -MMD -MP -MF"Drivers/STM32G4xx_HAL_Driver/stm32g4xx_hal_exti.d" -MT"Drivers/STM32G4xx_HAL_Driver/stm32g4xx_hal_exti.o" --specs=nano.specs -mfpu=fpv4-sp-d16 -mfloat-abi=hard -mthumb -o "Drivers/STM32G4xx_HAL_Driver/stm32g4xx_hal_exti.o"
arm-none-eabi-gcc "/Users/armaan/projects/mte380-firmware/380motorcode/Drivers/STM32G4xx_HAL_Driver/Src/stm32g4xx_hal_flash.c" -mcpu=cortex-m4 -std=gnu11 -g3 -DDEBUG -DARM_MATH_CM4 -DUSE_HAL_DRIVER -DSTM32G431xx -c -I../../Inc -I../../Drivers/STM32G4xx_HAL_Driver/Inc -I../../Drivers/STM32G4xx_HAL_Driver/Inc/Legacy -I../../MCSDK_v6.4.1-Full/MotorControl/MCSDK/MCLib/Any/Inc -I../../MCSDK_v6.4.1-Full/MotorControl/MCSDK/MCLib/G4xx/Inc -I../../Drivers/CMSIS/Device/ST/STM32G4xx/Include -I../../Drivers/CMSIS/Include -I../../Drivers/CMSIS/DSP/Include -Ofast -ffunction-sections -fdata-sections -Wall -fstack-usage -fcyclomatic-complexity -MMD -MP -MF"Drivers/STM32G4xx_HAL_Driver/stm32g4xx_hal_flash.d" -MT"Drivers/STM32G4xx_HAL_Driver/stm32g4xx_hal_flash.o" --specs=nano.specs -mfpu=fpv4-sp-d16 -mfloat-abi=hard -mthumb -o "Drivers/STM32G4xx_HAL_Driver/stm32g4xx_hal_flash.o"
arm-none-eabi-gcc "/Users/armaan/projects/mte380-firmware/380motorcode/Drivers/STM32G4xx_HAL_Driver/Src/stm32g4xx_hal_flash_ex.c" -mcpu=cortex-m4 -std=gnu11 -g3 -DDEBUG -DARM_MATH_CM4 -DUSE_HAL_DRIVER -DSTM32G431xx -c -I../../Inc -I../../Drivers/STM32G4xx_HAL_Driver/Inc -I../../Drivers/STM32G4xx_HAL_Driver/Inc/Legacy -I../../MCSDK_v6.4.1-Full/MotorControl/MCSDK/MCLib/Any/Inc -I../../MCSDK_v6.4.1-Full/MotorControl/MCSDK/MCLib/G4xx/Inc -I../../Drivers/CMSIS/Device/ST/STM32G4xx/Include -I../../Drivers/CMSIS/Include -I../../Drivers/CMSIS/DSP/Include -Ofast -ffunction-sections -fdata-sections -Wall -fstack-usage -fcyclomatic-complexity -MMD -MP -MF"Drivers/STM32G4xx_HAL_Driver/stm32g4xx_hal_flash_ex.d" -MT"Drivers/STM32G4xx_HAL_Driver/stm32g4xx_hal_flash_ex.o" --specs=nano.specs -mfpu=fpv4-sp-d16 -mfloat-abi=hard -mthumb -o "Drivers/STM32G4xx_HAL_Driver/stm32g4xx_hal_flash_ex.o"
arm-none-eabi-gcc "/Users/armaan/projects/mte380-firmware/380motorcode/Drivers/STM32G4xx_HAL_Driver/Src/stm32g4xx_hal_flash_ramfunc.c" -mcpu=cortex-m4 -std=gnu11 -g3 -DDEBUG -DARM_MATH_CM4 -DUSE_HAL_DRIVER -DSTM32G431xx -c -I../../Inc -I../../Drivers/STM32G4xx_HAL_Driver/Inc -I../../Drivers/STM32G4xx_HAL_Driver/Inc/Legacy -I../../MCSDK_v6.4.1-Full/MotorControl/MCSDK/MCLib/Any/Inc -I../../MCSDK_v6.4.1-Full/MotorControl/MCSDK/MCLib/G4xx/Inc -I../../Drivers/CMSIS/Device/ST/STM32G4xx/Include -I../../Drivers/CMSIS/Include -I../../Drivers/CMSIS/DSP/Include -Ofast -ffunction-sections -fdata-sections -Wall -fstack-usage -fcyclomatic-complexity -MMD -MP -MF"Drivers/STM32G4xx_HAL_Driver/stm32g4xx_hal_flash_ramfunc.d" -MT"Drivers/STM32G4xx_HAL_Driver/stm32g4xx_hal_flash_ramfunc.o" --specs=nano.specs -mfpu=fpv4-sp-d16 -mfloat-abi=hard -mthumb -o "Drivers/STM32G4xx_HAL_Driver/stm32g4xx_hal_flash_ramfunc.o"
arm-none-eabi-gcc "/Users/armaan/projects/mte380-firmware/380motorcode/Drivers/STM32G4xx_HAL_Driver/Src/stm32g4xx_hal_gpio.c" -mcpu=cortex-m4 -std=gnu11 -g3 -DDEBUG -DARM_MATH_CM4 -DUSE_HAL_DRIVER -DSTM32G431xx -c -I../../Inc -I../../Drivers/STM32G4xx_HAL_Driver/Inc -I../../Drivers/STM32G4xx_HAL_Driver/Inc/Legacy -I../../MCSDK_v6.4.1-Full/MotorControl/MCSDK/MCLib/Any/Inc -I../../MCSDK_v6.4.1-Full/MotorControl/MCSDK/MCLib/G4xx/Inc -I../../Drivers/CMSIS/Device/ST/STM32G4xx/Include -I../../Drivers/CMSIS/Include -I../../Drivers/CMSIS/DSP/Include -Ofast -ffunction-sections -fdata-sections -Wall -fstack-usage -fcyclomatic-complexity -MMD -MP -MF"Drivers/STM32G4xx_HAL_Driver/stm32g4xx_hal_gpio.d" -MT"Drivers/STM32G4xx_HAL_Driver/stm32g4xx_hal_gpio.o" --specs=nano.specs -mfpu=fpv4-sp-d16 -mfloat-abi=hard -mthumb -o "Drivers/STM32G4xx_HAL_Driver/stm32g4xx_hal_gpio.o"
arm-none-eabi-gcc "/Users/armaan/projects/mte380-firmware/380motorcode/Drivers/STM32G4xx_HAL_Driver/Src/stm32g4xx_hal_opamp.c" -mcpu=cortex-m4 -std=gnu11 -g3 -DDEBUG -DARM_MATH_CM4 -DUSE_HAL_DRIVER -DSTM32G431xx -c -I../../Inc -I../../Drivers/STM32G4xx_HAL_Driver/Inc -I../../Drivers/STM32G4xx_HAL_Driver/Inc/Legacy -I../../MCSDK_v6.4.1-Full/MotorControl/MCSDK/MCLib/Any/Inc -I../../MCSDK_v6.4.1-Full/MotorControl/MCSDK/MCLib/G4xx/Inc -I../../Drivers/CMSIS/Device/ST/STM32G4xx/Include -I../../Drivers/CMSIS/Include -I../../Drivers/CMSIS/DSP/Include -Ofast -ffunction-sections -fdata-sections -Wall -fstack-usage -fcyclomatic-complexity -MMD -MP -MF"Drivers/STM32G4xx_HAL_Driver/stm32g4xx_hal_opamp.d" -MT"Drivers/STM32G4xx_HAL_Driver/stm32g4xx_hal_opamp.o" --specs=nano.specs -mfpu=fpv4-sp-d16 -mfloat-abi=hard -mthumb -o "Drivers/STM32G4xx_HAL_Driver/stm32g4xx_hal_opamp.o"
arm-none-eabi-gcc "/Users/armaan/projects/mte380-firmware/380motorcode/Drivers/STM32G4xx_HAL_Driver/Src/stm32g4xx_hal_opamp_ex.c" -mcpu=cortex-m4 -std=gnu11 -g3 -DDEBUG -DARM_MATH_CM4 -DUSE_HAL_DRIVER -DSTM32G431xx -c -I../../Inc -I../../Drivers/STM32G4xx_HAL_Driver/Inc -I../../Drivers/STM32G4xx_HAL_Driver/Inc/Legacy -I../../MCSDK_v6.4.1-Full/MotorControl/MCSDK/MCLib/Any/Inc -I../../MCSDK_v6.4.1-Full/MotorControl/MCSDK/MCLib/G4xx/Inc -I../../Drivers/CMSIS/Device/ST/STM32G4xx/Include -I../../Drivers/CMSIS/Include -I../../Drivers/CMSIS/DSP/Include -Ofast -ffunction-sections -fdata-sections -Wall -fstack-usage -fcyclomatic-complexity -MMD -MP -MF"Drivers/STM32G4xx_HAL_Driver/stm32g4xx_hal_opamp_ex.d" -MT"Drivers/STM32G4xx_HAL_Driver/stm32g4xx_hal_opamp_ex.o" --specs=nano.specs -mfpu=fpv4-sp-d16 -mfloat-abi=hard -mthumb -o "Drivers/STM32G4xx_HAL_Driver/stm32g4xx_hal_opamp_ex.o"
arm-none-eabi-gcc "/Users/armaan/projects/mte380-firmware/380motorcode/Drivers/STM32G4xx_HAL_Driver/Src/stm32g4xx_hal_pwr.c" -mcpu=cortex-m4 -std=gnu11 -g3 -DDEBUG -DARM_MATH_CM4 -DUSE_HAL_DRIVER -DSTM32G431xx -c -I../../Inc -I../../Drivers/STM32G4xx_HAL_Driver/Inc -I../../Drivers/STM32G4xx_HAL_Driver/Inc/Legacy -I../../MCSDK_v6.4.1-Full/MotorControl/MCSDK/MCLib/Any/Inc -I../../MCSDK_v6.4.1-Full/MotorControl/MCSDK/MCLib/G4xx/Inc -I../../Drivers/CMSIS/Device/ST/STM32G4xx/Include -I../../Drivers/CMSIS/Include -I../../Drivers/CMSIS/DSP/Include -Ofast -ffunction-sections -fdata-sections -Wall -fstack-usage -fcyclomatic-complexity -MMD -MP -MF"Drivers/STM32G4xx_HAL_Driver/stm32g4xx_hal_pwr.d" -MT"Drivers/STM32G4xx_HAL_Driver/stm32g4xx_hal_pwr.o" --specs=nano.specs -mfpu=fpv4-sp-d16 -mfloat-abi=hard -mthumb -o "Drivers/STM32G4xx_HAL_Driver/stm32g4xx_hal_pwr.o"
arm-none-eabi-gcc "/Users/armaan/projects/mte380-firmware/380motorcode/Drivers/STM32G4xx_HAL_Driver/Src/stm32g4xx_hal_pwr_ex.c" -mcpu=cortex-m4 -std=gnu11 -g3 -DDEBUG -DARM_MATH_CM4 -DUSE_HAL_DRIVER -DSTM32G431xx -c -I../../Inc -I../../Drivers/STM32G4xx_HAL_Driver/Inc -I../../Drivers/STM32G4xx_HAL_Driver/Inc/Legacy -I../../MCSDK_v6.4.1-Full/MotorControl/MCSDK/MCLib/Any/Inc -I../../MCSDK_v6.4.1-Full/MotorControl/MCSDK/MCLib/G4xx/Inc -I../../Drivers/CMSIS/Device/ST/STM32G4xx/Include -I../../Drivers/CMSIS/Include -I../../Drivers/CMSIS/DSP/Include -Ofast -ffunction-sections -fdata-sections -Wall -fstack-usage -fcyclomatic-complexity -MMD -MP -MF"Drivers/STM32G4xx_HAL_Driver/stm32g4xx_hal_pwr_ex.d" -MT"Drivers/STM32G4xx_HAL_Driver/stm32g4xx_hal_pwr_ex.o" --specs=nano.specs -mfpu=fpv4-sp-d16 -mfloat-abi=hard -mthumb -o "Drivers/STM32G4xx_HAL_Driver/stm32g4xx_hal_pwr_ex.o"
arm-none-eabi-gcc "/Users/armaan/projects/mte380-firmware/380motorcode/Drivers/STM32G4xx_HAL_Driver/Src/stm32g4xx_hal_rcc.c" -mcpu=cortex-m4 -std=gnu11 -g3 -DDEBUG -DARM_MATH_CM4 -DUSE_HAL_DRIVER -DSTM32G431xx -c -I../../Inc -I../../Drivers/STM32G4xx_HAL_Driver/Inc -I../../Drivers/STM32G4xx_HAL_Driver/Inc/Legacy -I../../MCSDK_v6.4.1-Full/MotorControl/MCSDK/MCLib/Any/Inc -I../../MCSDK_v6.4.1-Full/MotorControl/MCSDK/MCLib/G4xx/Inc -I../../Drivers/CMSIS/Device/ST/STM32G4xx/Include -I../../Drivers/CMSIS/Include -I../../Drivers/CMSIS/DSP/Include -Ofast -ffunction-sections -fdata-sections -Wall -fstack-usage -fcyclomatic-complexity -MMD -MP -MF"Drivers/STM32G4xx_HAL_Driver/stm32g4xx_hal_rcc.d" -MT"Drivers/STM32G4xx_HAL_Driver/stm32g4xx_hal_rcc.o" --specs=nano.specs -mfpu=fpv4-sp-d16 -mfloat-abi=hard -mthumb -o "Drivers/STM32G4xx_HAL_Driver/stm32g4xx_hal_rcc.o"
arm-none-eabi-gcc "/Users/armaan/projects/mte380-firmware/380motorcode/Drivers/STM32G4xx_HAL_Driver/Src/stm32g4xx_hal_rcc_ex.c" -mcpu=cortex-m4 -std=gnu11 -g3 -DDEBUG -DARM_MATH_CM4 -DUSE_HAL_DRIVER -DSTM32G431xx -c -I../../Inc -I../../Drivers/STM32G4xx_HAL_Driver/Inc -I../../Drivers/STM32G4xx_HAL_Driver/Inc/Legacy -I../../MCSDK_v6.4.1-Full/MotorControl/MCSDK/MCLib/Any/Inc -I../../MCSDK_v6.4.1-Full/MotorControl/MCSDK/MCLib/G4xx/Inc -I../../Drivers/CMSIS/Device/ST/STM32G4xx/Include -I../../Drivers/CMSIS/Include -I../../Drivers/CMSIS/DSP/Include -Ofast -ffunction-sections -fdata-sections -Wall -fstack-usage -fcyclomatic-complexity -MMD -MP -MF"Drivers/STM32G4xx_HAL_Driver/stm32g4xx_hal_rcc_ex.d" -MT"Drivers/STM32G4xx_HAL_Driver/stm32g4xx_hal_rcc_ex.o" --specs=nano.specs -mfpu=fpv4-sp-d16 -mfloat-abi=hard -mthumb -o "Drivers/STM32G4xx_HAL_Driver/stm32g4xx_hal_rcc_ex.o"
arm-none-eabi-gcc "/Users/armaan/projects/mte380-firmware/380motorcode/Drivers/STM32G4xx_HAL_Driver/Src/stm32g4xx_hal_tim.c" -mcpu=cortex-m4 -std=gnu11 -g3 -DDEBUG -DARM_MATH_CM4 -DUSE_HAL_DRIVER -DSTM32G431xx -c -I../../Inc -I../../Drivers/STM32G4xx_HAL_Driver/Inc -I../../Drivers/STM32G4xx_HAL_Driver/Inc/Legacy -I../../MCSDK_v6.4.1-Full/MotorControl/MCSDK/MCLib/Any/Inc -I../../MCSDK_v6.4.1-Full/MotorControl/MCSDK/MCLib/G4xx/Inc -I../../Drivers/CMSIS/Device/ST/STM32G4xx/Include -I../../Drivers/CMSIS/Include -I../../Drivers/CMSIS/DSP/Include -Ofast -ffunction-sections -fdata-sections -Wall -fstack-usage -fcyclomatic-complexity -MMD -MP -MF"Drivers/STM32G4xx_HAL_Driver/stm32g4xx_hal_tim.d" -MT"Drivers/STM32G4xx_HAL_Driver/stm32g4xx_hal_tim.o" --specs=nano.specs -mfpu=fpv4-sp-d16 -mfloat-abi=hard -mthumb -o "Drivers/STM32G4xx_HAL_Driver/stm32g4xx_hal_tim.o"
arm-none-eabi-gcc "/Users/armaan/projects/mte380-firmware/380motorcode/Drivers/STM32G4xx_HAL_Driver/Src/stm32g4xx_hal_tim_ex.c" -mcpu=cortex-m4 -std=gnu11 -g3 -DDEBUG -DARM_MATH_CM4 -DUSE_HAL_DRIVER -DSTM32G431xx -c -I../../Inc -I../../Drivers/STM32G4xx_HAL_Driver/Inc -I../../Drivers/STM32G4xx_HAL_Driver/Inc/Legacy -I../../MCSDK_v6.4.1-Full/MotorControl/MCSDK/MCLib/Any/Inc -I../../MCSDK_v6.4.1-Full/MotorControl/MCSDK/MCLib/G4xx/Inc -I../../Drivers/CMSIS/Device/ST/STM32G4xx/Include -I../../Drivers/CMSIS/Include -I../../Drivers/CMSIS/DSP/Include -Ofast -ffunction-sections -fdata-sections -Wall -fstack-usage -fcyclomatic-complexity -MMD -MP -MF"Drivers/STM32G4xx_HAL_Driver/stm32g4xx_hal_tim_ex.d" -MT"Drivers/STM32G4xx_HAL_Driver/stm32g4xx_hal_tim_ex.o" --specs=nano.specs -mfpu=fpv4-sp-d16 -mfloat-abi=hard -mthumb -o "Drivers/STM32G4xx_HAL_Driver/stm32g4xx_hal_tim_ex.o"
arm-none-eabi-gcc "/Users/armaan/projects/mte380-firmware/380motorcode/Drivers/STM32G4xx_HAL_Driver/Src/stm32g4xx_hal_uart.c" -mcpu=cortex-m4 -std=gnu11 -g3 -DDEBUG -DARM_MATH_CM4 -DUSE_HAL_DRIVER -DSTM32G431xx -c -I../../Inc -I../../Drivers/STM32G4xx_HAL_Driver/Inc -I../../Drivers/STM32G4xx_HAL_Driver/Inc/Legacy -I../../MCSDK_v6.4.1-Full/MotorControl/MCSDK/MCLib/Any/Inc -I../../MCSDK_v6.4.1-Full/MotorControl/MCSDK/MCLib/G4xx/Inc -I../../Drivers/CMSIS/Device/ST/STM32G4xx/Include -I../../Drivers/CMSIS/Include -I../../Drivers/CMSIS/DSP/Include -Ofast -ffunction-sections -fdata-sections -Wall -fstack-usage -fcyclomatic-complexity -MMD -MP -MF"Drivers/STM32G4xx_HAL_Driver/stm32g4xx_hal_uart.d" -MT"Drivers/STM32G4xx_HAL_Driver/stm32g4xx_hal_uart.o" --specs=nano.specs -mfpu=fpv4-sp-d16 -mfloat-abi=hard -mthumb -o "Drivers/STM32G4xx_HAL_Driver/stm32g4xx_hal_uart.o"
arm-none-eabi-gcc "/Users/armaan/projects/mte380-firmware/380motorcode/Drivers/STM32G4xx_HAL_Driver/Src/stm32g4xx_hal_uart_ex.c" -mcpu=cortex-m4 -std=gnu11 -g3 -DDEBUG -DARM_MATH_CM4 -DUSE_HAL_DRIVER -DSTM32G431xx -c -I../../Inc -I../../Drivers/STM32G4xx_HAL_Driver/Inc -I../../Drivers/STM32G4xx_HAL_Driver/Inc/Legacy -I../../MCSDK_v6.4.1-Full/MotorControl/MCSDK/MCLib/Any/Inc -I../../MCSDK_v6.4.1-Full/MotorControl/MCSDK/MCLib/G4xx/Inc -I../../Drivers/CMSIS/Device/ST/STM32G4xx/Include -I../../Drivers/CMSIS/Include -I../../Drivers/CMSIS/DSP/Include -Ofast -ffunction-sections -fdata-sections -Wall -fstack-usage -fcyclomatic-complexity -MMD -MP -MF"Drivers/STM32G4xx_HAL_Driver/stm32g4xx_hal_uart_ex.d" -MT"Drivers/STM32G4xx_HAL_Driver/stm32g4xx_hal_uart_ex.o" --specs=nano.specs -mfpu=fpv4-sp-d16 -mfloat-abi=hard -mthumb -o "Drivers/STM32G4xx_HAL_Driver/stm32g4xx_hal_uart_ex.o"
arm-none-eabi-gcc "/Users/armaan/projects/mte380-firmware/380motorcode/Drivers/STM32G4xx_HAL_Driver/Src/stm32g4xx_ll_adc.c" -mcpu=cortex-m4 -std=gnu11 -g3 -DDEBUG -DARM_MATH_CM4 -DUSE_HAL_DRIVER -DSTM32G431xx -c -I../../Inc -I../../Drivers/STM32G4xx_HAL_Driver/Inc -I../../Drivers/STM32G4xx_HAL_Driver/Inc/Legacy -I../../MCSDK_v6.4.1-Full/MotorControl/MCSDK/MCLib/Any/Inc -I../../MCSDK_v6.4.1-Full/MotorControl/MCSDK/MCLib/G4xx/Inc -I../../Drivers/CMSIS/Device/ST/STM32G4xx/Include -I../../Drivers/CMSIS/Include -I../../Drivers/CMSIS/DSP/Include -Ofast -ffunction-sections -fdata-sections -Wall -fstack-usage -fcyclomatic-complexity -MMD -MP -MF"Drivers/STM32G4xx_HAL_Driver/stm32g4xx_ll_adc.d" -MT"Drivers/STM32G4xx_HAL_Driver/stm32g4xx_ll_adc.o" --specs=nano.specs -mfpu=fpv4-sp-d16 -mfloat-abi=hard -mthumb -o "Drivers/STM32G4xx_HAL_Driver/stm32g4xx_ll_adc.o"
arm-none-eabi-gcc "/Users/armaan/projects/mte380-firmware/380motorcode/Src/system_stm32g4xx.c" -mcpu=cortex-m4 -std=gnu11 -g3 -DDEBUG -DARM_MATH_CM4 -DUSE_HAL_DRIVER -DSTM32G431xx -c -I../../Inc -I../../Drivers/STM32G4xx_HAL_Driver/Inc -I../../Drivers/STM32G4xx_HAL_Driver/Inc/Legacy -I../../MCSDK_v6.4.1-Full/MotorControl/MCSDK/MCLib/Any/Inc -I../../MCSDK_v6.4.1-Full/MotorControl/MCSDK/MCLib/G4xx/Inc -I../../Drivers/CMSIS/Device/ST/STM32G4xx/Include -I../../Drivers/CMSIS/Include -I../../Drivers/CMSIS/DSP/Include -Ofast -ffunction-sections -fdata-sections -Wall -fstack-usage -fcyclomatic-complexity -MMD -MP -MF"Drivers/CMSIS/system_stm32g4xx.d" -MT"Drivers/CMSIS/system_stm32g4xx.o" --specs=nano.specs -mfpu=fpv4-sp-d16 -mfloat-abi=hard -mthumb -o "Drivers/CMSIS/system_stm32g4xx.o"
arm-none-eabi-gcc "/Users/armaan/projects/mte380-firmware/380motorcode/Src/aspep.c" -mcpu=cortex-m4 -std=gnu11 -g3 -DDEBUG -DARM_MATH_CM4 -DUSE_HAL_DRIVER -DSTM32G431xx -c -I../../Inc -I../../Drivers/STM32G4xx_HAL_Driver/Inc -I../../Drivers/STM32G4xx_HAL_Driver/Inc/Legacy -I../../MCSDK_v6.4.1-Full/MotorControl/MCSDK/MCLib/Any/Inc -I../../MCSDK_v6.4.1-Full/MotorControl/MCSDK/MCLib/G4xx/Inc -I../../Drivers/CMSIS/Device/ST/STM32G4xx/Include -I../../Drivers/CMSIS/Include -I../../Drivers/CMSIS/DSP/Include -Ofast -ffunction-sections -fdata-sections -Wall -fstack-usage -fcyclomatic-complexity -MMD -MP -MF"Application/User/aspep.d" -MT"Application/User/aspep.o" --specs=nano.specs -mfpu=fpv4-sp-d16 -mfloat-abi=hard -mthumb -o "Application/User/aspep.o"
arm-none-eabi-gcc "/Users/armaan/projects/mte380-firmware/380motorcode/Src/hf_registers.c" -mcpu=cortex-m4 -std=gnu11 -g3 -DDEBUG -DARM_MATH_CM4 -DUSE_HAL_DRIVER -DSTM32G431xx -c -I../../Inc -I../../Drivers/STM32G4xx_HAL_Driver/Inc -I../../Drivers/STM32G4xx_HAL_Driver/Inc/Legacy -I../../MCSDK_v6.4.1-Full/MotorControl/MCSDK/MCLib/Any/Inc -I../../MCSDK_v6.4.1-Full/MotorControl/MCSDK/MCLib/G4xx/Inc -I../../Drivers/CMSIS/Device/ST/STM32G4xx/Include -I../../Drivers/CMSIS/Include -I../../Drivers/CMSIS/DSP/Include -Ofast -ffunction-sections -fdata-sections -Wall -fstack-usage -fcyclomatic-complexity -MMD -MP -MF"Application/User/hf_registers.d" -MT"Application/User/hf_registers.o" --specs=nano.specs -mfpu=fpv4-sp-d16 -mfloat-abi=hard -mthumb -o "Application/User/hf_registers.o"
arm-none-eabi-gcc "/Users/armaan/projects/mte380-firmware/380motorcode/Src/main.c" -mcpu=cortex-m4 -std=gnu11 -g3 -DDEBUG -DARM_MATH_CM4 -DUSE_HAL_DRIVER -DSTM32G431xx -c -I../../Inc -I../../Drivers/STM32G4xx_HAL_Driver/Inc -I../../Drivers/STM32G4xx_HAL_Driver/Inc/Legacy -I../../MCSDK_v6.4.1-Full/MotorControl/MCSDK/MCLib/Any/Inc -I../../MCSDK_v6.4.1-Full/MotorControl/MCSDK/MCLib/G4xx/Inc -I../../Drivers/CMSIS/Device/ST/STM32G4xx/Include -I../../Drivers/CMSIS/Include -I../../Drivers/CMSIS/DSP/Include -Ofast -ffunction-sections -fdata-sections -Wall -fstack-usage -fcyclomatic-complexity -MMD -MP -MF"Application/User/main.d" -MT"Application/User/main.o" --specs=nano.specs -mfpu=fpv4-sp-d16 -mfloat-abi=hard -mthumb -o "Application/User/main.o"
arm-none-eabi-gcc "/Users/armaan/projects/mte380-firmware/380motorcode/Src/mc_api.c" -mcpu=cortex-m4 -std=gnu11 -g3 -DDEBUG -DARM_MATH_CM4 -DUSE_HAL_DRIVER -DSTM32G431xx -c -I../../Inc -I../../Drivers/STM32G4xx_HAL_Driver/Inc -I../../Drivers/STM32G4xx_HAL_Driver/Inc/Legacy -I../../MCSDK_v6.4.1-Full/MotorControl/MCSDK/MCLib/Any/Inc -I../../MCSDK_v6.4.1-Full/MotorControl/MCSDK/MCLib/G4xx/Inc -I../../Drivers/CMSIS/Device/ST/STM32G4xx/Include -I../../Drivers/CMSIS/Include -I../../Drivers/CMSIS/DSP/Include -Ofast -ffunction-sections -fdata-sections -Wall -fstack-usage -fcyclomatic-complexity -MMD -MP -MF"Application/User/mc_api.d" -MT"Application/User/mc_api.o" --specs=nano.specs -mfpu=fpv4-sp-d16 -mfloat-abi=hard -mthumb -o "Application/User/mc_api.o"
arm-none-eabi-gcc "/Users/armaan/projects/mte380-firmware/380motorcode/Src/mc_app_hooks.c" -mcpu=cortex-m4 -std=gnu11 -g3 -DDEBUG -DARM_MATH_CM4 -DUSE_HAL_DRIVER -DSTM32G431xx -c -I../../Inc -I../../Drivers/STM32G4xx_HAL_Driver/Inc -I../../Drivers/STM32G4xx_HAL_Driver/Inc/Legacy -I../../MCSDK_v6.4.1-Full/MotorControl/MCSDK/MCLib/Any/Inc -I../../MCSDK_v6.4.1-Full/MotorControl/MCSDK/MCLib/G4xx/Inc -I../../Drivers/CMSIS/Device/ST/STM32G4xx/Include -I../../Drivers/CMSIS/Include -I../../Drivers/CMSIS/DSP/Include -Ofast -ffunction-sections -fdata-sections -Wall -fstack-usage -fcyclomatic-complexity -MMD -MP -MF"Application/User/mc_app_hooks.d" -MT"Application/User/mc_app_hooks.o" --specs=nano.specs -mfpu=fpv4-sp-d16 -mfloat-abi=hard -mthumb -o "Application/User/mc_app_hooks.o"
arm-none-eabi-gcc "/Users/armaan/projects/mte380-firmware/380motorcode/Src/mc_config.c" -mcpu=cortex-m4 -std=gnu11 -g3 -DDEBUG -DARM_MATH_CM4 -DUSE_HAL_DRIVER -DSTM32G431xx -c -I../../Inc -I../../Drivers/STM32G4xx_HAL_Driver/Inc -I../../Drivers/STM32G4xx_HAL_Driver/Inc/Legacy -I../../MCSDK_v6.4.1-Full/MotorControl/MCSDK/MCLib/Any/Inc -I../../MCSDK_v6.4.1-Full/MotorControl/MCSDK/MCLib/G4xx/Inc -I../../Drivers/CMSIS/Device/ST/STM32G4xx/Include -I../../Drivers/CMSIS/Include -I../../Drivers/CMSIS/DSP/Include -Ofast -ffunction-sections -fdata-sections -Wall -fstack-usage -fcyclomatic-complexity -MMD -MP -MF"Application/User/mc_config.d" -MT"Application/User/mc_config.o" --specs=nano.specs -mfpu=fpv4-sp-d16 -mfloat-abi=hard -mthumb -o "Application/User/mc_config.o"
arm-none-eabi-gcc "/Users/armaan/projects/mte380-firmware/380motorcode/Src/mc_config_common.c" -mcpu=cortex-m4 -std=gnu11 -g3 -DDEBUG -DARM_MATH_CM4 -DUSE_HAL_DRIVER -DSTM32G431xx -c -I../../Inc -I../../Drivers/STM32G4xx_HAL_Driver/Inc -I../../Drivers/STM32G4xx_HAL_Driver/Inc/Legacy -I../../MCSDK_v6.4.1-Full/MotorControl/MCSDK/MCLib/Any/Inc -I../../MCSDK_v6.4.1-Full/MotorControl/MCSDK/MCLib/G4xx/Inc -I../../Drivers/CMSIS/Device/ST/STM32G4xx/Include -I../../Drivers/CMSIS/Include -I../../Drivers/CMSIS/DSP/Include -Ofast -ffunction-sections -fdata-sections -Wall -fstack-usage -fcyclomatic-complexity -MMD -MP -MF"Application/User/mc_config_common.d" -MT"Application/User/mc_config_common.o" --specs=nano.specs -mfpu=fpv4-sp-d16 -mfloat-abi=hard -mthumb -o "Application/User/mc_config_common.o"
arm-none-eabi-gcc "/Users/armaan/projects/mte380-firmware/380motorcode/Src/mc_configuration_registers.c" -mcpu=cortex-m4 -std=gnu11 -g3 -DDEBUG -DARM_MATH_CM4 -DUSE_HAL_DRIVER -DSTM32G431xx -c -I../../Inc -I../../Drivers/STM32G4xx_HAL_Driver/Inc -I../../Drivers/STM32G4xx_HAL_Driver/Inc/Legacy -I../../MCSDK_v6.4.1-Full/MotorControl/MCSDK/MCLib/Any/Inc -I../../MCSDK_v6.4.1-Full/MotorControl/MCSDK/MCLib/G4xx/Inc -I../../Drivers/CMSIS/Device/ST/STM32G4xx/Include -I../../Drivers/CMSIS/Include -I../../Drivers/CMSIS/DSP/Include -Ofast -ffunction-sections -fdata-sections -Wall -fstack-usage -fcyclomatic-complexity -MMD -MP -MF"Application/User/mc_configuration_registers.d" -MT"Application/User/mc_configuration_registers.o" --specs=nano.specs -mfpu=fpv4-sp-d16 -mfloat-abi=hard -mthumb -o "Application/User/mc_configuration_registers.o"
arm-none-eabi-gcc "/Users/armaan/projects/mte380-firmware/380motorcode/Src/mc_interface.c" -mcpu=cortex-m4 -std=gnu11 -g3 -DDEBUG -DARM_MATH_CM4 -DUSE_HAL_DRIVER -DSTM32G431xx -c -I../../Inc -I../../Drivers/STM32G4xx_HAL_Driver/Inc -I../../Drivers/STM32G4xx_HAL_Driver/Inc/Legacy -I../../MCSDK_v6.4.1-Full/MotorControl/MCSDK/MCLib/Any/Inc -I../../MCSDK_v6.4.1-Full/MotorControl/MCSDK/MCLib/G4xx/Inc -I../../Drivers/CMSIS/Device/ST/STM32G4xx/Include -I../../Drivers/CMSIS/Include -I../../Drivers/CMSIS/DSP/Include -Ofast -ffunction-sections -fdata-sections -Wall -fstack-usage -fcyclomatic-complexity -MMD -MP -MF"Application/User/mc_interface.d" -MT"Application/User/mc_interface.o" --specs=nano.specs -mfpu=fpv4-sp-d16 -mfloat-abi=hard -mthumb -o "Application/User/mc_interface.o"
arm-none-eabi-gcc "/Users/armaan/projects/mte380-firmware/380motorcode/Src/mc_math.c" -mcpu=cortex-m4 -std=gnu11 -g3 -DDEBUG -DARM_MATH_CM4 -DUSE_HAL_DRIVER -DSTM32G431xx -c -I../../Inc -I../../Drivers/STM32G4xx_HAL_Driver/Inc -I../../Drivers/STM32G4xx_HAL_Driver/Inc/Legacy -I../../MCSDK_v6.4.1-Full/MotorControl/MCSDK/MCLib/Any/Inc -I../../MCSDK_v6.4.1-Full/MotorControl/MCSDK/MCLib/G4xx/Inc -I../../Drivers/CMSIS/Device/ST/STM32G4xx/Include -I../../Drivers/CMSIS/Include -I../../Drivers/CMSIS/DSP/Include -Ofast -ffunction-sections -fdata-sections -Wall -fstack-usage -fcyclomatic-complexity -MMD -MP -MF"Application/User/mc_math.d" -MT"Application/User/mc_math.o" --specs=nano.specs -mfpu=fpv4-sp-d16 -mfloat-abi=hard -mthumb -o "Application/User/mc_math.o"
arm-none-eabi-gcc "/Users/armaan/projects/mte380-firmware/380motorcode/Src/mc_parameters.c" -mcpu=cortex-m4 -std=gnu11 -g3 -DDEBUG -DARM_MATH_CM4 -DUSE_HAL_DRIVER -DSTM32G431xx -c -I../../Inc -I../../Drivers/STM32G4xx_HAL_Driver/Inc -I../../Drivers/STM32G4xx_HAL_Driver/Inc/Legacy -I../../MCSDK_v6.4.1-Full/MotorControl/MCSDK/MCLib/Any/Inc -I../../MCSDK_v6.4.1-Full/MotorControl/MCSDK/MCLib/G4xx/Inc -I../../Drivers/CMSIS/Device/ST/STM32G4xx/Include -I../../Drivers/CMSIS/Include -I../../Drivers/CMSIS/DSP/Include -Ofast -ffunction-sections -fdata-sections -Wall -fstack-usage -fcyclomatic-complexity -MMD -MP -MF"Application/User/mc_parameters.d" -MT"Application/User/mc_parameters.o" --specs=nano.specs -mfpu=fpv4-sp-d16 -mfloat-abi=hard -mthumb -o "Application/User/mc_parameters.o"
arm-none-eabi-gcc "/Users/armaan/projects/mte380-firmware/380motorcode/Src/mc_tasks.c" -mcpu=cortex-m4 -std=gnu11 -g3 -DDEBUG -DARM_MATH_CM4 -DUSE_HAL_DRIVER -DSTM32G431xx -c -I../../Inc -I../../Drivers/STM32G4xx_HAL_Driver/Inc -I../../Drivers/STM32G4xx_HAL_Driver/Inc/Legacy -I../../MCSDK_v6.4.1-Full/MotorControl/MCSDK/MCLib/Any/Inc -I../../MCSDK_v6.4.1-Full/MotorControl/MCSDK/MCLib/G4xx/Inc -I../../Drivers/CMSIS/Device/ST/STM32G4xx/Include -I../../Drivers/CMSIS/Include -I../../Drivers/CMSIS/DSP/Include -Ofast -ffunction-sections -fdata-sections -Wall -fstack-usage -fcyclomatic-complexity -MMD -MP -MF"Application/User/mc_tasks.d" -MT"Application/User/mc_tasks.o" --specs=nano.specs -mfpu=fpv4-sp-d16 -mfloat-abi=hard -mthumb -o "Application/User/mc_tasks.o"
arm-none-eabi-gcc "/Users/armaan/projects/mte380-firmware/380motorcode/Src/mc_tasks_foc.c" -mcpu=cortex-m4 -std=gnu11 -g3 -DDEBUG -DARM_MATH_CM4 -DUSE_HAL_DRIVER -DSTM32G431xx -c -I../../Inc -I../../Drivers/STM32G4xx_HAL_Driver/Inc -I../../Drivers/STM32G4xx_HAL_Driver/Inc/Legacy -I../../MCSDK_v6.4.1-Full/MotorControl/MCSDK/MCLib/Any/Inc -I../../MCSDK_v6.4.1-Full/MotorControl/MCSDK/MCLib/G4xx/Inc -I../../Drivers/CMSIS/Device/ST/STM32G4xx/Include -I../../Drivers/CMSIS/Include -I../../Drivers/CMSIS/DSP/Include -Ofast -ffunction-sections -fdata-sections -Wall -fstack-usage -fcyclomatic-complexity -MMD -MP -MF"Application/User/mc_tasks_foc.d" -MT"Application/User/mc_tasks_foc.o" --specs=nano.specs -mfpu=fpv4-sp-d16 -mfloat-abi=hard -mthumb -o "Application/User/mc_tasks_foc.o"
arm-none-eabi-gcc "/Users/armaan/projects/mte380-firmware/380motorcode/Src/mcp.c" -mcpu=cortex-m4 -std=gnu11 -g3 -DDEBUG -DARM_MATH_CM4 -DUSE_HAL_DRIVER -DSTM32G431xx -c -I../../Inc -I../../Drivers/STM32G4xx_HAL_Driver/Inc -I../../Drivers/STM32G4xx_HAL_Driver/Inc/Legacy -I../../MCSDK_v6.4.1-Full/MotorControl/MCSDK/MCLib/Any/Inc -I../../MCSDK_v6.4.1-Full/MotorControl/MCSDK/MCLib/G4xx/Inc -I../../Drivers/CMSIS/Device/ST/STM32G4xx/Include -I../../Drivers/CMSIS/Include -I../../Drivers/CMSIS/DSP/Include -Ofast -ffunction-sections -fdata-sections -Wall -fstack-usage -fcyclomatic-complexity -MMD -MP -MF"Application/User/mcp.d" -MT"Application/User/mcp.o" --specs=nano.specs -mfpu=fpv4-sp-d16 -mfloat-abi=hard -mthumb -o "Application/User/mcp.o"
arm-none-eabi-gcc "/Users/armaan/projects/mte380-firmware/380motorcode/Src/mcp_config.c" -mcpu=cortex-m4 -std=gnu11 -g3 -DDEBUG -DARM_MATH_CM4 -DUSE_HAL_DRIVER -DSTM32G431xx -c -I../../Inc -I../../Drivers/STM32G4xx_HAL_Driver/Inc -I../../Drivers/STM32G4xx_HAL_Driver/Inc/Legacy -I../../MCSDK_v6.4.1-Full/MotorControl/MCSDK/MCLib/Any/Inc -I../../MCSDK_v6.4.1-Full/MotorControl/MCSDK/MCLib/G4xx/Inc -I../../Drivers/CMSIS/Device/ST/STM32G4xx/Include -I../../Drivers/CMSIS/Include -I../../Drivers/CMSIS/DSP/Include -Ofast -ffunction-sections -fdata-sections -Wall -fstack-usage -fcyclomatic-complexity -MMD -MP -MF"Application/User/mcp_config.d" -MT"Application/User/mcp_config.o" --specs=nano.specs -mfpu=fpv4-sp-d16 -mfloat-abi=hard -mthumb -o "Application/User/mcp_config.o"
arm-none-eabi-gcc "/Users/armaan/projects/mte380-firmware/380motorcode/Src/motorcontrol.c" -mcpu=cortex-m4 -std=gnu11 -g3 -DDEBUG -DARM_MATH_CM4 -DUSE_HAL_DRIVER -DSTM32G431xx -c -I../../Inc -I../../Drivers/STM32G4xx_HAL_Driver/Inc -I../../Drivers/STM32G4xx_HAL_Driver/Inc/Legacy -I../../MCSDK_v6.4.1-Full/MotorControl/MCSDK/MCLib/Any/Inc -I../../MCSDK_v6.4.1-Full/MotorControl/MCSDK/MCLib/G4xx/Inc -I../../Drivers/CMSIS/Device/ST/STM32G4xx/Include -I../../Drivers/CMSIS/Include -I../../Drivers/CMSIS/DSP/Include -Ofast -ffunction-sections -fdata-sections -Wall -fstack-usage -fcyclomatic-complexity -MMD -MP -MF"Application/User/motorcontrol.d" -MT"Application/User/motorcontrol.o" --specs=nano.specs -mfpu=fpv4-sp-d16 -mfloat-abi=hard -mthumb -o "Application/User/motorcontrol.o"
arm-none-eabi-gcc "/Users/armaan/projects/mte380-firmware/380motorcode/Src/pico_cmd_handler.c" -mcpu=cortex-m4 -std=gnu11 -g3 -DDEBUG -DARM_MATH_CM4 -DUSE_HAL_DRIVER -DSTM32G431xx -c -I../../Inc -I../../Drivers/STM32G4xx_HAL_Driver/Inc -I../../Drivers/STM32G4xx_HAL_Driver/Inc/Legacy -I../../MCSDK_v6.4.1-Full/MotorControl/MCSDK/MCLib/Any/Inc -I../../MCSDK_v6.4.1-Full/MotorControl/MCSDK/MCLib/G4xx/Inc -I../../Drivers/CMSIS/Device/ST/STM32G4xx/Include -I../../Drivers/CMSIS/Include -I../../Drivers/CMSIS/DSP/Include -Ofast -ffunction-sections -fdata-sections -Wall -fstack-usage -fcyclomatic-complexity -MMD -MP -MF"Application/User/pico_cmd_handler.d" -MT"Application/User/pico_cmd_handler.o" --specs=nano.specs -mfpu=fpv4-sp-d16 -mfloat-abi=hard -mthumb -o "Application/User/pico_cmd_handler.o"
arm-none-eabi-gcc "/Users/armaan/projects/mte380-firmware/380motorcode/Src/pwm_common.c" -mcpu=cortex-m4 -std=gnu11 -g3 -DDEBUG -DARM_MATH_CM4 -DUSE_HAL_DRIVER -DSTM32G431xx -c -I../../Inc -I../../Drivers/STM32G4xx_HAL_Driver/Inc -I../../Drivers/STM32G4xx_HAL_Driver/Inc/Legacy -I../../MCSDK_v6.4.1-Full/MotorControl/MCSDK/MCLib/Any/Inc -I../../MCSDK_v6.4.1-Full/MotorControl/MCSDK/MCLib/G4xx/Inc -I../../Drivers/CMSIS/Device/ST/STM32G4xx/Include -I../../Drivers/CMSIS/Include -I../../Drivers/CMSIS/DSP/Include -Ofast -ffunction-sections -fdata-sections -Wall -fstack-usage -fcyclomatic-complexity -MMD -MP -MF"Application/User/pwm_common.d" -MT"Application/User/pwm_common.o" --specs=nano.specs -mfpu=fpv4-sp-d16 -mfloat-abi=hard -mthumb -o "Application/User/pwm_common.o"
arm-none-eabi-gcc "/Users/armaan/projects/mte380-firmware/380motorcode/Src/pwm_curr_fdbk.c" -mcpu=cortex-m4 -std=gnu11 -g3 -DDEBUG -DARM_MATH_CM4 -DUSE_HAL_DRIVER -DSTM32G431xx -c -I../../Inc -I../../Drivers/STM32G4xx_HAL_Driver/Inc -I../../Drivers/STM32G4xx_HAL_Driver/Inc/Legacy -I../../MCSDK_v6.4.1-Full/MotorControl/MCSDK/MCLib/Any/Inc -I../../MCSDK_v6.4.1-Full/MotorControl/MCSDK/MCLib/G4xx/Inc -I../../Drivers/CMSIS/Device/ST/STM32G4xx/Include -I../../Drivers/CMSIS/Include -I../../Drivers/CMSIS/DSP/Include -Ofast -ffunction-sections -fdata-sections -Wall -fstack-usage -fcyclomatic-complexity -MMD -MP -MF"Application/User/pwm_curr_fdbk.d" -MT"Application/User/pwm_curr_fdbk.o" --specs=nano.specs -mfpu=fpv4-sp-d16 -mfloat-abi=hard -mthumb -o "Application/User/pwm_curr_fdbk.o"
arm-none-eabi-gcc "/Users/armaan/projects/mte380-firmware/380motorcode/Src/regular_conversion_manager.c" -mcpu=cortex-m4 -std=gnu11 -g3 -DDEBUG -DARM_MATH_CM4 -DUSE_HAL_DRIVER -DSTM32G431xx -c -I../../Inc -I../../Drivers/STM32G4xx_HAL_Driver/Inc -I../../Drivers/STM32G4xx_HAL_Driver/Inc/Legacy -I../../MCSDK_v6.4.1-Full/MotorControl/MCSDK/MCLib/Any/Inc -I../../MCSDK_v6.4.1-Full/MotorControl/MCSDK/MCLib/G4xx/Inc -I../../Drivers/CMSIS/Device/ST/STM32G4xx/Include -I../../Drivers/CMSIS/Include -I../../Drivers/CMSIS/DSP/Include -Ofast -ffunction-sections -fdata-sections -Wall -fstack-usage -fcyclomatic-complexity -MMD -MP -MF"Application/User/regular_conversion_manager.d" -MT"Application/User/regular_conversion_manager.o" --specs=nano.specs -mfpu=fpv4-sp-d16 -mfloat-abi=hard -mthumb -o "Application/User/regular_conversion_manager.o"
arm-none-eabi-gcc "/Users/armaan/projects/mte380-firmware/380motorcode/Src/speed_torq_ctrl.c" -mcpu=cortex-m4 -std=gnu11 -g3 -DDEBUG -DARM_MATH_CM4 -DUSE_HAL_DRIVER -DSTM32G431xx -c -I../../Inc -I../../Drivers/STM32G4xx_HAL_Driver/Inc -I../../Drivers/STM32G4xx_HAL_Driver/Inc/Legacy -I../../MCSDK_v6.4.1-Full/MotorControl/MCSDK/MCLib/Any/Inc -I../../MCSDK_v6.4.1-Full/MotorControl/MCSDK/MCLib/G4xx/Inc -I../../Drivers/CMSIS/Device/ST/STM32G4xx/Include -I../../Drivers/CMSIS/Include -I../../Drivers/CMSIS/DSP/Include -Ofast -ffunction-sections -fdata-sections -Wall -fstack-usage -fcyclomatic-complexity -MMD -MP -MF"Application/User/speed_torq_ctrl.d" -MT"Application/User/speed_torq_ctrl.o" --specs=nano.specs -mfpu=fpv4-sp-d16 -mfloat-abi=hard -mthumb -o "Application/User/speed_torq_ctrl.o"
arm-none-eabi-gcc "/Users/armaan/projects/mte380-firmware/380motorcode/Src/stm32_mc_common_it.c" -mcpu=cortex-m4 -std=gnu11 -g3 -DDEBUG -DARM_MATH_CM4 -DUSE_HAL_DRIVER -DSTM32G431xx -c -I../../Inc -I../../Drivers/STM32G4xx_HAL_Driver/Inc -I../../Drivers/STM32G4xx_HAL_Driver/Inc/Legacy -I../../MCSDK_v6.4.1-Full/MotorControl/MCSDK/MCLib/Any/Inc -I../../MCSDK_v6.4.1-Full/MotorControl/MCSDK/MCLib/G4xx/Inc -I../../Drivers/CMSIS/Device/ST/STM32G4xx/Include -I../../Drivers/CMSIS/Include -I../../Drivers/CMSIS/DSP/Include -Ofast -ffunction-sections -fdata-sections -Wall -fstack-usage -fcyclomatic-complexity -MMD -MP -MF"Application/User/stm32_mc_common_it.d" -MT"Application/User/stm32_mc_common_it.o" --specs=nano.specs -mfpu=fpv4-sp-d16 -mfloat-abi=hard -mthumb -o "Application/User/stm32_mc_common_it.o"
arm-none-eabi-gcc "/Users/armaan/projects/mte380-firmware/380motorcode/Src/stm32g4xx_hal_msp.c" -mcpu=cortex-m4 -std=gnu11 -g3 -DDEBUG -DARM_MATH_CM4 -DUSE_HAL_DRIVER -DSTM32G431xx -c -I../../Inc -I../../Drivers/STM32G4xx_HAL_Driver/Inc -I../../Drivers/STM32G4xx_HAL_Driver/Inc/Legacy -I../../MCSDK_v6.4.1-Full/MotorControl/MCSDK/MCLib/Any/Inc -I../../MCSDK_v6.4.1-Full/MotorControl/MCSDK/MCLib/G4xx/Inc -I../../Drivers/CMSIS/Device/ST/STM32G4xx/Include -I../../Drivers/CMSIS/Include -I../../Drivers/CMSIS/DSP/Include -Ofast -ffunction-sections -fdata-sections -Wall -fstack-usage -fcyclomatic-complexity -MMD -MP -MF"Application/User/stm32g4xx_hal_msp.d" -MT"Application/User/stm32g4xx_hal_msp.o" --specs=nano.specs -mfpu=fpv4-sp-d16 -mfloat-abi=hard -mthumb -o "Application/User/stm32g4xx_hal_msp.o"
arm-none-eabi-gcc "/Users/armaan/projects/mte380-firmware/380motorcode/Src/stm32g4xx_it.c" -mcpu=cortex-m4 -std=gnu11 -g3 -DDEBUG -DARM_MATH_CM4 -DUSE_HAL_DRIVER -DSTM32G431xx -c -I../../Inc -I../../Drivers/STM32G4xx_HAL_Driver/Inc -I../../Drivers/STM32G4xx_HAL_Driver/Inc/Legacy -I../../MCSDK_v6.4.1-Full/MotorControl/MCSDK/MCLib/Any/Inc -I../../MCSDK_v6.4.1-Full/MotorControl/MCSDK/MCLib/G4xx/Inc -I../../Drivers/CMSIS/Device/ST/STM32G4xx/Include -I../../Drivers/CMSIS/Include -I../../Drivers/CMSIS/DSP/Include -Ofast -ffunction-sections -fdata-sections -Wall -fstack-usage -fcyclomatic-complexity -MMD -MP -MF"Application/User/stm32g4xx_it.d" -MT"Application/User/stm32g4xx_it.o" --specs=nano.specs -mfpu=fpv4-sp-d16 -mfloat-abi=hard -mthumb -o "Application/User/stm32g4xx_it.o"
arm-none-eabi-gcc "/Users/armaan/projects/mte380-firmware/380motorcode/Src/stm32g4xx_mc_it.c" -mcpu=cortex-m4 -std=gnu11 -g3 -DDEBUG -DARM_MATH_CM4 -DUSE_HAL_DRIVER -DSTM32G431xx -c -I../../Inc -I../../Drivers/STM32G4xx_HAL_Driver/Inc -I../../Drivers/STM32G4xx_HAL_Driver/Inc/Legacy -I../../MCSDK_v6.4.1-Full/MotorControl/MCSDK/MCLib/Any/Inc -I../../MCSDK_v6.4.1-Full/MotorControl/MCSDK/MCLib/G4xx/Inc -I../../Drivers/CMSIS/Device/ST/STM32G4xx/Include -I../../Drivers/CMSIS/Include -I../../Drivers/CMSIS/DSP/Include -Ofast -ffunction-sections -fdata-sections -Wall -fstack-usage -fcyclomatic-complexity -MMD -MP -MF"Application/User/stm32g4xx_mc_it.d" -MT"Application/User/stm32g4xx_mc_it.o" --specs=nano.specs -mfpu=fpv4-sp-d16 -mfloat-abi=hard -mthumb -o "Application/User/stm32g4xx_mc_it.o"
arm-none-eabi-gcc "/Users/armaan/projects/mte380-firmware/380motorcode/Src/sync_registers.c" -mcpu=cortex-m4 -std=gnu11 -g3 -DDEBUG -DARM_MATH_CM4 -DUSE_HAL_DRIVER -DSTM32G431xx -c -I../../Inc -I../../Drivers/STM32G4xx_HAL_Driver/Inc -I../../Drivers/STM32G4xx_HAL_Driver/Inc/Legacy -I../../MCSDK_v6.4.1-Full/MotorControl/MCSDK/MCLib/Any/Inc -I../../MCSDK_v6.4.1-Full/MotorControl/MCSDK/MCLib/G4xx/Inc -I../../Drivers/CMSIS/Device/ST/STM32G4xx/Include -I../../Drivers/CMSIS/Include -I../../Drivers/CMSIS/DSP/Include -Ofast -ffunction-sections -fdata-sections -Wall -fstack-usage -fcyclomatic-complexity -MMD -MP -MF"Application/User/sync_registers.d" -MT"Application/User/sync_registers.o" --specs=nano.specs -mfpu=fpv4-sp-d16 -mfloat-abi=hard -mthumb -o "Application/User/sync_registers.o"
arm-none-eabi-gcc "../Application/User/syscalls.c" -mcpu=cortex-m4 -std=gnu11 -g3 -DDEBUG -DARM_MATH_CM4 -DUSE_HAL_DRIVER -DSTM32G431xx -c -I../../Inc -I../../Drivers/STM32G4xx_HAL_Driver/Inc -I../../Drivers/STM32G4xx_HAL_Driver/Inc/Legacy -I../../MCSDK_v6.4.1-Full/MotorControl/MCSDK/MCLib/Any/Inc -I../../MCSDK_v6.4.1-Full/MotorControl/MCSDK/MCLib/G4xx/Inc -I../../Drivers/CMSIS/Device/ST/STM32G4xx/Include -I../../Drivers/CMSIS/Include -I../../Drivers/CMSIS/DSP/Include -Ofast -ffunction-sections -fdata-sections -Wall -fstack-usage -fcyclomatic-complexity -MMD -MP -MF"Application/User/syscalls.d" -MT"Application/User/syscalls.o" --specs=nano.specs -mfpu=fpv4-sp-d16 -mfloat-abi=hard -mthumb -o "Application/User/syscalls.o"
arm-none-eabi-gcc "../Application/User/sysmem.c" -mcpu=cortex-m4 -std=gnu11 -g3 -DDEBUG -DARM_MATH_CM4 -DUSE_HAL_DRIVER -DSTM32G431xx -c -I../../Inc -I../../Drivers/STM32G4xx_HAL_Driver/Inc -I../../Drivers/STM32G4xx_HAL_Driver/Inc/Legacy -I../../MCSDK_v6.4.1-Full/MotorControl/MCSDK/MCLib/Any/Inc -I../../MCSDK_v6.4.1-Full/MotorControl/MCSDK/MCLib/G4xx/Inc -I../../Drivers/CMSIS/Device/ST/STM32G4xx/Include -I../../Drivers/CMSIS/Include -I../../Drivers/CMSIS/DSP/Include -Ofast -ffunction-sections -fdata-sections -Wall -fstack-usage -fcyclomatic-complexity -MMD -MP -MF"Application/User/sysmem.d" -MT"Application/User/sysmem.o" --specs=nano.specs -mfpu=fpv4-sp-d16 -mfloat-abi=hard -mthumb -o "Application/User/sysmem.o"
arm-none-eabi-gcc "/Users/armaan/projects/mte380-firmware/380motorcode/Src/usart_aspep_driver.c" -mcpu=cortex-m4 -std=gnu11 -g3 -DDEBUG -DARM_MATH_CM4 -DUSE_HAL_DRIVER -DSTM32G431xx -c -I../../Inc -I../../Drivers/STM32G4xx_HAL_Driver/Inc -I../../Drivers/STM32G4xx_HAL_Driver/Inc/Legacy -I../../MCSDK_v6.4.1-Full/MotorControl/MCSDK/MCLib/Any/Inc -I../../MCSDK_v6.4.1-Full/MotorControl/MCSDK/MCLib/G4xx/Inc -I../../Drivers/CMSIS/Device/ST/STM32G4xx/Include -I../../Drivers/CMSIS/Include -I../../Drivers/CMSIS/DSP/Include -Ofast -ffunction-sections -fdata-sections -Wall -fstack-usage -fcyclomatic-complexity -MMD -MP -MF"Application/User/usart_aspep_driver.d" -MT"Application/User/usart_aspep_driver.o" --specs=nano.specs -mfpu=fpv4-sp-d16 -mfloat-abi=hard -mthumb -o "Application/User/usart_aspep_driver.o"
arm-none-eabi-gcc -mcpu=cortex-m4 -g3 -DDEBUG -c -x assembler-with-cpp -MMD -MP -MF"Application/Startup/startup_stm32g431cbux.d" -MT"Application/Startup/startup_stm32g431cbux.o" --specs=nano.specs -mfpu=fpv4-sp-d16 -mfloat-abi=hard -mthumb -o "Application/Startup/startup_stm32g431cbux.o" "../Application/Startup/startup_stm32g431cbux.s"
arm-none-eabi-gcc -o "STM32CubeIDE.elf" @"objects.list"   -mcpu=cortex-m4 -T"/Users/armaan/projects/mte380-firmware/380motorcode/STM32CubeIDE/STM32G431CBUX_FLASH.ld" --specs=nosys.specs -Wl,-Map="STM32CubeIDE.map" -Wl,--gc-sections -static --specs=nano.specs -mfpu=fpv4-sp-d16 -mfloat-abi=hard -mthumb -Wl,--start-group -lc -lm -Wl,--end-group
Finished building target: STM32CubeIDE.elf
 
arm-none-eabi-size  STM32CubeIDE.elf 
arm-none-eabi-objdump -h -S STM32CubeIDE.elf  > "STM32CubeIDE.list"
   text	   data	    bss	    dec	    hex	filename
  32628	   1228	   7380	  41236	   a114	STM32CubeIDE.elf
Finished building: default.size.stdout
 
Finished building: STM32CubeIDE.list
 
14:42:20 **** Incremental Build of configuration Debug for project STM32CubeIDE ****
make -j13 all 
arm-none-eabi-size  STM32CubeIDE.elf 
   text	   data	    bss	    dec	    hex	filename
  32628	   1228	   7380	  41236	   a114	STM32CubeIDE.elf
Finished building: default.size.stdout
 
